Component: ARM Compiler 5.06 update 4 (build 422) Tool: armlink [4d35d2]

==============================================================================

Section Cross References

    main.o(i.BTIMER_DEMO_OUT_GPIO_init) refers to fm33a0xx_rcc.o(i.RCC_PERCLK_SetableEx) for RCC_PERCLK_SetableEx
    main.o(i.BTIMER_DEMO_OUT_GPIO_init) refers to user_init.o(i.AltFunIO) for AltFunIO
    main.o(i.BTIMER_PWM_DEMO_init) refers to fm33a0xx_rcc.o(i.RCC_PERCLK_SetableEx) for RCC_PERCLK_SetableEx
    main.o(i.BTIMER_PWM_DEMO_init) refers to main.o(i.BTIMER_DEMO_OUT_GPIO_init) for BTIMER_DEMO_OUT_GPIO_init
    main.o(i.BTIMER_PWM_DEMO_init) refers to fm33a0xx_btim.o(i.BTIMx_Init) for BTIMx_Init
    main.o(i.BTIMER_PWM_DEMO_init) refers to main.o(.bss) for adjustment_para
    main.o(i.BTIMER_PWM_DEMO_start) refers to fm33a0xx_btim.o(i.BTIMx_BTCR1_PWM_Setable) for BTIMx_BTCR1_PWM_Setable
    main.o(i.BTIMER_PWM_DEMO_start) refers to fm33a0xx_btim.o(i.BTIMx_BTCR1_CHEN_Setable) for BTIMx_BTCR1_CHEN_Setable
    main.o(i.BTIMER_PWM_DEMO_start) refers to fm33a0xx_btim.o(i.BTIMx_BTCR1_CLEN_Setable) for BTIMx_BTCR1_CLEN_Setable
    main.o(i.BTIMER_PWM_DEMO_stop) refers to fm33a0xx_btim.o(i.BTIMx_BTCR1_PWM_Setable) for BTIMx_BTCR1_PWM_Setable
    main.o(i.BTIMER_PWM_DEMO_stop) refers to fm33a0xx_btim.o(i.BTIMx_BTCR1_CHEN_Setable) for BTIMx_BTCR1_CHEN_Setable
    main.o(i.BTIMER_PWM_DEMO_stop) refers to fm33a0xx_btim.o(i.BTIMx_BTCR1_CLEN_Setable) for BTIMx_BTCR1_CLEN_Setable
    main.o(i.Run_ADC) refers to adc.o(i.Test_ADC_Temperature) for Test_ADC_Temperature
    main.o(i.Run_ADC) refers to adc.o(i.Test_ADC_ExVolt) for Test_ADC_ExVolt
    main.o(i.Run_ADC) refers to ffixui.o(.text) for __aeabi_f2uiz
    main.o(i.Run_ADC) refers to aeabi_sdiv.o(.text) for __aeabi_uidivmod
    main.o(i.Run_ADC) refers to adc.o(i.Test_ADC_ExVolt2) for Test_ADC_ExVolt2
    main.o(i.Run_ADC) refers to dflti.o(.text) for __aeabi_ui2d
    main.o(i.Run_ADC) refers to ddiv.o(.text) for __aeabi_ddiv
    main.o(i.Run_ADC) refers to dfixui.o(.text) for __aeabi_d2uiz
    main.o(i.Run_ADC) refers to fm33a0xx_btim.o(i.BTIMx_Init) for BTIMx_Init
    main.o(i.Run_ADC) refers to main.o(i.BTIMER_PWM_DEMO_start) for BTIMER_PWM_DEMO_start
    main.o(i.Run_ADC) refers to fm33a0xx_gpio.o(i.GPIO_ResetBits) for GPIO_ResetBits
    main.o(i.Run_ADC) refers to fm33a0xx_gpio.o(i.GPIO_SetBits) for GPIO_SetBits
    main.o(i.Run_ADC) refers to daddsub.o(.text) for __aeabi_drsub
    main.o(i.Run_ADC) refers to main.o(.data) for Run_ADC_Process
    main.o(i.Run_ADC) refers to adc.o(.data) for SetTemperature
    main.o(i.Run_ADC) refers to disp.o(.data) for Disp_page
    main.o(i.Run_ADC) refers to main.o(.bss) for adjustment_para
    main.o(i.Run_DISPLAY) refers to disp.o(i.Lcd_Display) for Lcd_Display
    main.o(i.Run_DISPLAY) refers to main.o(.data) for Run_Display_Process
    main.o(i.Run_KEY) refers to fm33a0xx_gpio.o(i.GPIO_ReadInputDataBit) for GPIO_ReadInputDataBit
    main.o(i.Run_KEY) refers to user_init.o(i.TicksDelayMs) for TicksDelayMs
    main.o(i.Run_KEY) refers to main.o(.data) for Run_Key_Process
    main.o(i.Run_KEY) refers to disp.o(.data) for Disp_page
    main.o(i.Run_LED) refers to fm33a0xx_gpio.o(i.GPIO_ToggleBits) for GPIO_ToggleBits
    main.o(i.Run_LED) refers to main.o(.data) for Run_LED_Process
    main.o(i.Test_Etimx) refers to fm33a0xx_rcc.o(i.RCC_PERCLK_SetableEx) for RCC_PERCLK_SetableEx
    main.o(i.Test_Etimx) refers to main.o(i.NVIC_DisableIRQ) for NVIC_DisableIRQ
    main.o(i.Test_Etimx) refers to main.o(i.NVIC_SetPriority) for NVIC_SetPriority
    main.o(i.Test_Etimx) refers to main.o(i.NVIC_EnableIRQ) for NVIC_EnableIRQ
    main.o(i.Test_Etimx) refers to fm33a0xx_etim.o(i.ETIMx_Init) for ETIMx_Init
    main.o(i.Test_Etimx) refers to fm33a0xx_etim.o(i.ETIMx_ETxCR_CEN_Setable) for ETIMx_ETxCR_CEN_Setable
    main.o(i.Test_GPIO_InPut) refers to fm33a0xx_rcc.o(i.RCC_PERCLK_SetableEx) for RCC_PERCLK_SetableEx
    main.o(i.Test_GPIO_InPut) refers to user_init.o(i.InputtIO) for InputtIO
    main.o(i.main) refers to user_init.o(i.Init_System) for Init_System
    main.o(i.main) refers to main.o(i.BTIMER_PWM_DEMO_init) for BTIMER_PWM_DEMO_init
    main.o(i.main) refers to main.o(i.BTIMER_PWM_DEMO_start) for BTIMER_PWM_DEMO_start
    main.o(i.main) refers to main.o(i.Test_Etimx) for Test_Etimx
    main.o(i.main) refers to main.o(i.Test_GPIO_InPut) for Test_GPIO_InPut
    main.o(i.main) refers to adc.o(i.Test_ADC_ExVolt) for Test_ADC_ExVolt
    main.o(i.main) refers to adc.o(i.Test_ADC_Temperature) for Test_ADC_Temperature
    main.o(i.main) refers to disp.o(i.initLCDM) for initLCDM
    main.o(i.main) refers to rt_memclr.o(.text) for __aeabi_memclr
    main.o(i.main) refers to disp.o(i.LCD_Fulldisplay) for LCD_Fulldisplay
    main.o(i.main) refers to disp.o(i.LCD_on) for LCD_on
    main.o(i.main) refers to main.o(i.Run_LED) for Run_LED
    main.o(i.main) refers to main.o(i.Run_KEY) for Run_KEY
[...]
    i.GPIO_ANASEL_PC15ANS_Set                0x000027ec   Section        0  fm33a0xx_gpio.o(i.GPIO_ANASEL_PC15ANS_Set)
    i.GPIO_ANASEL_PE3ANS_Set                 0x0000280c   Section        0  fm33a0xx_gpio.o(i.GPIO_ANASEL_PE3ANS_Set)
    i.GPIO_ANASEL_PE4ANS_Set                 0x0000282c   Section        0  fm33a0xx_gpio.o(i.GPIO_ANASEL_PE4ANS_Set)
    i.GPIO_FOUTSEL_FOUTSEL_Set               0x0000284c   Section        0  fm33a0xx_gpio.o(i.GPIO_FOUTSEL_FOUTSEL_Set)
    i.GPIO_Get_InitPara                      0x00002868   Section        0  fm33a0xx_gpio.o(i.GPIO_Get_InitPara)
    i.GPIO_HDSEL_PE2HDEN_Setable             0x000028fc   Section        0  fm33a0xx_gpio.o(i.GPIO_HDSEL_PE2HDEN_Setable)
    i.GPIO_HDSEL_PG6HDEN_Setable             0x00002920   Section        0  fm33a0xx_gpio.o(i.GPIO_HDSEL_PG6HDEN_Setable)
    i.GPIO_IODF_SetableEx                    0x00002944   Section        0  fm33a0xx_gpio.o(i.GPIO_IODF_SetableEx)
    i.GPIO_Init                              0x0000296c   Section        0  fm33a0xx_gpio.o(i.GPIO_Init)
    i.GPIO_PINWKEN_SetableEx                 0x000029e0   Section        0  fm33a0xx_gpio.o(i.GPIO_PINWKEN_SetableEx)
    i.GPIO_ReadInputDataBit                  0x00002a00   Section        0  fm33a0xx_gpio.o(i.GPIO_ReadInputDataBit)
    i.GPIO_ResetBits                         0x00002a14   Section        0  fm33a0xx_gpio.o(i.GPIO_ResetBits)
    i.GPIO_SetBits                           0x00002a18   Section        0  fm33a0xx_gpio.o(i.GPIO_SetBits)
    i.GPIO_ToggleBits                        0x00002a1c   Section        0  fm33a0xx_gpio.o(i.GPIO_ToggleBits)
    i.GPIOx_DO_Write                         0x00002a2c   Section        0  fm33a0xx_gpio.o(i.GPIOx_DO_Write)
    i.IO_AnalogFunSet                        0x00002a32   Section        0  user_init.o(i.IO_AnalogFunSet)
    i.IO_DFFunSet                            0x00002a5a   Section        0  user_init.o(i.IO_DFFunSet)
    i.IO_WKENFunSet                          0x00002b1e   Section        0  user_init.o(i.IO_WKENFunSet)
    i.IWDT_Clr                               0x00002b64   Section        0  fm33a0xx_iwdt.o(i.IWDT_Clr)
    i.IWDT_IWDTCFG_IWDTOVP_Set               0x00002b74   Section        0  fm33a0xx_iwdt.o(i.IWDT_IWDTCFG_IWDTOVP_Set)
    i.IWDT_IWDTCFG_IWDTSLP4096S_Setable      0x00002b90   Section        0  fm33a0xx_iwdt.o(i.IWDT_IWDTCFG_IWDTSLP4096S_Setable)
    i.IWDT_Init                              0x00002bb4   Section        0  user_init.o(i.IWDT_Init)
    i.Init_IO                                0x00002bd4   Section        0  user_init.o(i.Init_IO)
    i.Init_PLL                               0x00002c70   Section        0  user_init.o(i.Init_PLL)
    i.Init_Pad_Io                            0x00002c90   Section        0  user_init.o(i.Init_Pad_Io)
    i.Init_RCC_PERIPH_clk                    0x00002cdc   Section        0  user_init.o(i.Init_RCC_PERIPH_clk)
    i.Init_SysClk                            0x00002e74   Section        0  user_init.o(i.Init_SysClk)
    i.Init_SysClk_Gen                        0x00002ea4   Section        0  user_init.o(i.Init_SysClk_Gen)
    i.Init_SysTick                           0x00002ed4   Section        0  user_init.o(i.Init_SysTick)
    i.Init_System                            0x00002f0c   Section        0  user_init.o(i.Init_System)
    i.InputtIO                               0x00002f4e   Section        0  user_init.o(i.InputtIO)
    i.LCD_Fulldisplay                        0x00002fc4   Section        0  disp.o(i.LCD_Fulldisplay)
    i.LCD_clear                              0x000031b4   Section        0  disp.o(i.LCD_clear)
    i.LCD_on                                 0x0000320c   Section        0  disp.o(i.LCD_on)
    i.Lcd_Display                            0x00003218   Section        0  disp.o(i.Lcd_Display)
    i.LoadPic                                0x000035c8   Section        0  disp.o(i.LoadPic)
    i.LoadSymbol                             0x00003664   Section        0  disp.o(i.LoadSymbol)
    i.Lprint_hz12                            0x000036d8   Section        0  disp.o(i.Lprint_hz12)
    i.Lprint_hz14                            0x000037c0   Section        0  disp.o(i.Lprint_hz14)
    i.NVIC_DisableIRQ                        0x00003810   Section        0  main.o(i.NVIC_DisableIRQ)
    NVIC_DisableIRQ                          0x00003811   Thumb Code    18  main.o(i.NVIC_DisableIRQ)
    i.NVIC_EnableIRQ                         0x00003828   Section        0  main.o(i.NVIC_EnableIRQ)
    NVIC_EnableIRQ                           0x00003829   Thumb Code    18  main.o(i.NVIC_EnableIRQ)
    i.NVIC_SetPriority                       0x00003840   Section        0  main.o(i.NVIC_SetPriority)
    NVIC_SetPriority                         0x00003841   Thumb Code   110  main.o(i.NVIC_SetPriority)
    i.NVIC_SetPriority                       0x000038b8   Section        0  user_init.o(i.NVIC_SetPriority)
    NVIC_SetPriority                         0x000038b9   Thumb Code   110  user_init.o(i.NVIC_SetPriority)
    i.OutputIO                               0x00003930   Section        0  user_init.o(i.OutputIO)
    i.RCC_Init_RCHF_Trim                     0x000039a4   Section        0  fm33a0xx_rcc.o(i.RCC_Init_RCHF_Trim)
    i.RCC_MPRIL_MPRIL_Set                    0x000039fc   Section        0  fm33a0xx_rcc.o(i.RCC_MPRIL_MPRIL_Set)
    i.RCC_PERCLKCON2_ADCCKSEL_Set            0x00003a18   Section        0  fm33a0xx_rcc.o(i.RCC_PERCLKCON2_ADCCKSEL_Set)
    i.RCC_PERCLK_SetableEx                   0x00003a38   Section        0  fm33a0xx_rcc.o(i.RCC_PERCLK_SetableEx)
    i.RCC_PLLCON_PLLDB_Set                   0x00003aa0   Section        0  fm33a0xx_rcc.o(i.RCC_PLLCON_PLLDB_Set)
    i.RCC_PLLCON_PLLEN_Setable               0x00003ac0   Section        0  fm33a0xx_rcc.o(i.RCC_PLLCON_PLLEN_Setable)
    i.RCC_PLLCON_PLLINSEL_Set                0x00003ae4   Section        0  fm33a0xx_rcc.o(i.RCC_PLLCON_PLLINSEL_Set)
    i.RCC_PLLCON_PLLOSEL_Set                 0x00003b04   Section        0  fm33a0xx_rcc.o(i.RCC_PLLCON_PLLOSEL_Set)
    i.RCC_PLLDB_WriteEx                      0x00003b24   Section        0  fm33a0xx_rcc.o(i.RCC_PLLDB_WriteEx)
    i.RCC_PLL_Init                           0x00003b30   Section        0  fm33a0xx_rcc.o(i.RCC_PLL_Init)
    i.RCC_RCHFCON_FSEL_Set                   0x00003b50   Section        0  fm33a0xx_rcc.o(i.RCC_RCHFCON_FSEL_Set)
    i.RCC_RCHFCON_RCHFEN_Setable             0x00003b70   Section        0  fm33a0xx_rcc.o(i.RCC_RCHFCON_RCHFEN_Setable)
    i.RCC_RCHFTRIM_Write                     0x00003b94   Section        0  fm33a0xx_rcc.o(i.RCC_RCHFTRIM_Write)
    i.RCC_RCHF_Init                          0x00003ba4   Section        0  fm33a0xx_rcc.o(i.RCC_RCHF_Init)
    i.RCC_SYSCLKSEL_AHBPRES_Set              0x00003bb8   Section        0  fm33a0xx_rcc.o(i.RCC_SYSCLKSEL_AHBPRES_Set)
    i.RCC_SYSCLKSEL_APBPRES_Set              0x00003bd8   Section        0  fm33a0xx_rcc.o(i.RCC_SYSCLKSEL_APBPRES_Set)
    i.RCC_SYSCLKSEL_EXTICKSEL_Set            0x00003bf8   Section        0  fm33a0xx_rcc.o(i.RCC_SYSCLKSEL_EXTICKSEL_Set)
    i.RCC_SYSCLKSEL_LPM_RCLP_OFF_Setable     0x00003c18   Section        0  fm33a0xx_rcc.o(i.RCC_SYSCLKSEL_LPM_RCLP_OFF_Setable)
    i.RCC_SYSCLKSEL_SLP_ENEXTI_Setable       0x00003c3c   Section        0  fm33a0xx_rcc.o(i.RCC_SYSCLKSEL_SLP_ENEXTI_Setable)
    i.RCC_SYSCLKSEL_SYSCLKSEL_Set            0x00003c64   Section        0  fm33a0xx_rcc.o(i.RCC_SYSCLKSEL_SYSCLKSEL_Set)
    i.RCC_SysClk_Init                        0x00003c80   Section        0  fm33a0xx_rcc.o(i.RCC_SysClk_Init)
    i.Run_ADC                                0x00003cac   Section        0  main.o(i.Run_ADC)
    i.Run_DISPLAY                            0x00003e2c   Section        0  main.o(i.Run_DISPLAY)
    i.Run_KEY                                0x00003e48   Section        0  main.o(i.Run_KEY)
    i.Run_LED                                0x00003f68   Section        0  main.o(i.Run_LED)
    i.SCU_Init                               0x00003f8c   Section        0  user_init.o(i.SCU_Init)
    i.SCU_MCUDBGCR_DBG_BT1_STOP_Setable      0x00003fd2   Section        0  fm33a0xx_scu.o(i.SCU_MCUDBGCR_DBG_BT1_STOP_Setable)
    i.SCU_MCUDBGCR_DBG_BT2_STOP_Setable      0x00003ff6   Section        0  fm33a0xx_scu.o(i.SCU_MCUDBGCR_DBG_BT2_STOP_Setable)
    i.SCU_MCUDBGCR_DBG_ET1_STOP_Setable      0x0000401a   Section        0  fm33a0xx_scu.o(i.SCU_MCUDBGCR_DBG_ET1_STOP_Setable)
    i.SCU_MCUDBGCR_DBG_ET2_STOP_Setable      0x0000403e   Section        0  fm33a0xx_scu.o(i.SCU_MCUDBGCR_DBG_ET2_STOP_Setable)
    i.SCU_MCUDBGCR_DBG_ET3_STOP_Setable      0x00004062   Section        0  fm33a0xx_scu.o(i.SCU_MCUDBGCR_DBG_ET3_STOP_Setable)
    i.SCU_MCUDBGCR_DBG_ET4_STOP_Setable      0x00004086   Section        0  fm33a0xx_scu.o(i.SCU_MCUDBGCR_DBG_ET4_STOP_Setable)
    i.SCU_MCUDBGCR_DBG_IWDT_STOP_Setable     0x000040aa   Section        0  fm33a0xx_scu.o(i.SCU_MCUDBGCR_DBG_IWDT_STOP_Setable)
    i.SCU_MCUDBGCR_DBG_WWDT_STOP_Setable     0x000040ce   Section        0  fm33a0xx_scu.o(i.SCU_MCUDBGCR_DBG_WWDT_STOP_Setable)
    i.SdCmd                                  0x000040f0   Section        0  disp.o(i.SdCmd)
    i.SdData                                 0x00004164   Section        0  disp.o(i.SdData)
    i.SystemInit                             0x000041d0   Section        0  system_fm33a0xx.o(i.SystemInit)
    i.Test_ADC_ExVolt                        0x000041e0   Section        0  adc.o(i.Test_ADC_ExVolt)
    i.Test_ADC_ExVolt2                       0x00004290   Section        0  adc.o(i.Test_ADC_ExVolt2)
    i.Test_ADC_Temperature                   0x00004340   Section        0  adc.o(i.Test_ADC_Temperature)
    i.Test_Etimx                             0x000043d8   Section        0  main.o(i.Test_Etimx)
    i.Test_GPIO_InPut                        0x00004500   Section        0  main.o(i.Test_GPIO_InPut)
    i.TicksDelay                             0x0000452c   Section        0  user_init.o(i.TicksDelay)
    i.TicksDelayMs                           0x00004554   Section        0  user_init.o(i.TicksDelayMs)
    i.TicksDelayUs                           0x0000457c   Section        0  user_init.o(i.TicksDelayUs)
    i.__ARM_common_switch8                   0x00004598   Section        0  disp.o(i.__ARM_common_switch8)
    i.bcd_to_hex                             0x000045b4   Section        0  disp.o(i.bcd_to_hex)
    i.dis_asc36                              0x000045c8   Section        0  disp.o(i.dis_asc36)
    i.hex2dec                                0x00004804   Section        0  disp.o(i.hex2dec)
    i.hz_seek12                              0x00004970   Section        0  disp.o(i.hz_seek12)
    i.hz_seek14                              0x000049ac   Section        0  disp.o(i.hz_seek14)
    i.initLCDM                               0x000049e8   Section        0  disp.o(i.initLCDM)
    i.main                                   0x00004bdc   Section        0  main.o(i.main)
    i.show_asc36                             0x00004c68   Section        0  disp.o(i.show_asc36)
    i.show_china12                           0x00004e24   Section        0  disp.o(i.show_china12)
    i.show_china14                           0x00004e5a   Section        0  disp.o(i.show_china14)
    x$fpl$fadd                               0x00004e94   Section      140  faddsub.o(x$fpl$fadd)
    _fadd1                                   0x00004ea1   Thumb Code     0  faddsub.o(x$fpl$fadd)
    x$fpl$fleqf                              0x00004f20   Section       84  flef.o(x$fpl$fleqf)
    x$fpl$fmul                               0x00004f74   Section      176  fmul.o(x$fpl$fmul)
    x$fpl$fsub                               0x00005024   Section      208  faddsub.o(x$fpl$fsub)
    _fsub1                                   0x00005031   Thumb Code     0  faddsub.o(x$fpl$fsub)
    .constdata                               0x000050f4   Section      128  ddiv.o(.constdata)
    x$fpl$usenofp                            0x000050f4   Section        0  usenofp.o(x$fpl$usenofp)
    ddiv_reciptbl                            0x000050f4   Data         128  ddiv.o(.constdata)
    .constdata                               0x00005174   Section       64  fdiv.o(.constdata)
    fdiv_tab                                 0x00005174   Data          64  fdiv.o(.constdata)
    .data                                    0x20000000   Section       10  main.o(.data)
    .data                                    0x2000000c   Section       24  adc.o(.data)
    .data                                    0x20000024   Section     4502  disp.o(.data)
    .data                                    0x200011bc   Section        4  system_fm33a0xx.o(.data)
    .bss                                     0x200011c0   Section      116  main.o(.bss)
    .bss                                     0x20001234   Section     1632  disp.o(.bss)
    .bss                                     0x20001894   Section       96  libspace.o(.bss)
    HEAP                                     0x200018f8   Section      512  startup_fm33a0xx.o(HEAP)
    Heap_Mem                                 0x200018f8   Data         512  startup_fm33a0xx.o(HEAP)
    STACK                                    0x20001af8   Section     4096  startup_fm33a0xx.o(STACK)
    Stack_Mem                                0x20001af8   Data        4096  startup_fm33a0xx.o(STACK)
    __initial_sp                             0x20002af8   Data           0  startup_fm33a0xx.o(STACK)

    Global Symbols

    Symbol Name                              Value     Ov Type        Size  Object(Section)

    BuildAttributes$$THM_ISAv3M$S$PE$A:L22$X:L11$S22$IEEE1$IW$USESV6$~STKCKD$USESV7$~SHL$OSPACE$ROPI$EBA8$UX$STANDARDLIB$REQ8$PRES8$EABIv2 0x00000000   Number         0  anon$$obj.o ABSOLUTE
    __ARM_use_no_argv                        0x00000000   Number         0  main.o ABSOLUTE
    __Vectors                                0x00000000   Data           4  startup_fm33a0xx.o(RESET)
    __ARM_exceptions_init                     - Undefined Weak Reference
    __alloca_initialize                       - Undefined Weak Reference
    __arm_preinit_                            - Undefined Weak Reference
    __cpp_initialize__aeabi_                  - Undefined Weak Reference
    __cxa_finalize                            - Undefined Weak Reference
    __rt_locale                               - Undefined Weak Reference
    __sigvec_lookup                           - Undefined Weak Reference
    _atexit_init                              - Undefined Weak Reference
    _call_atexit_fns                          - Undefined Weak Reference
    _clock_init                               - Undefined Weak Reference
    _fp_trap_init                             - Undefined Weak Reference
    _fp_trap_shutdown                         - Undefined Weak Reference
    _get_lc_collate                           - Undefined Weak Reference
    _get_lc_ctype                             - Undefined Weak Reference
    _get_lc_monetary                          - Undefined Weak Reference
    _get_lc_numeric                           - Undefined Weak Reference
    _get_lc_time                              - Undefined Weak Reference
    _getenv_init                              - Undefined Weak Reference
    _handle_redirection                       - Undefined Weak Reference
    _init_alloc                               - Undefined Weak Reference
    _init_user_alloc                          - Undefined Weak Reference
    _initio                                   - Undefined Weak Reference
    _rand_init                                - Undefined Weak Reference
    _signal_finish                            - Undefined Weak Reference
    _signal_init                              - Undefined Weak Reference
    _terminate_alloc                          - Undefined Weak Reference
    _terminate_user_alloc                     - Undefined Weak Reference
    _terminateio                              - Undefined Weak Reference
    __Vectors_End                            0x000000c0   Data           0  startup_fm33a0xx.o(RESET)
    __Vectors_Size                           0x000000c0   Number         0  startup_fm33a0xx.o ABSOLUTE
    __main                                   0x000000c1   Thumb Code     8  __main.o(!!!main)
    __scatterload                            0x000000c9   Thumb Code     0  __scatter.o(!!!scatter)
    __scatterload_rt2                        0x000000c9   Thumb Code    52  __scatter.o(!!!scatter)
    __scatterload_rt2_thumb_only             0x000000c9   Thumb Code     0  __scatter.o(!!!scatter)
    __scatterload_null                       0x000000d9   Thumb Code     0  __scatter.o(!!!scatter)
    __scatterload_zeroinit                   0x00000105   Thumb Code    28  __scatter_zi.o(!!handler_zi)
    __rt_lib_init                            0x00000121   Thumb Code     0  libinit.o(.ARM.Collect$$libinit$$00000000)
    __rt_lib_init_alloca_1                   0x00000123   Thumb Code     0  libinit2.o(.ARM.Collect$$libinit$$0000002E)
    __rt_lib_init_argv_1                     0x00000123   Thumb Code     0  libinit2.o(.ARM.Collect$$libinit$$0000002C)
    __rt_lib_init_atexit_1                   0x00000123   Thumb Code     0  libinit2.o(.ARM.Collect$$libinit$$0000001B)
    __rt_lib_init_clock_1                    0x00000123   Thumb Code     0  libinit2.o(.ARM.Collect$$libinit$$00000021)
    __rt_lib_init_cpp_1                      0x00000123   Thumb Code     0  libinit2.o(.ARM.Collect$$libinit$$00000032)
    __rt_lib_init_exceptions_1               0x00000123   Thumb Code     0  libinit2.o(.ARM.Collect$$libinit$$00000030)
    __rt_lib_init_fp_1                       0x00000123   Thumb Code     0  libinit2.o(.ARM.Collect$$libinit$$00000002)
    __rt_lib_init_fp_trap_1                  0x00000123   Thumb Code     0  libinit2.o(.ARM.Collect$$libinit$$0000001F)
    __rt_lib_init_getenv_1                   0x00000123   Thumb Code     0  libinit2.o(.ARM.Collect$$libinit$$00000023)
    __rt_lib_init_heap_1                     0x00000123   Thumb Code     0  libinit2.o(.ARM.Collect$$libinit$$0000000A)
    __rt_lib_init_lc_collate_1               0x00000123   Thumb Code     0  libinit2.o(.ARM.Collect$$libinit$$00000011)
    __rt_lib_init_lc_ctype_1                 0x00000123   Thumb Code     0  libinit2.o(.ARM.Collect$$libinit$$00000013)
    __rt_lib_init_lc_monetary_1              0x00000123   Thumb Code     0  libinit2.o(.ARM.Collect$$libinit$$00000015)
    __rt_lib_init_lc_numeric_1               0x00000123   Thumb Code     0  libinit2.o(.ARM.Collect$$libinit$$00000017)
    __rt_lib_init_lc_time_1                  0x00000123   Thumb Code     0  libinit2.o(.ARM.Collect$$libinit$$00000019)
    __rt_lib_init_preinit_1                  0x00000123   Thumb Code     0  libinit2.o(.ARM.Collect$$libinit$$00000004)
    __rt_lib_init_rand_1                     0x00000123   Thumb Code     0  libinit2.o(.ARM.Collect$$libinit$$0000000E)
    __rt_lib_init_return                     0x00000123   Thumb Code     0  libinit2.o(.ARM.Collect$$libinit$$00000033)
    __rt_lib_init_signal_1                   0x00000123   Thumb Code     0  libinit2.o(.ARM.Collect$$libinit$$0000001D)
    __rt_lib_init_stdio_1                    0x00000123   Thumb Code     0  libinit2.o(.ARM.Collect$$libinit$$00000025)
    __rt_lib_init_user_alloc_1               0x00000123   Thumb Code     0  libinit2.o(.ARM.Collect$$libinit$$0000000C)
    __rt_lib_shutdown                        0x00000125   Thumb Code     0  libshutdown.o(.ARM.Collect$$libshutdown$$00000000)
    __rt_lib_shutdown_cpp_1                  0x00000127   Thumb Code     0  libshutdown2.o(.ARM.Collect$$libshutdown$$00000002)
    __rt_lib_shutdown_fp_trap_1              0x00000127   Thumb Code     0  libshutdown2.o(.ARM.Collect$$libshutdown$$00000007)
    __rt_lib_shutdown_heap_1                 0x00000127   Thumb Code     0  libshutdown2.o(.ARM.Collect$$libshutdown$$0000000F)
    __rt_lib_shutdown_return                 0x00000127   Thumb Code     0  libshutdown2.o(.ARM.Collect$$libshutdown$$00000010)
    __rt_lib_shutdown_signal_1               0x00000127   Thumb Code     0  libshutdown2.o(.ARM.Collect$$libshutdown$$0000000A)
    __rt_lib_shutdown_stdio_1                0x00000127   Thumb Code     0  libshutdown2.o(.ARM.Collect$$libshutdown$$00000004)
    __rt_lib_shutdown_user_alloc_1           0x00000127   Thumb Code     0  libshutdown2.o(.ARM.Collect$$libshutdown$$0000000C)
    __rt_entry                               0x00000129   Thumb Code     0  __rtentry.o(.ARM.Collect$$rtentry$$00000000)
    __rt_entry_presh_1                       0x00000129   Thumb Code     0  __rtentry2.o(.ARM.Collect$$rtentry$$00000002)
    __rt_entry_sh                            0x00000129   Thumb Code     0  __rtentry4.o(.ARM.Collect$$rtentry$$00000004)
    __rt_entry_li                            0x0000012f   Thumb Code     0  __rtentry2.o(.ARM.Collect$$rtentry$$0000000A)
    __rt_entry_postsh_1                      0x0000012f   Thumb Code     0  __rtentry2.o(.ARM.Collect$$rtentry$$00000009)
    __rt_entry_main                          0x00000133   Thumb Code     0  __rtentry2.o(.ARM.Collect$$rtentry$$0000000D)
    __rt_entry_postli_1                      0x00000133   Thumb Code     0  __rtentry2.o(.ARM.Collect$$rtentry$$0000000C)
    __rt_exit                                0x0000013b   Thumb Code     0  rtexit.o(.ARM.Collect$$rtexit$$00000000)
    __rt_exit_ls                             0x0000013d   Thumb Code     0  rtexit2.o(.ARM.Collect$$rtexit$$00000003)
    __rt_exit_prels_1                        0x0000013d   Thumb Code     0  rtexit2.o(.ARM.Collect$$rtexit$$00000002)
    __rt_exit_exit                           0x00000141   Thumb Code     0  rtexit2.o(.ARM.Collect$$rtexit$$00000004)
    Reset_Handler                            0x00000149   Thumb Code     8  startup_fm33a0xx.o(.text)
    NMI_Handler                              0x00000151   Thumb Code     2  startup_fm33a0xx.o(.text)
    HardFault_Handler                        0x00000153   Thumb Code     2  startup_fm33a0xx.o(.text)
    SVC_Handler                              0x00000155   Thumb Code     2  startup_fm33a0xx.o(.text)
    PendSV_Handler                           0x00000157   Thumb Code     2  startup_fm33a0xx.o(.text)
    SysTick_Handler                          0x00000159   Thumb Code     2  startup_fm33a0xx.o(.text)
    ADC_IRQHandler                           0x0000015b   Thumb Code     0  startup_fm33a0xx.o(.text)
    AES_IRQHandler                           0x0000015b   Thumb Code     0  startup_fm33a0xx.o(.text)
    BTIM1_IRQHandler                         0x0000015b   Thumb Code     0  startup_fm33a0xx.o(.text)
    BTIM2_IRQHandler                         0x0000015b   Thumb Code     0  startup_fm33a0xx.o(.text)
    COMP_IRQHandler                          0x0000015b   Thumb Code     0  startup_fm33a0xx.o(.text)
    DMA_IRQHandler                           0x0000015b   Thumb Code     0  startup_fm33a0xx.o(.text)
    ETIM3_IRQHandler                         0x0000015b   Thumb Code     0  startup_fm33a0xx.o(.text)
    ETIM4_IRQHandler                         0x0000015b   Thumb Code     0  startup_fm33a0xx.o(.text)
    FDET_IRQHandler                          0x0000015b   Thumb Code     0  startup_fm33a0xx.o(.text)
    GPIO_IRQHandler                          0x0000015b   Thumb Code     0  startup_fm33a0xx.o(.text)
    HSPI_IRQHandler                          0x0000015b   Thumb Code     0  startup_fm33a0xx.o(.text)
    I2C_IRQHandler                           0x0000015b   Thumb Code     0  startup_fm33a0xx.o(.text)
    LCD_IRQHandler                           0x0000015b   Thumb Code     0  startup_fm33a0xx.o(.text)
    LPTIM_IRQHandler                         0x0000015b   Thumb Code     0  startup_fm33a0xx.o(.text)
    NVMIF_IRQHandler                         0x0000015b   Thumb Code     0  startup_fm33a0xx.o(.text)
    RTC_IRQHandler                           0x0000015b   Thumb Code     0  startup_fm33a0xx.o(.text)
    SPI1_IRQHandler                          0x0000015b   Thumb Code     0  startup_fm33a0xx.o(.text)
    SPI2_IRQHandler                          0x0000015b   Thumb Code     0  startup_fm33a0xx.o(.text)
    SVD_IRQHandler                           0x0000015b   Thumb Code     0  startup_fm33a0xx.o(.text)
    TRNG_IRQHandler                          0x0000015b   Thumb Code     0  startup_fm33a0xx.o(.text)
    U78160_IRQHandler                        0x0000015b   Thumb Code     0  startup_fm33a0xx.o(.text)
    U78161_IRQHandler                        0x0000015b   Thumb Code     0  startup_fm33a0xx.o(.text)
    UART0_IRQHandler                         0x0000015b   Thumb Code     0  startup_fm33a0xx.o(.text)
    UART1_IRQHandler                         0x0000015b   Thumb Code     0  startup_fm33a0xx.o(.text)
    UART2_IRQHandler                         0x0000015b   Thumb Code     0  startup_fm33a0xx.o(.text)
    UART3_IRQHandler                         0x0000015b   Thumb Code     0  startup_fm33a0xx.o(.text)
    UART4_IRQHandler                         0x0000015b   Thumb Code     0  startup_fm33a0xx.o(.text)
    UART5_IRQHandler                         0x0000015b   Thumb Code     0  startup_fm33a0xx.o(.text)
    WWDT_IRQHandler                          0x0000015b   Thumb Code     0  startup_fm33a0xx.o(.text)
    __user_initial_stackheap                 0x0000015d   Thumb Code     0  startup_fm33a0xx.o(.text)
    _memset_w                                0x00000181   Thumb Code    26  rt_memclr.o(.text)
    _memset                                  0x0000019b   Thumb Code    30  rt_memclr.o(.text)
    __aeabi_memclr                           0x000001b9   Thumb Code     4  rt_memclr.o(.text)
    __rt_memclr                              0x000001b9   Thumb Code     0  rt_memclr.o(.text)
    __aeabi_memclr4                          0x000001bd   Thumb Code     0  rt_memclr.o(.text)
    __aeabi_memclr8                          0x000001bd   Thumb Code     0  rt_memclr.o(.text)
    __rt_memclr_w                            0x000001bd   Thumb Code     4  rt_memclr.o(.text)
    __aeabi_uidiv                            0x000001c1   Thumb Code     0  aeabi_sdiv.o(.text)
    __aeabi_uidivmod                         0x000001c1   Thumb Code    20  aeabi_sdiv.o(.text)
    __aeabi_idiv                             0x000001d5   Thumb Code     0  aeabi_sdiv.o(.text)
    __aeabi_idivmod                          0x000001d5   Thumb Code   326  aeabi_sdiv.o(.text)
    __use_two_region_memory                  0x0000031b   Thumb Code     2  heapauxi.o(.text)
    __rt_heap_escrow$2region                 0x0000031d   Thumb Code     2  heapauxi.o(.text)
    __rt_heap_expand$2region                 0x0000031f   Thumb Code     2  heapauxi.o(.text)
    __aeabi_d2f                              0x00000321   Thumb Code     0  d2f.o(.text)
    _d2f                                     0x00000321   Thumb Code   120  d2f.o(.text)
    __aeabi_dadd                             0x00000695   Thumb Code     0  daddsub.o(.text)
    _dadd                                    0x00000695   Thumb Code    26  daddsub.o(.text)
    __aeabi_dsub                             0x000006af   Thumb Code     0  daddsub.o(.text)
    _dsub                                    0x000006af   Thumb Code    22  daddsub.o(.text)
    __aeabi_drsub                            0x000006c5   Thumb Code     0  daddsub.o(.text)
    _drsb                                    0x000006c5   Thumb Code    28  daddsub.o(.text)
    __aeabi_ddiv                             0x000006f5   Thumb Code     0  ddiv.o(.text)
    _ddiv                                    0x000006f5   Thumb Code  1072  ddiv.o(.text)
    _drdiv                                   0x00000b25   Thumb Code    20  ddiv.o(.text)
    __aeabi_d2uiz                            0x00000b3d   Thumb Code     0  dfixui.o(.text)
    _dfixu                                   0x00000b3d   Thumb Code    68  dfixui.o(.text)
    __aeabi_i2d_normalise                    0x00000b85   Thumb Code    66  dflti.o(.text)
    __aeabi_i2d                              0x00000bc7   Thumb Code    16  dflti.o(.text)
    _dflt                                    0x00000bc7   Thumb Code     0  dflti.o(.text)
    __aeabi_ui2d                             0x00000bd7   Thumb Code     6  dflti.o(.text)
    _dfltu                                   0x00000bd7   Thumb Code     0  dflti.o(.text)
    __aeabi_dmul                             0x00000bdd   Thumb Code     0  dmul.o(.text)
    _dmul                                    0x00000bdd   Thumb Code   558  dmul.o(.text)
    __aeabi_f2d                              0x00000e25   Thumb Code     0  f2d.o(.text)
    _f2d                                     0x00000e25   Thumb Code    80  f2d.o(.text)
    __aeabi_fdiv                             0x00000e79   Thumb Code     0  fdiv.o(.text)
    _fdiv                                    0x00000e79   Thumb Code   334  fdiv.o(.text)
    _frdiv                                   0x00000fc7   Thumb Code     8  fdiv.o(.text)
    __aeabi_f2uiz                            0x00000fd9   Thumb Code     0  ffixui.o(.text)
    _ffixu                                   0x00000fd9   Thumb Code    48  ffixui.o(.text)
    __aeabi_i2f_normalise                    0x00001009   Thumb Code    72  fflti.o(.text)
    __aeabi_i2f                              0x00001051   Thumb Code    16  fflti.o(.text)
    _fflt                                    0x00001051   Thumb Code     0  fflti.o(.text)
    __aeabi_ui2f                             0x00001061   Thumb Code     6  fflti.o(.text)
    _ffltu                                   0x00001061   Thumb Code     0  fflti.o(.text)
    __fpl_fcmp_InfNaN                        0x00001069   Thumb Code    96  fcmpin.o(.text)
    __fpl_cmpreturn                          0x000010cd   Thumb Code    46  cmpret.o(.text)
    __fpl_fcheck_NaN2                        0x000010fd   Thumb Code    10  fnan2.o(.text)
    __user_setup_stackheap                   0x0000110d   Thumb Code    62  sys_stackheap_outer.o(.text)
    exit                                     0x0000114b   Thumb Code    16  exit.o(.text)
    __fpl_return_NaN                         0x0000115b   Thumb Code    94  retnan.o(.text)
    __user_libspace                          0x000011b9   Thumb Code     8  libspace.o(.text)
    __user_perproc_libspace                  0x000011b9   Thumb Code     0  libspace.o(.text)
    __user_perthread_libspace                0x000011b9   Thumb Code     0  libspace.o(.text)
    _sys_exit                                0x000011c1   Thumb Code     8  sys_exit.o(.text)
    __I$use$semihosting                      0x000011cd   Thumb Code     0  use_no_semi.o(.text)
    __use_no_semihosting_swi                 0x000011cd   Thumb Code     2  use_no_semi.o(.text)
    __decompress                             0x000011cf   Thumb Code     0  __dczerorl2.o(.text)
    __decompress1                            0x000011cf   Thumb Code    86  __dczerorl2.o(.text)
    __semihosting_library_function           0x000011cf   Thumb Code     0  indicate_semi.o(.text)
    ADC_IO_Init                              0x00001225   Thumb Code    34  adc.o(i.ADC_IO_Init)
    ADC_Init_TsetExVolt                      0x0000124d   Thumb Code    46  adc.o(i.ADC_Init_TsetExVolt)
    ADC_Init_TsetExVolt2                     0x00001285   Thumb Code    46  adc.o(i.ADC_Init_TsetExVolt2)
    ADC_Init_TsetTemperature                 0x000012bd   Thumb Code    46  adc.o(i.ADC_Init_TsetTemperature)
    ADC_Wait_Finish                          0x000012f5   Thumb Code    42  adc.o(i.ADC_Wait_Finish)
    ANAC_ADCCON_ADC_EN_Setable               0x00001325   Thumb Code    32  fm33a0xx_anac.o(i.ANAC_ADCCON_ADC_EN_Setable)
    ANAC_ADCCON_ADC_IE_Setable               0x00001349   Thumb Code    32  fm33a0xx_anac.o(i.ANAC_ADCCON_ADC_IE_Setable)
    ANAC_ADCCON_ADC_VANA_EN_Set              0x0000136d   Thumb Code    26  fm33a0xx_anac.o(i.ANAC_ADCCON_ADC_VANA_EN_Set)
    ANAC_ADCDATA_Read                        0x0000138d   Thumb Code    10  fm33a0xx_anac.o(i.ANAC_ADCDATA_Read)
    ANAC_ADCIF_ADC_IF_Chk                    0x0000139d   Thumb Code    20  fm33a0xx_anac.o(i.ANAC_ADCIF_ADC_IF_Chk)
    ANAC_ADCIF_ADC_IF_Clr                    0x000013b5   Thumb Code     8  fm33a0xx_anac.o(i.ANAC_ADCIF_ADC_IF_Clr)
    ANAC_ADCINSEL_BUFBYP_Setable             0x000013c1   Thumb Code    32  fm33a0xx_anac.o(i.ANAC_ADCINSEL_BUFBYP_Setable)
    ANAC_ADCINSEL_BUFEN_Setable              0x000013e5   Thumb Code    32  fm33a0xx_anac.o(i.ANAC_ADCINSEL_BUFEN_Setable)
    ANAC_ADCINSEL_BUFSEL_Set                 0x00001409   Thumb Code    22  fm33a0xx_anac.o(i.ANAC_ADCINSEL_BUFSEL_Set)
    ANAC_ADCTRIM_Write                       0x00001425   Thumb Code    10  fm33a0xx_anac.o(i.ANAC_ADCTRIM_Write)
    ANAC_ADC_Channel_SetEx                   0x00001435   Thumb Code   134  fm33a0xx_anac.o(i.ANAC_ADC_Channel_SetEx)
    ANAC_ADC_TemperatureCalc                 0x000014c1   Thumb Code   210  fm33a0xx_anac.o(i.ANAC_ADC_TemperatureCalc)
    ANAC_ADC_TemperatureCalcInt              0x000015bd   Thumb Code   130  fm33a0xx_anac.o(i.ANAC_ADC_TemperatureCalcInt)
    ANAC_ADC_VoltageCalc                     0x00001661   Thumb Code   342  fm33a0xx_anac.o(i.ANAC_ADC_VoltageCalc)
    ANAC_ADC_VoltageCalc2                    0x000017ed   Thumb Code    42  fm33a0xx_anac.o(i.ANAC_ADC_VoltageCalc2)
    ANAC_ADC_VoltageCalcInt                  0x00001821   Thumb Code   172  fm33a0xx_anac.o(i.ANAC_ADC_VoltageCalcInt)
    ANAC_ADC_VoltageCalcInt2                 0x000018d5   Thumb Code    38  fm33a0xx_anac.o(i.ANAC_ADC_VoltageCalcInt2)
    ANAC_BORCON_OFF_BOR_Setable              0x000018fd   Thumb Code    32  fm33a0xx_anac.o(i.ANAC_BORCON_OFF_BOR_Setable)
    ANAC_PDRCON_PDREN_Setable                0x00001921   Thumb Code    32  fm33a0xx_anac.o(i.ANAC_PDRCON_PDREN_Setable)
    AltFunIO                                 0x00001945   Thumb Code   166  user_init.o(i.AltFunIO)
    AnalogIO                                 0x000019eb   Thumb Code    84  user_init.o(i.AnalogIO)
    BTIMER_DEMO_OUT_GPIO_init                0x00001a41   Thumb Code    22  main.o(i.BTIMER_DEMO_OUT_GPIO_init)
    BTIMER_PWM_DEMO_init                     0x00001a61   Thumb Code   130  main.o(i.BTIMER_PWM_DEMO_init)
    BTIMER_PWM_DEMO_start                    0x00001aed   Thumb Code    28  main.o(i.BTIMER_PWM_DEMO_start)
    BTIMx_BTCFG1_GRP1SEL_Set                 0x00001b0d   Thumb Code    18  fm33a0xx_btim.o(i.BTIMx_BTCFG1_GRP1SEL_Set)
    BTIMx_BTCFG1_GRP2SEL_Set                 0x00001b1f   Thumb Code    24  fm33a0xx_btim.o(i.BTIMx_BTCFG1_GRP2SEL_Set)
    BTIMx_BTCFG1_RTCSEL1_Set                 0x00001b37   Thumb Code    24  fm33a0xx_btim.o(i.BTIMx_BTCFG1_RTCSEL1_Set)
    BTIMx_BTCFG1_RTCSEL2_Set                 0x00001b4f   Thumb Code    24  fm33a0xx_btim.o(i.BTIMx_BTCFG1_RTCSEL2_Set)
    BTIMx_BTCFG2_EXSEL1_Set                  0x00001b67   Thumb Code    24  fm33a0xx_btim.o(i.BTIMx_BTCFG2_EXSEL1_Set)
    BTIMx_BTCFG2_EXSEL2_Set                  0x00001b7f   Thumb Code    24  fm33a0xx_btim.o(i.BTIMx_BTCFG2_EXSEL2_Set)
    BTIMx_BTCFG2_INSEL1_Set                  0x00001b97   Thumb Code    18  fm33a0xx_btim.o(i.BTIMx_BTCFG2_INSEL1_Set)
    BTIMx_BTCFG2_INSEL2_Set                  0x00001ba9   Thumb Code    24  fm33a0xx_btim.o(i.BTIMx_BTCFG2_INSEL2_Set)
    BTIMx_BTCR1_CAPCLR_Set                   0x00001bc1   Thumb Code    24  fm33a0xx_btim.o(i.BTIMx_BTCR1_CAPCLR_Set)
    BTIMx_BTCR1_CAPMOD_Set                   0x00001bd9   Thumb Code    24  fm33a0xx_btim.o(i.BTIMx_BTCR1_CAPMOD_Set)
    BTIMx_BTCR1_CAPONCE_Set                  0x00001bf1   Thumb Code    24  fm33a0xx_btim.o(i.BTIMx_BTCR1_CAPONCE_Set)
    BTIMx_BTCR1_CHEN_Setable                 0x00001c09   Thumb Code    24  fm33a0xx_btim.o(i.BTIMx_BTCR1_CHEN_Setable)
    BTIMx_BTCR1_CLEN_Setable                 0x00001c21   Thumb Code    24  fm33a0xx_btim.o(i.BTIMx_BTCR1_CLEN_Setable)
    BTIMx_BTCR1_EDGESEL_Set                  0x00001c39   Thumb Code    24  fm33a0xx_btim.o(i.BTIMx_BTCR1_EDGESEL_Set)
    BTIMx_BTCR1_MODE_Set                     0x00001c51   Thumb Code    24  fm33a0xx_btim.o(i.BTIMx_BTCR1_MODE_Set)
    BTIMx_BTCR1_PWM_Setable                  0x00001c69   Thumb Code    24  fm33a0xx_btim.o(i.BTIMx_BTCR1_PWM_Setable)
    BTIMx_BTCR2_CNTHSEL_Set                  0x00001c81   Thumb Code    24  fm33a0xx_btim.o(i.BTIMx_BTCR2_CNTHSEL_Set)
    BTIMx_BTCR2_DIREN_Setable                0x00001c99   Thumb Code    24  fm33a0xx_btim.o(i.BTIMx_BTCR2_DIREN_Setable)
    BTIMx_BTCR2_DIRPO_Set                    0x00001cb1   Thumb Code    18  fm33a0xx_btim.o(i.BTIMx_BTCR2_DIRPO_Set)
    BTIMx_BTCR2_SIG1SEL_Set                  0x00001cc3   Thumb Code    24  fm33a0xx_btim.o(i.BTIMx_BTCR2_SIG1SEL_Set)
    BTIMx_BTCR2_SIG2SEL_Set                  0x00001cdb   Thumb Code    24  fm33a0xx_btim.o(i.BTIMx_BTCR2_SIG2SEL_Set)
    BTIMx_BTCR2_SRCSEL_Set                   0x00001cf3   Thumb Code    24  fm33a0xx_btim.o(i.BTIMx_BTCR2_SRCSEL_Set)
    BTIMx_BTLOADH_Write                      0x00001d0b   Thumb Code     6  fm33a0xx_btim.o(i.BTIMx_BTLOADH_Write)
    BTIMx_BTLOADL_Write                      0x00001d11   Thumb Code     6  fm33a0xx_btim.o(i.BTIMx_BTLOADL_Write)
    BTIMx_BTOCR_OUTINV_Set                   0x00001d17   Thumb Code    24  fm33a0xx_btim.o(i.BTIMx_BTOCR_OUTINV_Set)
    BTIMx_BTOCR_OUTMOD_Set                   0x00001d2f   Thumb Code    24  fm33a0xx_btim.o(i.BTIMx_BTOCR_OUTMOD_Set)
    BTIMx_BTOCR_OUTSEL_Set                   0x00001d47   Thumb Code    18  fm33a0xx_btim.o(i.BTIMx_BTOCR_OUTSEL_Set)
    BTIMx_BTOUTCNT_Write                     0x00001d59   Thumb Code     8  fm33a0xx_btim.o(i.BTIMx_BTOUTCNT_Write)
    BTIMx_BTPRESET_PRESETH_Set               0x00001d61   Thumb Code    26  fm33a0xx_btim.o(i.BTIMx_BTPRESET_PRESETH_Set)
    BTIMx_BTPRESET_PRESETL_Set               0x00001d7b   Thumb Code    16  fm33a0xx_btim.o(i.BTIMx_BTPRESET_PRESETL_Set)
    BTIMx_BTPRES_Write                       0x00001d8b   Thumb Code     6  fm33a0xx_btim.o(i.BTIMx_BTPRES_Write)
    BTIMx_Deinit                             0x00001d91   Thumb Code    28  fm33a0xx_btim.o(i.BTIMx_Deinit)
    BTIMx_Init                               0x00001dad   Thumb Code   240  fm33a0xx_btim.o(i.BTIMx_Init)
    CheckSysReg                              0x00001e9d   Thumb Code    18  user_init.o(i.CheckSysReg)
    Close_AllIOEXTI                          0x00001eb1   Thumb Code    32  user_init.o(i.Close_AllIOEXTI)
    Close_AllIO_GPIO_80pin                   0x00001ed9   Thumb Code   792  user_init.o(i.Close_AllIO_GPIO_80pin)
    Close_None_GPIO_80pin                    0x000021f5   Thumb Code   450  user_init.o(i.Close_None_GPIO_80pin)
    CloseeIO                                 0x000023bd   Thumb Code    64  user_init.o(i.CloseeIO)
    ETIM1_IRQHandler                         0x000023fd   Thumb Code   188  interrupt.o(i.ETIM1_IRQHandler)
    ETIM2_IRQHandler                         0x000024e5   Thumb Code     8  interrupt.o(i.ETIM2_IRQHandler)
    ETIMx_ETxCMP_Write                       0x000024f1   Thumb Code     6  fm33a0xx_etim.o(i.ETIMx_ETxCMP_Write)
    ETIMx_ETxCR_CAPCLR_Setable               0x000024f7   Thumb Code    24  fm33a0xx_etim.o(i.ETIMx_ETxCR_CAPCLR_Setable)
    ETIMx_ETxCR_CAPEDGE_Set                  0x0000250f   Thumb Code    18  fm33a0xx_etim.o(i.ETIMx_ETxCR_CAPEDGE_Set)
    ETIMx_ETxCR_CAPMOD_Set                   0x00002521   Thumb Code    24  fm33a0xx_etim.o(i.ETIMx_ETxCR_CAPMOD_Set)
    ETIMx_ETxCR_CAPONCE_Setable              0x00002539   Thumb Code    24  fm33a0xx_etim.o(i.ETIMx_ETxCR_CAPONCE_Setable)
    ETIMx_ETxCR_CASEN_Setable                0x00002551   Thumb Code    24  fm33a0xx_etim.o(i.ETIMx_ETxCR_CASEN_Setable)
    ETIMx_ETxCR_CEN_Setable                  0x00002569   Thumb Code    24  fm33a0xx_etim.o(i.ETIMx_ETxCR_CEN_Setable)
    ETIMx_ETxCR_EDGESEL_Set                  0x00002581   Thumb Code    24  fm33a0xx_etim.o(i.ETIMx_ETxCR_EDGESEL_Set)
    ETIMx_ETxCR_EXFLT_Setable                0x00002599   Thumb Code    26  fm33a0xx_etim.o(i.ETIMx_ETxCR_EXFLT_Setable)
    ETIMx_ETxCR_MOD_Set                      0x000025b3   Thumb Code    24  fm33a0xx_etim.o(i.ETIMx_ETxCR_MOD_Set)
    ETIMx_ETxCR_PWM_Setable                  0x000025cb   Thumb Code    26  fm33a0xx_etim.o(i.ETIMx_ETxCR_PWM_Setable)
    ETIMx_ETxIE_CAPIE_Setable                0x000025e5   Thumb Code    24  fm33a0xx_etim.o(i.ETIMx_ETxIE_CAPIE_Setable)
    ETIMx_ETxIE_CMPIE_Setable                0x000025fd   Thumb Code    24  fm33a0xx_etim.o(i.ETIMx_ETxIE_CMPIE_Setable)
    ETIMx_ETxIE_OVIE_Setable                 0x00002615   Thumb Code    24  fm33a0xx_etim.o(i.ETIMx_ETxIE_OVIE_Setable)
    ETIMx_ETxIF_OVIF_Chk                     0x0000262d   Thumb Code    20  fm33a0xx_etim.o(i.ETIMx_ETxIF_OVIF_Chk)
    ETIMx_ETxIF_OVIF_Clr                     0x00002641   Thumb Code     6  fm33a0xx_etim.o(i.ETIMx_ETxIF_OVIF_Clr)
    ETIMx_ETxINSEL_GRP1SEL_Set               0x00002647   Thumb Code    18  fm33a0xx_etim.o(i.ETIMx_ETxINSEL_GRP1SEL_Set)
    ETIMx_ETxINSEL_GRP2SEL_Set               0x00002659   Thumb Code    24  fm33a0xx_etim.o(i.ETIMx_ETxINSEL_GRP2SEL_Set)
    ETIMx_ETxINSEL_SIG1SEL_Set               0x00002671   Thumb Code    24  fm33a0xx_etim.o(i.ETIMx_ETxINSEL_SIG1SEL_Set)
    ETIMx_ETxINSEL_SIG2SEL_Set               0x00002689   Thumb Code    24  fm33a0xx_etim.o(i.ETIMx_ETxINSEL_SIG2SEL_Set)
    ETIMx_ETxIVR_Write                       0x000026a1   Thumb Code     6  fm33a0xx_etim.o(i.ETIMx_ETxIVR_Write)
    ETIMx_ETxPESCALE1_Write                  0x000026a7   Thumb Code     6  fm33a0xx_etim.o(i.ETIMx_ETxPESCALE1_Write)
    ETIMx_ETxPESCALE2_Write                  0x000026ad   Thumb Code     6  fm33a0xx_etim.o(i.ETIMx_ETxPESCALE2_Write)
    ETIMx_Init                               0x000026b3   Thumb Code   192  fm33a0xx_etim.o(i.ETIMx_Init)
    FLASH_FLSRDCON_WAIT_Set                  0x00002775   Thumb Code    22  fm33a0xx_flash.o(i.FLASH_FLSRDCON_WAIT_Set)
    GPIO_ANASEL_PC12ANS_Set                  0x00002791   Thumb Code    22  fm33a0xx_gpio.o(i.GPIO_ANASEL_PC12ANS_Set)
    GPIO_ANASEL_PC13ANS_Set                  0x000027ad   Thumb Code    26  fm33a0xx_gpio.o(i.GPIO_ANASEL_PC13ANS_Set)
    GPIO_ANASEL_PC14ANS_Set                  0x000027cd   Thumb Code    26  fm33a0xx_gpio.o(i.GPIO_ANASEL_PC14ANS_Set)
    GPIO_ANASEL_PC15ANS_Set                  0x000027ed   Thumb Code    26  fm33a0xx_gpio.o(i.GPIO_ANASEL_PC15ANS_Set)
    GPIO_ANASEL_PE3ANS_Set                   0x0000280d   Thumb Code    26  fm33a0xx_gpio.o(i.GPIO_ANASEL_PE3ANS_Set)
    GPIO_ANASEL_PE4ANS_Set                   0x0000282d   Thumb Code    26  fm33a0xx_gpio.o(i.GPIO_ANASEL_PE4ANS_Set)
    GPIO_FOUTSEL_FOUTSEL_Set                 0x0000284d   Thumb Code    22  fm33a0xx_gpio.o(i.GPIO_FOUTSEL_FOUTSEL_Set)
    GPIO_Get_InitPara                        0x00002869   Thumb Code   148  fm33a0xx_gpio.o(i.GPIO_Get_InitPara)
    GPIO_HDSEL_PE2HDEN_Setable               0x000028fd   Thumb Code    32  fm33a0xx_gpio.o(i.GPIO_HDSEL_PE2HDEN_Setable)
    GPIO_HDSEL_PG6HDEN_Setable               0x00002921   Thumb Code    32  fm33a0xx_gpio.o(i.GPIO_HDSEL_PG6HDEN_Setable)
    GPIO_IODF_SetableEx                      0x00002945   Thumb Code    36  fm33a0xx_gpio.o(i.GPIO_IODF_SetableEx)
    GPIO_Init                                0x0000296d   Thumb Code   114  fm33a0xx_gpio.o(i.GPIO_Init)
    GPIO_PINWKEN_SetableEx                   0x000029e1   Thumb Code    28  fm33a0xx_gpio.o(i.GPIO_PINWKEN_SetableEx)
    GPIO_ReadInputDataBit                    0x00002a01   Thumb Code    20  fm33a0xx_gpio.o(i.GPIO_ReadInputDataBit)
    GPIO_ResetBits                           0x00002a15   Thumb Code     4  fm33a0xx_gpio.o(i.GPIO_ResetBits)
    GPIO_SetBits                             0x00002a19   Thumb Code     4  fm33a0xx_gpio.o(i.GPIO_SetBits)
    GPIO_ToggleBits                          0x00002a1d   Thumb Code    16  fm33a0xx_gpio.o(i.GPIO_ToggleBits)
    GPIOx_DO_Write                           0x00002a2d   Thumb Code     6  fm33a0xx_gpio.o(i.GPIOx_DO_Write)
    IO_AnalogFunSet                          0x00002a33   Thumb Code    40  user_init.o(i.IO_AnalogFunSet)
    IO_DFFunSet                              0x00002a5b   Thumb Code   196  user_init.o(i.IO_DFFunSet)
    IO_WKENFunSet                            0x00002b1f   Thumb Code    68  user_init.o(i.IO_WKENFunSet)
    IWDT_Clr                                 0x00002b65   Thumb Code     8  fm33a0xx_iwdt.o(i.IWDT_Clr)
    IWDT_IWDTCFG_IWDTOVP_Set                 0x00002b75   Thumb Code    22  fm33a0xx_iwdt.o(i.IWDT_IWDTCFG_IWDTOVP_Set)
    IWDT_IWDTCFG_IWDTSLP4096S_Setable        0x00002b91   Thumb Code    32  fm33a0xx_iwdt.o(i.IWDT_IWDTCFG_IWDTSLP4096S_Setable)
    IWDT_Init                                0x00002bb5   Thumb Code    28  user_init.o(i.IWDT_Init)
    Init_IO                                  0x00002bd5   Thumb Code   150  user_init.o(i.Init_IO)
    Init_PLL                                 0x00002c71   Thumb Code    32  user_init.o(i.Init_PLL)
    Init_Pad_Io                              0x00002c91   Thumb Code    72  user_init.o(i.Init_Pad_Io)
    Init_RCC_PERIPH_clk                      0x00002cdd   Thumb Code   390  user_init.o(i.Init_RCC_PERIPH_clk)
    Init_SysClk                              0x00002e75   Thumb Code    48  user_init.o(i.Init_SysClk)
    Init_SysClk_Gen                          0x00002ea5   Thumb Code    46  user_init.o(i.Init_SysClk_Gen)
    Init_SysTick                             0x00002ed5   Thumb Code    50  user_init.o(i.Init_SysTick)
    Init_System                              0x00002f0d   Thumb Code    66  user_init.o(i.Init_System)
    InputtIO                                 0x00002f4f   Thumb Code   116  user_init.o(i.InputtIO)
    LCD_Fulldisplay                          0x00002fc5   Thumb Code   404  disp.o(i.LCD_Fulldisplay)
    LCD_clear                                0x000031b5   Thumb Code    82  disp.o(i.LCD_clear)
    LCD_on                                   0x0000320d   Thumb Code    10  disp.o(i.LCD_on)
    Lcd_Display                              0x00003219   Thumb Code   804  disp.o(i.Lcd_Display)
    LoadPic                                  0x000035c9   Thumb Code   150  disp.o(i.LoadPic)
    LoadSymbol                               0x00003665   Thumb Code   112  disp.o(i.LoadSymbol)
    Lprint_hz12                              0x000036d9   Thumb Code   222  disp.o(i.Lprint_hz12)
    Lprint_hz14                              0x000037c1   Thumb Code    70  disp.o(i.Lprint_hz14)
    OutputIO                                 0x00003931   Thumb Code   114  user_init.o(i.OutputIO)
    RCC_Init_RCHF_Trim                       0x000039a5   Thumb Code    82  fm33a0xx_rcc.o(i.RCC_Init_RCHF_Trim)
    RCC_MPRIL_MPRIL_Set                      0x000039fd   Thumb Code    22  fm33a0xx_rcc.o(i.RCC_MPRIL_MPRIL_Set)
    RCC_PERCLKCON2_ADCCKSEL_Set              0x00003a19   Thumb Code    28  fm33a0xx_rcc.o(i.RCC_PERCLKCON2_ADCCKSEL_Set)
    RCC_PERCLK_SetableEx                     0x00003a39   Thumb Code   100  fm33a0xx_rcc.o(i.RCC_PERCLK_SetableEx)
    RCC_PLLCON_PLLDB_Set                     0x00003aa1   Thumb Code    22  fm33a0xx_rcc.o(i.RCC_PLLCON_PLLDB_Set)
    RCC_PLLCON_PLLEN_Setable                 0x00003ac1   Thumb Code    32  fm33a0xx_rcc.o(i.RCC_PLLCON_PLLEN_Setable)
    RCC_PLLCON_PLLINSEL_Set                  0x00003ae5   Thumb Code    26  fm33a0xx_rcc.o(i.RCC_PLLCON_PLLINSEL_Set)
    RCC_PLLCON_PLLOSEL_Set                   0x00003b05   Thumb Code    26  fm33a0xx_rcc.o(i.RCC_PLLCON_PLLOSEL_Set)
    RCC_PLLDB_WriteEx                        0x00003b25   Thumb Code    12  fm33a0xx_rcc.o(i.RCC_PLLDB_WriteEx)
    RCC_PLL_Init                             0x00003b31   Thumb Code    30  fm33a0xx_rcc.o(i.RCC_PLL_Init)
    RCC_RCHFCON_FSEL_Set                     0x00003b51   Thumb Code    28  fm33a0xx_rcc.o(i.RCC_RCHFCON_FSEL_Set)
    RCC_RCHFCON_RCHFEN_Setable               0x00003b71   Thumb Code    32  fm33a0xx_rcc.o(i.RCC_RCHFCON_RCHFEN_Setable)
    RCC_RCHFTRIM_Write                       0x00003b95   Thumb Code    10  fm33a0xx_rcc.o(i.RCC_RCHFTRIM_Write)
    RCC_RCHF_Init                            0x00003ba5   Thumb Code    18  fm33a0xx_rcc.o(i.RCC_RCHF_Init)
    RCC_SYSCLKSEL_AHBPRES_Set                0x00003bb9   Thumb Code    28  fm33a0xx_rcc.o(i.RCC_SYSCLKSEL_AHBPRES_Set)
    RCC_SYSCLKSEL_APBPRES_Set                0x00003bd9   Thumb Code    28  fm33a0xx_rcc.o(i.RCC_SYSCLKSEL_APBPRES_Set)
    RCC_SYSCLKSEL_EXTICKSEL_Set              0x00003bf9   Thumb Code    26  fm33a0xx_rcc.o(i.RCC_SYSCLKSEL_EXTICKSEL_Set)
    RCC_SYSCLKSEL_LPM_RCLP_OFF_Setable       0x00003c19   Thumb Code    32  fm33a0xx_rcc.o(i.RCC_SYSCLKSEL_LPM_RCLP_OFF_Setable)
    RCC_SYSCLKSEL_SLP_ENEXTI_Setable         0x00003c3d   Thumb Code    34  fm33a0xx_rcc.o(i.RCC_SYSCLKSEL_SLP_ENEXTI_Setable)
    RCC_SYSCLKSEL_SYSCLKSEL_Set              0x00003c65   Thumb Code    22  fm33a0xx_rcc.o(i.RCC_SYSCLKSEL_SYSCLKSEL_Set)
    RCC_SysClk_Init                          0x00003c81   Thumb Code    42  fm33a0xx_rcc.o(i.RCC_SysClk_Init)
    Run_ADC                                  0x00003cad   Thumb Code   326  main.o(i.Run_ADC)
    Run_DISPLAY                              0x00003e2d   Thumb Code    22  main.o(i.Run_DISPLAY)
    Run_KEY                                  0x00003e49   Thumb Code   276  main.o(i.Run_KEY)
    Run_LED                                  0x00003f69   Thumb Code    26  main.o(i.Run_LED)
    SCU_Init                                 0x00003f8d   Thumb Code    70  user_init.o(i.SCU_Init)
    SCU_MCUDBGCR_DBG_BT1_STOP_Setable        0x00003fd3   Thumb Code    36  fm33a0xx_scu.o(i.SCU_MCUDBGCR_DBG_BT1_STOP_Setable)
    SCU_MCUDBGCR_DBG_BT2_STOP_Setable        0x00003ff7   Thumb Code    36  fm33a0xx_scu.o(i.SCU_MCUDBGCR_DBG_BT2_STOP_Setable)
    SCU_MCUDBGCR_DBG_ET1_STOP_Setable        0x0000401b   Thumb Code    36  fm33a0xx_scu.o(i.SCU_MCUDBGCR_DBG_ET1_STOP_Setable)
    SCU_MCUDBGCR_DBG_ET2_STOP_Setable        0x0000403f   Thumb Code    36  fm33a0xx_scu.o(i.SCU_MCUDBGCR_DBG_ET2_STOP_Setable)
    SCU_MCUDBGCR_DBG_ET3_STOP_Setable        0x00004063   Thumb Code    36  fm33a0xx_scu.o(i.SCU_MCUDBGCR_DBG_ET3_STOP_Setable)
    SCU_MCUDBGCR_DBG_ET4_STOP_Setable        0x00004087   Thumb Code    36  fm33a0xx_scu.o(i.SCU_MCUDBGCR_DBG_ET4_STOP_Setable)
    SCU_MCUDBGCR_DBG_IWDT_STOP_Setable       0x000040ab   Thumb Code    36  fm33a0xx_scu.o(i.SCU_MCUDBGCR_DBG_IWDT_STOP_Setable)
    SCU_MCUDBGCR_DBG_WWDT_STOP_Setable       0x000040cf   Thumb Code    34  fm33a0xx_scu.o(i.SCU_MCUDBGCR_DBG_WWDT_STOP_Setable)
    SdCmd                                    0x000040f1   Thumb Code   112  disp.o(i.SdCmd)
    SdData                                   0x00004165   Thumb Code   102  disp.o(i.SdData)
    SystemInit                               0x000041d1   Thumb Code     8  system_fm33a0xx.o(i.SystemInit)
    Test_ADC_ExVolt                          0x000041e1   Thumb Code   172  adc.o(i.Test_ADC_ExVolt)
    Test_ADC_ExVolt2                         0x00004291   Thumb Code   172  adc.o(i.Test_ADC_ExVolt2)
    Test_ADC_Temperature                     0x00004341   Thumb Code   148  adc.o(i.Test_ADC_Temperature)
    Test_Etimx                               0x000043d9   Thumb Code   282  main.o(i.Test_Etimx)
    Test_GPIO_InPut                          0x00004501   Thumb Code    36  main.o(i.Test_GPIO_InPut)
    TicksDelay                               0x0000452d   Thumb Code    34  user_init.o(i.TicksDelay)
    TicksDelayMs                             0x00004555   Thumb Code    40  user_init.o(i.TicksDelayMs)
    TicksDelayUs                             0x0000457d   Thumb Code    22  user_init.o(i.TicksDelayUs)
    __ARM_common_switch8                     0x00004599   Thumb Code    28  disp.o(i.__ARM_common_switch8)
    bcd_to_hex                               0x000045b5   Thumb Code    18  disp.o(i.bcd_to_hex)
    dis_asc36                                0x000045c9   Thumb Code   540  disp.o(i.dis_asc36)
    hex2dec                                  0x00004805   Thumb Code   338  disp.o(i.hex2dec)
    hz_seek12                                0x00004971   Thumb Code    54  disp.o(i.hz_seek12)
    hz_seek14                                0x000049ad   Thumb Code    54  disp.o(i.hz_seek14)
    initLCDM                                 0x000049e9   Thumb Code   492  disp.o(i.initLCDM)
    main                                     0x00004bdd   Thumb Code   106  main.o(i.main)
    show_asc36                               0x00004c69   Thumb Code   422  disp.o(i.show_asc36)
    show_china12                             0x00004e25   Thumb Code    54  disp.o(i.show_china12)
    show_china14                             0x00004e5b   Thumb Code    56  disp.o(i.show_china14)
    __aeabi_fadd                             0x00004e95   Thumb Code     0  faddsub.o(x$fpl$fadd)
    _fadd                                    0x00004e95   Thumb Code   134  faddsub.o(x$fpl$fadd)
    __aeabi_cfcmple                          0x00004f21   Thumb Code     0  flef.o(x$fpl$fleqf)
    _fcmple                                  0x00004f21   Thumb Code    78  flef.o(x$fpl$fleqf)
    __aeabi_fmul                             0x00004f75   Thumb Code     0  fmul.o(x$fpl$fmul)
    _fmul                                    0x00004f75   Thumb Code   172  fmul.o(x$fpl$fmul)
    __aeabi_fsub                             0x00005025   Thumb Code     0  faddsub.o(x$fpl$fsub)
    _fsub                                    0x00005025   Thumb Code   204  faddsub.o(x$fpl$fsub)
    __I$use$fp                               0x000050f4   Number         0  usenofp.o(x$fpl$usenofp)
    Region$$Table$$Base                      0x000051b4   Number         0  anon$$obj.o(Region$$Table)
    Region$$Table$$Limit                     0x000051d4   Number         0  anon$$obj.o(Region$$Table)
    TimeCount                                0x20000000   Data           1  main.o(.data)
    MS_50_FLAG                               0x20000001   Data           1  main.o(.data)
    MS_100_FLAG                              0x20000002   Data           1  main.o(.data)
    MS_300_FLAG                              0x20000003   Data           1  main.o(.data)
    MS_500_FLAG                              0x20000004   Data           1  main.o(.data)
    SECOND__FLAG                             0x20000005   Data           1  main.o(.data)
    Run_LED_Process                          0x20000006   Data           1  main.o(.data)
    Run_Display_Process                      0x20000007   Data           1  main.o(.data)
    Run_Key_Process                          0x20000008   Data           1  main.o(.data)
    Run_ADC_Process                          0x20000009   Data           1  main.o(.data)
    Temperature                              0x2000000c   Data           4  adc.o(.data)
    SetTemperature                           0x20000010   Data           4  adc.o(.data)
    IronTemperature                          0x20000014   Data           4  adc.o(.data)
    SetTemperature_Count                     0x20000018   Data           1  adc.o(.data)
    ADC_Struct                               0x2000001c   Data           8  adc.o(.data)
    zk_hz14                                  0x20000024   Data        1710  disp.o(.data)
    zk_hz12                                  0x200006d2   Data         570  disp.o(.data)
    asc36                                    0x2000090c   Data        1260  disp.o(.data)
    kWh                                      0x20000df8   Data          78  disp.o(.data)
    kW                                       0x20000e46   Data          78  disp.o(.data)
    W                                        0x20000e94   Data          78  disp.o(.data)
    V                                        0x20000ee2   Data          78  disp.o(.data)
    A                                        0x20000f30   Data          78  disp.o(.data)
    C                                        0x20000f7e   Data          72  disp.o(.data)
    mA                                       0x20000fc6   Data          78  disp.o(.data)
    VA                                       0x20001014   Data          78  disp.o(.data)
    MY                                       0x20001062   Data          28  disp.o(.data)
    BC                                       0x2000107e   Data          28  disp.o(.data)
    XS                                       0x2000109a   Data          28  disp.o(.data)
    DH                                       0x200010b6   Data          28  disp.o(.data)
    DC                                       0x200010d2   Data          28  disp.o(.data)
    FX                                       0x200010ee   Data          28  disp.o(.data)
    ZB                                       0x2000110a   Data          28  disp.o(.data)
    FLV                                      0x20001126   Data          28  disp.o(.data)
    JTV                                      0x20001142   Data          28  disp.o(.data)
    current_val_pointer                      0x20001160   Data           4  disp.o(.data)
    edit_val_pointer                         0x20001164   Data           4  disp.o(.data)
    password_val                             0x20001168   Data          12  disp.o(.data)
    disptemp_val                             0x20001174   Data          12  disp.o(.data)
    china_page                               0x20001180   Data           1  disp.o(.data)
    hextohex_flag                            0x20001181   Data           1  disp.o(.data)
    noflash                                  0x20001182   Data           1  disp.o(.data)
    changes                                  0x20001183   Data           1  disp.o(.data)
    len_change                               0x20001184   Data           1  disp.o(.data)
    tmp_len                                  0x20001185   Data           1  disp.o(.data)
    tmp_int                                  0x20001186   Data           8  disp.o(.data)
    asc16_flag                               0x2000118e   Data           1  disp.o(.data)
    china_edit_flag                          0x2000118f   Data           1  disp.o(.data)
    china_md_flag                            0x20001190   Data           1  disp.o(.data)
    select_state                             0x20001191   Data           1  disp.o(.data)
    asc_val                                  0x20001192   Data          20  disp.o(.data)
    asc_val36                                0x200011a6   Data          13  disp.o(.data)
    Display                                  0x200011b3   Data           3  disp.o(.data)
    Disp_page                                0x200011b6   Data           1  disp.o(.data)
    mouse_flag                               0x200011b7   Data           1  disp.o(.data)
    mouse_x                                  0x200011b8   Data           1  disp.o(.data)
    mouse_y                                  0x200011b9   Data           1  disp.o(.data)
    SystemCoreClock                          0x200011bc   Data           4  system_fm33a0xx.o(.data)
    adjustment_para                          0x200011c0   Data         116  main.o(.bss)
    tmp_string                               0x20001234   Data          32  disp.o(.bss)
    LCM_DDRAM                                0x20001254   Data        1600  disp.o(.bss)
    __libspace_start                         0x20001894   Data          96  libspace.o(.bss)
    __temporary_stack_top$libspace           0x200018f4   Data           0  libspace.o(.bss)



==============================================================================

Memory Map of the image

  Image Entry point : 0x000000c1

  Load Region LR_IROM1 (Base: 0x00000000, Size: 0x00006394, Max: 0x00030000, ABSOLUTE, COMPRESSED[0x00005ca8])

    Execution Region ER_IROM1 (Base: 0x00000000, Size: 0x000051d4, Max: 0x00030000, ABSOLUTE)

    Base Addr    Size         Type   Attr      Idx    E Section Name        Object

    0x00000000   0x000000c0   Data   RO         6935    RESET               startup_fm33a0xx.o
    0x000000c0   0x00000008   Code   RO         6950  * !!!main             c_p.l(__main.o)
    0x000000c8   0x0000003c   Code   RO         7164    !!!scatter          c_p.l(__scatter.o)
    0x00000104   0x0000001c   Code   RO         7166    !!handler_zi        c_p.l(__scatter_zi.o)
    0x00000120   0x00000002   Code   RO         7029    .ARM.Collect$$libinit$$00000000  c_p.l(libinit.o)
    0x00000122   0x00000000   Code   RO         7045    .ARM.Collect$$libinit$$00000002  c_p.l(libinit2.o)
    0x00000122   0x00000000   Code   RO         7047    .ARM.Collect$$libinit$$00000004  c_p.l(libinit2.o)
    0x00000122   0x00000000   Code   RO         7050    .ARM.Collect$$libinit$$0000000A  c_p.l(libinit2.o)
    0x00000122   0x00000000   Code   RO         7052    .ARM.Collect$$libinit$$0000000C  c_p.l(libinit2.o)
    0x00000122   0x00000000   Code   RO         7054    .ARM.Collect$$libinit$$0000000E  c_p.l(libinit2.o)
    0x00000122   0x00000000   Code   RO         7057    .ARM.Collect$$libinit$$00000011  c_p.l(libinit2.o)
    0x00000122   0x00000000   Code   RO         7059    .ARM.Collect$$libinit$$00000013  c_p.l(libinit2.o)
    0x00000122   0x00000000   Code   RO         7061    .ARM.Collect$$libinit$$00000015  c_p.l(libinit2.o)
    0x00000122   0x00000000   Code   RO         7063    .ARM.Collect$$libinit$$00000017  c_p.l(libinit2.o)
    0x00000122   0x00000000   Code   RO         7065    .ARM.Collect$$libinit$$00000019  c_p.l(libinit2.o)
    0x00000122   0x00000000   Code   RO         7067    .ARM.Collect$$libinit$$0000001B  c_p.l(libinit2.o)
    0x00000122   0x00000000   Code   RO         7069    .ARM.Collect$$libinit$$0000001D  c_p.l(libinit2.o)
    0x00000122   0x00000000   Code   RO         7071    .ARM.Collect$$libinit$$0000001F  c_p.l(libinit2.o)
    0x00000122   0x00000000   Code   RO         7073    .ARM.Collect$$libinit$$00000021  c_p.l(libinit2.o)
    0x00000122   0x00000000   Code   RO         7075    .ARM.Collect$$libinit$$00000023  c_p.l(libinit2.o)
    0x00000122   0x00000000   Code   RO         7077    .ARM.Collect$$libinit$$00000025  c_p.l(libinit2.o)
    0x00000122   0x00000000   Code   RO         7081    .ARM.Collect$$libinit$$0000002C  c_p.l(libinit2.o)
    0x00000122   0x00000000   Code   RO         7083    .ARM.Collect$$libinit$$0000002E  c_p.l(libinit2.o)
    0x00000122   0x00000000   Code   RO         7085    .ARM.Collect$$libinit$$00000030  c_p.l(libinit2.o)
    0x00000122   0x00000000   Code   RO         7087    .ARM.Collect$$libinit$$00000032  c_p.l(libinit2.o)
    0x00000122   0x00000002   Code   RO         7088    .ARM.Collect$$libinit$$00000033  c_p.l(libinit2.o)
    0x00000124   0x00000002   Code   RO         7119    .ARM.Collect$$libshutdown$$00000000  c_p.l(libshutdown.o)
    0x00000126   0x00000000   Code   RO         7145    .ARM.Collect$$libshutdown$$00000002  c_p.l(libshutdown2.o)
    0x00000126   0x00000000   Code   RO         7147    .ARM.Collect$$libshutdown$$00000004  c_p.l(libshutdown2.o)
    0x00000126   0x00000000   Code   RO         7150    .ARM.Collect$$libshutdown$$00000007  c_p.l(libshutdown2.o)
    0x00000126   0x00000000   Code   RO         7153    .ARM.Collect$$libshutdown$$0000000A  c_p.l(libshutdown2.o)
    0x00000126   0x00000000   Code   RO         7155    .ARM.Collect$$libshutdown$$0000000C  c_p.l(libshutdown2.o)
    0x00000126   0x00000000   Code   RO         7158    .ARM.Collect$$libshutdown$$0000000F  c_p.l(libshutdown2.o)
    0x00000126   0x00000002   Code   RO         7159    .ARM.Collect$$libshutdown$$00000010  c_p.l(libshutdown2.o)
    0x00000128   0x00000000   Code   RO         6986    .ARM.Collect$$rtentry$$00000000  c_p.l(__rtentry.o)
    0x00000128   0x00000000   Code   RO         6995    .ARM.Collect$$rtentry$$00000002  c_p.l(__rtentry2.o)
    0x00000128   0x00000006   Code   RO         7007    .ARM.Collect$$rtentry$$00000004  c_p.l(__rtentry4.o)
    0x0000012e   0x00000000   Code   RO         6997    .ARM.Collect$$rtentry$$00000009  c_p.l(__rtentry2.o)
    0x0000012e   0x00000004   Code   RO         6998    .ARM.Collect$$rtentry$$0000000A  c_p.l(__rtentry2.o)
    0x00000132   0x00000000   Code   RO         7000    .ARM.Collect$$rtentry$$0000000C  c_p.l(__rtentry2.o)
    0x00000132   0x00000008   Code   RO         7001    .ARM.Collect$$rtentry$$0000000D  c_p.l(__rtentry2.o)
    0x0000013a   0x00000002   Code   RO         7036    .ARM.Collect$$rtexit$$00000000  c_p.l(rtexit.o)
    0x0000013c   0x00000000   Code   RO         7092    .ARM.Collect$$rtexit$$00000002  c_p.l(rtexit2.o)
    0x0000013c   0x00000004   Code   RO         7093    .ARM.Collect$$rtexit$$00000003  c_p.l(rtexit2.o)
    0x00000140   0x00000006   Code   RO         7094    .ARM.Collect$$rtexit$$00000004  c_p.l(rtexit2.o)
    0x00000146   0x00000002   PAD
    0x00000148   0x00000038   Code   RO         6936    .text               startup_fm33a0xx.o
    0x00000180   0x00000040   Code   RO         6942    .text               c_p.l(rt_memclr.o)
    0x000001c0   0x0000015a   Code   RO         6944    .text               c_p.l(aeabi_sdiv.o)
    0x0000031a   0x00000006   Code   RO         6948    .text               c_p.l(heapauxi.o)
    0x00000320   0x0000007c   Code   RO         6952    .text               fz_ps.l(d2f.o)
    0x0000039c   0x00000358   Code   RO         6954    .text               fz_ps.l(daddsub.o)
    0x000006f4   0x00000448   Code   RO         6956    .text               fz_ps.l(ddiv.o)
    0x00000b3c   0x00000048   Code   RO         6959    .text               fz_ps.l(dfixui.o)
    0x00000b84   0x00000058   Code   RO         6961    .text               fz_ps.l(dflti.o)
    0x00000bdc   0x00000248   Code   RO         6963    .text               fz_ps.l(dmul.o)
    0x00000e24   0x00000054   Code   RO         6965    .text               fz_ps.l(f2d.o)
    0x00000e78   0x00000160   Code   RO         6973    .text               fz_ps.l(fdiv.o)
    0x00000fd8   0x00000030   Code   RO         6976    .text               fz_ps.l(ffixui.o)
    0x00001008   0x0000005e   Code   RO         6978    .text               fz_ps.l(fflti.o)
    0x00001066   0x00000002   PAD
    0x00001068   0x00000064   Code   RO         6991    .text               fz_ps.l(fcmpin.o)
    0x000010cc   0x0000002e   Code   RO         7011    .text               fz_ps.l(cmpret.o)
    0x000010fa   0x00000002   PAD
    0x000010fc   0x00000010   Code   RO         7013    .text               fz_ps.l(fnan2.o)
    0x0000110c   0x0000003e   Code   RO         7015    .text               c_p.l(sys_stackheap_outer.o)
    0x0000114a   0x00000010   Code   RO         7018    .text               c_p.l(exit.o)
    0x0000115a   0x0000005e   Code   RO         7030    .text               fz_ps.l(retnan.o)
    0x000011b8   0x00000008   Code   RO         7032    .text               c_p.l(libspace.o)
    0x000011c0   0x0000000c   Code   RO         7089    .text               c_p.l(sys_exit.o)
    0x000011cc   0x00000002   Code   RO         7108    .text               c_p.l(use_no_semi.o)
    0x000011ce   0x00000000   Code   RO         7110    .text               c_p.l(indicate_semi.o)
    0x000011ce   0x00000056   Code   RO         7162    .text               c_p.l(__dczerorl2.o)
    0x00001224   0x00000028   Code   RO          436    i.ADC_IO_Init       adc.o
    0x0000124c   0x00000038   Code   RO          437    i.ADC_Init_TsetExVolt  adc.o
    0x00001284   0x00000038   Code   RO          438    i.ADC_Init_TsetExVolt2  adc.o
    0x000012bc   0x00000038   Code   RO          439    i.ADC_Init_TsetTemperature  adc.o
    0x000012f4   0x00000030   Code   RO          440    i.ADC_Wait_Finish   adc.o
    0x00001324   0x00000024   Code   RO          668    i.ANAC_ADCCON_ADC_EN_Setable  fm33a0xx_anac.o
    0x00001348   0x00000024   Code   RO          670    i.ANAC_ADCCON_ADC_IE_Setable  fm33a0xx_anac.o
    0x0000136c   0x00000020   Code   RO          672    i.ANAC_ADCCON_ADC_VANA_EN_Set  fm33a0xx_anac.o
    0x0000138c   0x00000010   Code   RO          673    i.ANAC_ADCDATA_Read  fm33a0xx_anac.o
    0x0000139c   0x00000018   Code   RO          674    i.ANAC_ADCIF_ADC_IF_Chk  fm33a0xx_anac.o
    0x000013b4   0x0000000c   Code   RO          675    i.ANAC_ADCIF_ADC_IF_Clr  fm33a0xx_anac.o
    0x000013c0   0x00000024   Code   RO          677    i.ANAC_ADCINSEL_BUFBYP_Setable  fm33a0xx_anac.o
    0x000013e4   0x00000024   Code   RO          679    i.ANAC_ADCINSEL_BUFEN_Setable  fm33a0xx_anac.o
    0x00001408   0x0000001c   Code   RO          681    i.ANAC_ADCINSEL_BUFSEL_Set  fm33a0xx_anac.o
    0x00001424   0x00000010   Code   RO          683    i.ANAC_ADCTRIM_Write  fm33a0xx_anac.o
    0x00001434   0x0000008c   Code   RO          684    i.ANAC_ADC_Channel_SetEx  fm33a0xx_anac.o
    0x000014c0   0x000000fc   Code   RO          686    i.ANAC_ADC_TemperatureCalc  fm33a0xx_anac.o
    0x000015bc   0x000000a4   Code   RO          687    i.ANAC_ADC_TemperatureCalcInt  fm33a0xx_anac.o
    0x00001660   0x0000018c   Code   RO          688    i.ANAC_ADC_VoltageCalc  fm33a0xx_anac.o
    0x000017ec   0x00000034   Code   RO          689    i.ANAC_ADC_VoltageCalc2  fm33a0xx_anac.o
    0x00001820   0x000000b4   Code   RO          690    i.ANAC_ADC_VoltageCalcInt  fm33a0xx_anac.o
    0x000018d4   0x00000026   Code   RO          691    i.ANAC_ADC_VoltageCalcInt2  fm33a0xx_anac.o
    0x000018fa   0x00000002   PAD
    0x000018fc   0x00000024   Code   RO          695    i.ANAC_BORCON_OFF_BOR_Setable  fm33a0xx_anac.o
    0x00001920   0x00000024   Code   RO          740    i.ANAC_PDRCON_PDREN_Setable  fm33a0xx_anac.o
    0x00001944   0x000000a6   Code   RO          213    i.AltFunIO          user_init.o
    0x000019ea   0x00000054   Code   RO          214    i.AnalogIO          user_init.o
    0x00001a3e   0x00000002   PAD
    0x00001a40   0x00000020   Code   RO            3    i.BTIMER_DEMO_OUT_GPIO_init  main.o
    0x00001a60   0x0000008c   Code   RO            4    i.BTIMER_PWM_DEMO_init  main.o
    0x00001aec   0x00000020   Code   RO            5    i.BTIMER_PWM_DEMO_start  main.o
    0x00001b0c   0x00000012   Code   RO         1276    i.BTIMx_BTCFG1_GRP1SEL_Set  fm33a0xx_btim.o
    0x00001b1e   0x00000018   Code   RO         1278    i.BTIMx_BTCFG1_GRP2SEL_Set  fm33a0xx_btim.o
    0x00001b36   0x00000018   Code   RO         1280    i.BTIMx_BTCFG1_RTCSEL1_Set  fm33a0xx_btim.o
    0x00001b4e   0x00000018   Code   RO         1282    i.BTIMx_BTCFG1_RTCSEL2_Set  fm33a0xx_btim.o
    0x00001b66   0x00000018   Code   RO         1284    i.BTIMx_BTCFG2_EXSEL1_Set  fm33a0xx_btim.o
    0x00001b7e   0x00000018   Code   RO         1286    i.BTIMx_BTCFG2_EXSEL2_Set  fm33a0xx_btim.o
    0x00001b96   0x00000012   Code   RO         1288    i.BTIMx_BTCFG2_INSEL1_Set  fm33a0xx_btim.o
    0x00001ba8   0x00000018   Code   RO         1290    i.BTIMx_BTCFG2_INSEL2_Set  fm33a0xx_btim.o
    0x00001bc0   0x00000018   Code   RO         1298    i.BTIMx_BTCR1_CAPCLR_Set  fm33a0xx_btim.o
    0x00001bd8   0x00000018   Code   RO         1300    i.BTIMx_BTCR1_CAPMOD_Set  fm33a0xx_btim.o
    0x00001bf0   0x00000018   Code   RO         1302    i.BTIMx_BTCR1_CAPONCE_Set  fm33a0xx_btim.o
    0x00001c08   0x00000018   Code   RO         1304    i.BTIMx_BTCR1_CHEN_Setable  fm33a0xx_btim.o
    0x00001c20   0x00000018   Code   RO         1306    i.BTIMx_BTCR1_CLEN_Setable  fm33a0xx_btim.o
    0x00001c38   0x00000018   Code   RO         1308    i.BTIMx_BTCR1_EDGESEL_Set  fm33a0xx_btim.o
    0x00001c50   0x00000018   Code   RO         1310    i.BTIMx_BTCR1_MODE_Set  fm33a0xx_btim.o
    0x00001c68   0x00000018   Code   RO         1312    i.BTIMx_BTCR1_PWM_Setable  fm33a0xx_btim.o
    0x00001c80   0x00000018   Code   RO         1314    i.BTIMx_BTCR2_CNTHSEL_Set  fm33a0xx_btim.o
    0x00001c98   0x00000018   Code   RO         1316    i.BTIMx_BTCR2_DIREN_Setable  fm33a0xx_btim.o
    0x00001cb0   0x00000012   Code   RO         1318    i.BTIMx_BTCR2_DIRPO_Set  fm33a0xx_btim.o
    0x00001cc2   0x00000018   Code   RO         1320    i.BTIMx_BTCR2_SIG1SEL_Set  fm33a0xx_btim.o
    0x00001cda   0x00000018   Code   RO         1322    i.BTIMx_BTCR2_SIG2SEL_Set  fm33a0xx_btim.o
    0x00001cf2   0x00000018   Code   RO         1324    i.BTIMx_BTCR2_SRCSEL_Set  fm33a0xx_btim.o
    0x00001d0a   0x00000006   Code   RO         1352    i.BTIMx_BTLOADH_Write  fm33a0xx_btim.o
    0x00001d10   0x00000006   Code   RO         1354    i.BTIMx_BTLOADL_Write  fm33a0xx_btim.o
    0x00001d16   0x00000018   Code   RO         1358    i.BTIMx_BTOCR_OUTINV_Set  fm33a0xx_btim.o
    0x00001d2e   0x00000018   Code   RO         1360    i.BTIMx_BTOCR_OUTMOD_Set  fm33a0xx_btim.o
    0x00001d46   0x00000012   Code   RO         1362    i.BTIMx_BTOCR_OUTSEL_Set  fm33a0xx_btim.o
    0x00001d58   0x00000008   Code   RO         1364    i.BTIMx_BTOUTCNT_Write  fm33a0xx_btim.o
    0x00001d60   0x0000001a   Code   RO         1366    i.BTIMx_BTPRESET_PRESETH_Set  fm33a0xx_btim.o
    0x00001d7a   0x00000010   Code   RO         1368    i.BTIMx_BTPRESET_PRESETL_Set  fm33a0xx_btim.o
    0x00001d8a   0x00000006   Code   RO         1370    i.BTIMx_BTPRES_Write  fm33a0xx_btim.o
    0x00001d90   0x0000001c   Code   RO         1371    i.BTIMx_Deinit      fm33a0xx_btim.o
    0x00001dac   0x000000f0   Code   RO         1372    i.BTIMx_Init        fm33a0xx_btim.o
    0x00001e9c   0x00000012   Code   RO          216    i.CheckSysReg       user_init.o
    0x00001eae   0x00000002   PAD
    0x00001eb0   0x00000028   Code   RO          217    i.Close_AllIOEXTI   user_init.o
    0x00001ed8   0x0000031c   Code   RO          218    i.Close_AllIO_GPIO_80pin  user_init.o
    0x000021f4   0x000001c8   Code   RO          219    i.Close_None_GPIO_80pin  user_init.o
    0x000023bc   0x00000040   Code   RO          220    i.CloseeIO          user_init.o
    0x000023fc   0x000000e8   Code   RO          407    i.ETIM1_IRQHandler  interrupt.o
    0x000024e4   0x0000000c   Code   RO          408    i.ETIM2_IRQHandler  interrupt.o
    0x000024f0   0x00000006   Code   RO         6125    i.ETIMx_ETxCMP_Write  fm33a0xx_etim.o
    0x000024f6   0x00000018   Code   RO         6127    i.ETIMx_ETxCR_CAPCLR_Setable  fm33a0xx_etim.o
    0x0000250e   0x00000012   Code   RO         6129    i.ETIMx_ETxCR_CAPEDGE_Set  fm33a0xx_etim.o
    0x00002520   0x00000018   Code   RO         6131    i.ETIMx_ETxCR_CAPMOD_Set  fm33a0xx_etim.o
    0x00002538   0x00000018   Code   RO         6133    i.ETIMx_ETxCR_CAPONCE_Setable  fm33a0xx_etim.o
    0x00002550   0x00000018   Code   RO         6135    i.ETIMx_ETxCR_CASEN_Setable  fm33a0xx_etim.o
    0x00002568   0x00000018   Code   RO         6137    i.ETIMx_ETxCR_CEN_Setable  fm33a0xx_etim.o
    0x00002580   0x00000018   Code   RO         6139    i.ETIMx_ETxCR_EDGESEL_Set  fm33a0xx_etim.o
    0x00002598   0x0000001a   Code   RO         6141    i.ETIMx_ETxCR_EXFLT_Setable  fm33a0xx_etim.o
    0x000025b2   0x00000018   Code   RO         6143    i.ETIMx_ETxCR_MOD_Set  fm33a0xx_etim.o
    0x000025ca   0x0000001a   Code   RO         6145    i.ETIMx_ETxCR_PWM_Setable  fm33a0xx_etim.o
    0x000025e4   0x00000018   Code   RO         6147    i.ETIMx_ETxIE_CAPIE_Setable  fm33a0xx_etim.o
    0x000025fc   0x00000018   Code   RO         6149    i.ETIMx_ETxIE_CMPIE_Setable  fm33a0xx_etim.o
    0x00002614   0x00000018   Code   RO         6151    i.ETIMx_ETxIE_OVIE_Setable  fm33a0xx_etim.o
    0x0000262c   0x00000014   Code   RO         6157    i.ETIMx_ETxIF_OVIF_Chk  fm33a0xx_etim.o
    0x00002640   0x00000006   Code   RO         6158    i.ETIMx_ETxIF_OVIF_Clr  fm33a0xx_etim.o
    0x00002646   0x00000012   Code   RO         6160    i.ETIMx_ETxINSEL_GRP1SEL_Set  fm33a0xx_etim.o
    0x00002658   0x00000018   Code   RO         6162    i.ETIMx_ETxINSEL_GRP2SEL_Set  fm33a0xx_etim.o
    0x00002670   0x00000018   Code   RO         6164    i.ETIMx_ETxINSEL_SIG1SEL_Set  fm33a0xx_etim.o
    0x00002688   0x00000018   Code   RO         6166    i.ETIMx_ETxINSEL_SIG2SEL_Set  fm33a0xx_etim.o
    0x000026a0   0x00000006   Code   RO         6168    i.ETIMx_ETxIVR_Write  fm33a0xx_etim.o
    0x000026a6   0x00000006   Code   RO         6170    i.ETIMx_ETxPESCALE1_Write  fm33a0xx_etim.o
    0x000026ac   0x00000006   Code   RO         6172    i.ETIMx_ETxPESCALE2_Write  fm33a0xx_etim.o
    0x000026b2   0x000000c0   Code   RO         6173    i.ETIMx_Init        fm33a0xx_etim.o
    0x00002772   0x00000002   PAD
    0x00002774   0x0000001c   Code   RO         1911    i.FLASH_FLSRDCON_WAIT_Set  fm33a0xx_flash.o
    0x00002790   0x0000001c   Code   RO         2139    i.GPIO_ANASEL_PC12ANS_Set  fm33a0xx_gpio.o
    0x000027ac   0x00000020   Code   RO         2141    i.GPIO_ANASEL_PC13ANS_Set  fm33a0xx_gpio.o
    0x000027cc   0x00000020   Code   RO         2143    i.GPIO_ANASEL_PC14ANS_Set  fm33a0xx_gpio.o
    0x000027ec   0x00000020   Code   RO         2145    i.GPIO_ANASEL_PC15ANS_Set  fm33a0xx_gpio.o
    0x0000280c   0x00000020   Code   RO         2147    i.GPIO_ANASEL_PE3ANS_Set  fm33a0xx_gpio.o
    0x0000282c   0x00000020   Code   RO         2149    i.GPIO_ANASEL_PE4ANS_Set  fm33a0xx_gpio.o
    0x0000284c   0x0000001c   Code   RO         2158    i.GPIO_FOUTSEL_FOUTSEL_Set  fm33a0xx_gpio.o
    0x00002868   0x00000094   Code   RO         2159    i.GPIO_Get_InitPara  fm33a0xx_gpio.o
    0x000028fc   0x00000024   Code   RO         2161    i.GPIO_HDSEL_PE2HDEN_Setable  fm33a0xx_gpio.o
    0x00002920   0x00000024   Code   RO         2163    i.GPIO_HDSEL_PG6HDEN_Setable  fm33a0xx_gpio.o
    0x00002944   0x00000028   Code   RO         2164    i.GPIO_IODF_SetableEx  fm33a0xx_gpio.o
    0x0000296c   0x00000072   Code   RO         2165    i.GPIO_Init         fm33a0xx_gpio.o
    0x000029de   0x00000002   PAD
    0x000029e0   0x00000020   Code   RO         2166    i.GPIO_PINWKEN_SetableEx  fm33a0xx_gpio.o
    0x00002a00   0x00000014   Code   RO         2168    i.GPIO_ReadInputDataBit  fm33a0xx_gpio.o
    0x00002a14   0x00000004   Code   RO         2171    i.GPIO_ResetBits    fm33a0xx_gpio.o
    0x00002a18   0x00000004   Code   RO         2172    i.GPIO_SetBits      fm33a0xx_gpio.o
    0x00002a1c   0x00000010   Code   RO         2173    i.GPIO_ToggleBits   fm33a0xx_gpio.o
    0x00002a2c   0x00000006   Code   RO         2176    i.GPIOx_DO_Write    fm33a0xx_gpio.o
    0x00002a32   0x00000028   Code   RO          221    i.IO_AnalogFunSet   user_init.o
    0x00002a5a   0x000000c4   Code   RO          222    i.IO_DFFunSet       user_init.o
    0x00002b1e   0x00000044   Code   RO          223    i.IO_WKENFunSet     user_init.o
    0x00002b62   0x00000002   PAD
    0x00002b64   0x00000010   Code   RO         3049    i.IWDT_Clr          fm33a0xx_iwdt.o
    0x00002b74   0x0000001c   Code   RO         3052    i.IWDT_IWDTCFG_IWDTOVP_Set  fm33a0xx_iwdt.o
    0x00002b90   0x00000024   Code   RO         3054    i.IWDT_IWDTCFG_IWDTSLP4096S_Setable  fm33a0xx_iwdt.o
    0x00002bb4   0x00000020   Code   RO          224    i.IWDT_Init         user_init.o
    0x00002bd4   0x0000009c   Code   RO          225    i.Init_IO           user_init.o
    0x00002c70   0x00000020   Code   RO          226    i.Init_PLL          user_init.o
    0x00002c90   0x0000004c   Code   RO          227    i.Init_Pad_Io       user_init.o
    0x00002cdc   0x00000198   Code   RO          228    i.Init_RCC_PERIPH_clk  user_init.o
    0x00002e74   0x00000030   Code   RO          229    i.Init_SysClk       user_init.o
    0x00002ea4   0x0000002e   Code   RO          230    i.Init_SysClk_Gen   user_init.o
    0x00002ed2   0x00000002   PAD
    0x00002ed4   0x00000038   Code   RO          231    i.Init_SysTick      user_init.o
    0x00002f0c   0x00000042   Code   RO          232    i.Init_System       user_init.o
    0x00002f4e   0x00000074   Code   RO          233    i.InputtIO          user_init.o
    0x00002fc2   0x00000002   PAD
    0x00002fc4   0x000001f0   Code   RO          505    i.LCD_Fulldisplay   disp.o
    0x000031b4   0x00000058   Code   RO          506    i.LCD_clear         disp.o
    0x0000320c   0x0000000a   Code   RO          508    i.LCD_on            disp.o
    0x00003216   0x00000002   PAD
    0x00003218   0x000003b0   Code   RO          509    i.Lcd_Display       disp.o
    0x000035c8   0x0000009c   Code   RO          510    i.LoadPic           disp.o
    0x00003664   0x00000074   Code   RO          511    i.LoadSymbol        disp.o
    0x000036d8   0x000000e8   Code   RO          512    i.Lprint_hz12       disp.o
    0x000037c0   0x00000050   Code   RO          513    i.Lprint_hz14       disp.o
    0x00003810   0x00000018   Code   RO            7    i.NVIC_DisableIRQ   main.o
    0x00003828   0x00000018   Code   RO            8    i.NVIC_EnableIRQ    main.o
    0x00003840   0x00000078   Code   RO            9    i.NVIC_SetPriority  main.o
    0x000038b8   0x00000078   Code   RO          236    i.NVIC_SetPriority  user_init.o
    0x00003930   0x00000072   Code   RO          237    i.OutputIO          user_init.o
    0x000039a2   0x00000002   PAD
    0x000039a4   0x00000058   Code   RO         3962    i.RCC_Init_RCHF_Trim  fm33a0xx_rcc.o
    0x000039fc   0x0000001c   Code   RO         3964    i.RCC_MPRIL_MPRIL_Set  fm33a0xx_rcc.o
    0x00003a18   0x00000020   Code   RO         3966    i.RCC_PERCLKCON2_ADCCKSEL_Set  fm33a0xx_rcc.o
    0x00003a38   0x00000068   Code   RO         3967    i.RCC_PERCLK_SetableEx  fm33a0xx_rcc.o
    0x00003aa0   0x00000020   Code   RO         3969    i.RCC_PLLCON_PLLDB_Set  fm33a0xx_rcc.o
    0x00003ac0   0x00000024   Code   RO         3971    i.RCC_PLLCON_PLLEN_Setable  fm33a0xx_rcc.o
    0x00003ae4   0x00000020   Code   RO         3973    i.RCC_PLLCON_PLLINSEL_Set  fm33a0xx_rcc.o
    0x00003b04   0x00000020   Code   RO         3975    i.RCC_PLLCON_PLLOSEL_Set  fm33a0xx_rcc.o
    0x00003b24   0x0000000c   Code   RO         3977    i.RCC_PLLDB_WriteEx  fm33a0xx_rcc.o
    0x00003b30   0x0000001e   Code   RO         3978    i.RCC_PLL_Init      fm33a0xx_rcc.o
    0x00003b4e   0x00000002   PAD
    0x00003b50   0x00000020   Code   RO         3980    i.RCC_RCHFCON_FSEL_Set  fm33a0xx_rcc.o
    0x00003b70   0x00000024   Code   RO         3982    i.RCC_RCHFCON_RCHFEN_Setable  fm33a0xx_rcc.o
    0x00003b94   0x00000010   Code   RO         3984    i.RCC_RCHFTRIM_Write  fm33a0xx_rcc.o
    0x00003ba4   0x00000012   Code   RO         3985    i.RCC_RCHF_Init     fm33a0xx_rcc.o
    0x00003bb6   0x00000002   PAD
    0x00003bb8   0x00000020   Code   RO         3990    i.RCC_SYSCLKSEL_AHBPRES_Set  fm33a0xx_rcc.o
    0x00003bd8   0x00000020   Code   RO         3992    i.RCC_SYSCLKSEL_APBPRES_Set  fm33a0xx_rcc.o
    0x00003bf8   0x00000020   Code   RO         3994    i.RCC_SYSCLKSEL_EXTICKSEL_Set  fm33a0xx_rcc.o
    0x00003c18   0x00000024   Code   RO         3996    i.RCC_SYSCLKSEL_LPM_RCLP_OFF_Setable  fm33a0xx_rcc.o
    0x00003c3c   0x00000028   Code   RO         3998    i.RCC_SYSCLKSEL_SLP_ENEXTI_Setable  fm33a0xx_rcc.o
    0x00003c64   0x0000001c   Code   RO         4000    i.RCC_SYSCLKSEL_SYSCLKSEL_Set  fm33a0xx_rcc.o
    0x00003c80   0x0000002a   Code   RO         4001    i.RCC_SysClk_Init   fm33a0xx_rcc.o
    0x00003caa   0x00000002   PAD
    0x00003cac   0x00000180   Code   RO           10    i.Run_ADC           main.o
    0x00003e2c   0x0000001c   Code   RO           11    i.Run_DISPLAY       main.o
    0x00003e48   0x00000120   Code   RO           12    i.Run_KEY           main.o
    0x00003f68   0x00000024   Code   RO           13    i.Run_LED           main.o
    0x00003f8c   0x00000046   Code   RO          238    i.SCU_Init          user_init.o
    0x00003fd2   0x00000024   Code   RO         4592    i.SCU_MCUDBGCR_DBG_BT1_STOP_Setable  fm33a0xx_scu.o
    0x00003ff6   0x00000024   Code   RO         4594    i.SCU_MCUDBGCR_DBG_BT2_STOP_Setable  fm33a0xx_scu.o
    0x0000401a   0x00000024   Code   RO         4596    i.SCU_MCUDBGCR_DBG_ET1_STOP_Setable  fm33a0xx_scu.o
    0x0000403e   0x00000024   Code   RO         4598    i.SCU_MCUDBGCR_DBG_ET2_STOP_Setable  fm33a0xx_scu.o
    0x00004062   0x00000024   Code   RO         4600    i.SCU_MCUDBGCR_DBG_ET3_STOP_Setable  fm33a0xx_scu.o
    0x00004086   0x00000024   Code   RO         4602    i.SCU_MCUDBGCR_DBG_ET4_STOP_Setable  fm33a0xx_scu.o
    0x000040aa   0x00000024   Code   RO         4604    i.SCU_MCUDBGCR_DBG_IWDT_STOP_Setable  fm33a0xx_scu.o
    0x000040ce   0x00000022   Code   RO         4606    i.SCU_MCUDBGCR_DBG_WWDT_STOP_Setable  fm33a0xx_scu.o
    0x000040f0   0x00000074   Code   RO          514    i.SdCmd             disp.o
    0x00004164   0x0000006c   Code   RO          515    i.SdData            disp.o
    0x000041d0   0x00000010   Code   RO         6904    i.SystemInit        system_fm33a0xx.o
    0x000041e0   0x000000b0   Code   RO          441    i.Test_ADC_ExVolt   adc.o
    0x00004290   0x000000b0   Code   RO          442    i.Test_ADC_ExVolt2  adc.o
    0x00004340   0x00000098   Code   RO          443    i.Test_ADC_Temperature  adc.o
    0x000043d8   0x00000128   Code   RO           14    i.Test_Etimx        main.o
    0x00004500   0x0000002c   Code   RO           15    i.Test_GPIO_InPut   main.o
    0x0000452c   0x00000028   Code   RO          239    i.TicksDelay        user_init.o
    0x00004554   0x00000028   Code   RO          240    i.TicksDelayMs      user_init.o
    0x0000457c   0x0000001c   Code   RO          241    i.TicksDelayUs      user_init.o
    0x00004598   0x0000001c   Code   RO          656    i.__ARM_common_switch8  disp.o
    0x000045b4   0x00000012   Code   RO          516    i.bcd_to_hex        disp.o
    0x000045c6   0x00000002   PAD
    0x000045c8   0x0000023c   Code   RO          517    i.dis_asc36         disp.o
    0x00004804   0x0000016c   Code   RO          518    i.hex2dec           disp.o
    0x00004970   0x0000003c   Code   RO          520    i.hz_seek12         disp.o
    0x000049ac   0x0000003c   Code   RO          521    i.hz_seek14         disp.o
    0x000049e8   0x000001f4   Code   RO          522    i.initLCDM          disp.o
    0x00004bdc   0x0000008c   Code   RO           16    i.main              main.o
    0x00004c68   0x000001bc   Code   RO          523    i.show_asc36        disp.o
    0x00004e24   0x00000036   Code   RO          524    i.show_china12      disp.o
    0x00004e5a   0x00000038   Code   RO          525    i.show_china14      disp.o
    0x00004e92   0x00000002   PAD
    0x00004e94   0x0000008c   Code   RO         6967    x$fpl$fadd          fz_ps.l(faddsub.o)
    0x00004f20   0x00000054   Code   RO         6980    x$fpl$fleqf         fz_ps.l(flef.o)
    0x00004f74   0x000000b0   Code   RO         6982    x$fpl$fmul          fz_ps.l(fmul.o)
    0x00005024   0x000000d0   Code   RO         6969    x$fpl$fsub          fz_ps.l(faddsub.o)
    0x000050f4   0x00000000   Code   RO         6993    x$fpl$usenofp       fz_ps.l(usenofp.o)
    0x000050f4   0x00000080   Data   RO         6957    .constdata          fz_ps.l(ddiv.o)
    0x00005174   0x00000040   Data   RO         6974    .constdata          fz_ps.l(fdiv.o)
    0x000051b4   0x00000020   Data   RO         7160    Region$$Table       anon$$obj.o


    Execution Region RW_IRAM1 (Base: 0x20000000, Size: 0x00002af8, Max: 0x00006000, ABSOLUTE, COMPRESSED[0x00000ad4])

    Base Addr    Size         Type   Attr      Idx    E Section Name        Object

    0x20000000   0x0000000a   Data   RW           18    .data               main.o
    0x2000000a   0x00000002   PAD
    0x2000000c   0x00000018   Data   RW          444    .data               adc.o
    0x20000024   0x00001196   Data   RW          529    .data               disp.o
    0x200011ba   0x00000002   PAD
    0x200011bc   0x00000004   Data   RW         6905    .data               system_fm33a0xx.o
    0x200011c0   0x00000074   Zero   RW           17    .bss                main.o
    0x20001234   0x00000660   Zero   RW          528    .bss                disp.o
    0x20001894   0x00000060   Zero   RW         7033    .bss                c_p.l(libspace.o)
    0x200018f4   0x00000004   PAD
    0x200018f8   0x00000200   Zero   RW         6934    HEAP                startup_fm33a0xx.o
    0x20001af8   0x00001000   Zero   RW         6933    STACK               startup_fm33a0xx.o


==============================================================================

Image component sizes


      Code (inc. data)   RO Data    RW Data    ZI Data      Debug   Object Name

       760         54          0         24          0       5237   adc.o
      4502        390          0       4502       1632      19081   disp.o
      1566        222          0          0          0      10289   fm33a0xx_anac.o
       912          0          0          0          0      18329   fm33a0xx_btim.o
       642          0          0          0          0      13038   fm33a0xx_etim.o
        28          6          0          0          0        510   fm33a0xx_flash.o
       672         58          0          0          0       9885   fm33a0xx_gpio.o
        80         18          0          0          0       1406   fm33a0xx_iwdt.o
       770         90          0          0          0      11051   fm33a0xx_rcc.o
       286          0          0          0          0       3970   fm33a0xx_scu.o
       244         48          0          0          0        950   interrupt.o
      1588        188          0         10        116      65341   main.o
        56         26        192          0       4608        620   startup_fm33a0xx.o
        16          8          0          4          0        651   system_fm33a0xx.o
      3376         78          0          0          0      22772   user_init.o

    ----------------------------------------------------------------------
     15528       1186        224       4544       6356     183130   Object Totals
         0          0         32          0          0          0   (incl. Generated)
        30          0          0          4          0          0   (incl. Padding)

    ----------------------------------------------------------------------

      Code (inc. data)   RO Data    RW Data    ZI Data      Debug   Library Member Name

        86          0          0          0          0          0   __dczerorl2.o
         8          0          0          0          0         68   __main.o
         0          0          0          0          0          0   __rtentry.o
        12          0          0          0          0          0   __rtentry2.o
         6          0          0          0          0          0   __rtentry4.o
        60          8          0          0          0          0   __scatter.o
        28          0          0          0          0          0   __scatter_zi.o
       346          0          0          0          0         92   aeabi_sdiv.o
        16          0          0          0          0         68   exit.o
         6          0          0          0          0        136   heapauxi.o
         0          0          0          0          0          0   indicate_semi.o
         2          0          0          0          0          0   libinit.o
         2          0          0          0          0          0   libinit2.o
         2          0          0          0          0          0   libshutdown.o
         2          0          0          0          0          0   libshutdown2.o
         8          4          0          0         96         68   libspace.o
        64          0          0          0          0        108   rt_memclr.o
         2          0          0          0          0          0   rtexit.o
        10          0          0          0          0          0   rtexit2.o
        12          4          0          0          0         60   sys_exit.o
        62          0          0          0          0         80   sys_stackheap_outer.o
         2          0          0          0          0         68   use_no_semi.o
        46          0          0          0          0         60   cmpret.o
       124          4          0          0          0         72   d2f.o
       856         20          0          0          0        208   daddsub.o
      1096         26        128          0          0        112   ddiv.o
        72          4          0          0          0         68   dfixui.o
        88          0          0          0          0         92   dflti.o
       584         26          0          0          0         84   dmul.o
        84          4          0          0          0         60   f2d.o
       348          8          0          0          0        160   faddsub.o
       100          4          0          0          0         68   fcmpin.o
       352         10         64          0          0         92   fdiv.o
        48          0          0          0          0         60   ffixui.o
        94          0          0          0          0         92   fflti.o
        84          4          0          0          0         76   flef.o
       176          4          0          0          0         80   fmul.o
        16          6          0          0          0         68   fnan2.o
        94          0          0          0          0         68   retnan.o
         0          0          0          0          0          0   usenofp.o

    ----------------------------------------------------------------------
      5004        136        192          0        100       2268   Library Totals
         6          0          0          0          4          0   (incl. Padding)

    ----------------------------------------------------------------------

      Code (inc. data)   RO Data    RW Data    ZI Data      Debug   Library Name

       736         16          0          0         96        748   c_p.l
      4262        120        192          0          0       1520   fz_ps.l

    ----------------------------------------------------------------------
      5004        136        192          0        100       2268   Library Totals

    ----------------------------------------------------------------------

==============================================================================


      Code (inc. data)   RO Data    RW Data    ZI Data      Debug   

     20532       1322        416       4544       6456     175854   Grand Totals
     20532       1322        416       2772       6456     175854   ELF Image Totals (compressed)
     20532       1322        416       2772          0          0   ROM Totals

==============================================================================

    Total RO  Size (Code + RO Data)                20948 (  20.46kB)
    Total RW  Size (RW Data + ZI Data)             11000 (  10.74kB)
    Total ROM Size (Code + RO Data + RW Data)      23720 (  23.16kB)

==============================================================================

