Component: ARM Compiler 5.06 update 1 (build 61) Tool: armlink [4d35a8]

==============================================================================

Section Cross References

    main.o(i.main) refers to user_init.o(i.Init_System) for Init_System
    main.o(i.main) refers to fm33a0xx_iwdt.o(i.IWDT_Clr) for IWDT_Clr
    main.o(i.main) refers to fm33a0xx_gpio.o(i.GPIO_ToggleBits) for GPIO_ToggleBits
    main.o(i.main) refers to user_init.o(i.TicksDelayMs) for TicksDelayMs
    user_init.o(i.AltFunIO) refers to fm33a0xx_gpio.o(i.GPIO_Get_InitPara) for GPIO_Get_InitPara
    user_init.o(i.AltFunIO) refers to fm33a0xx_gpio.o(i.GPIO_Init) for GPIO_Init
    user_init.o(i.AnalogIO) refers to fm33a0xx_gpio.o(i.GPIO_Get_InitPara) for GPIO_Get_InitPara
    user_init.o(i.AnalogIO) refers to fm33a0xx_gpio.o(i.GPIO_Init) for GPIO_Init
    user_init.o(i.Close_AllIOEXTI) refers to user_init.o(i.CheckSysReg) for CheckSysReg
    user_init.o(i.Close_AllIO_GPIO_80pin) refers to user_init.o(i.Close_AllIOEXTI) for Close_AllIOEXTI
    user_init.o(i.Close_AllIO_GPIO_80pin) refers to fm33a0xx_gpio.o(i.GPIO_HDSEL_PE2HDEN_Setable) for GPIO_HDSEL_PE2HDEN_Setable
    user_init.o(i.Close_AllIO_GPIO_80pin) refers to fm33a0xx_gpio.o(i.GPIO_HDSEL_PG6HDEN_Setable) for GPIO_HDSEL_PG6HDEN_Setable
    user_init.o(i.Close_AllIO_GPIO_80pin) refers to fm33a0xx_gpio.o(i.GPIO_FOUTSEL_FOUTSEL_Set) for GPIO_FOUTSEL_FOUTSEL_Set
    user_init.o(i.Close_AllIO_GPIO_80pin) refers to user_init.o(i.IO_AnalogFunSet) for IO_AnalogFunSet
    user_init.o(i.Close_AllIO_GPIO_80pin) refers to user_init.o(i.IO_DFFunSet) for IO_DFFunSet
    user_init.o(i.Close_AllIO_GPIO_80pin) refers to user_init.o(i.IO_WKENFunSet) for IO_WKENFunSet
    user_init.o(i.Close_AllIO_GPIO_80pin) refers to user_init.o(i.CloseeIO) for CloseeIO
    user_init.o(i.Close_AllIO_GPIO_80pin) refers to user_init.o(i.AltFunIO) for AltFunIO
    user_init.o(i.Close_None_GPIO_80pin) refers to user_init.o(i.CloseeIO) for CloseeIO
    user_init.o(i.CloseeIO) refers to fm33a0xx_gpio.o(i.GPIO_Get_InitPara) for GPIO_Get_InitPara
    user_init.o(i.CloseeIO) refers to fm33a0xx_gpio.o(i.GPIO_SetBits) for GPIO_SetBits
    user_init.o(i.CloseeIO) refers to user_init.o(i.OutputIO) for OutputIO
    user_init.o(i.IO_AnalogFunSet) refers to fm33a0xx_gpio.o(i.GPIO_ANASEL_PE4ANS_Set) for GPIO_ANASEL_PE4ANS_Set
    user_init.o(i.IO_AnalogFunSet) refers to fm33a0xx_gpio.o(i.GPIO_ANASEL_PE3ANS_Set) for GPIO_ANASEL_PE3ANS_Set
    user_init.o(i.IO_AnalogFunSet) refers to fm33a0xx_gpio.o(i.GPIO_ANASEL_PC15ANS_Set) for GPIO_ANASEL_PC15ANS_Set
    user_init.o(i.IO_AnalogFunSet) refers to fm33a0xx_gpio.o(i.GPIO_ANASEL_PC14ANS_Set) for GPIO_ANASEL_PC14ANS_Set
    user_init.o(i.IO_AnalogFunSet) refers to fm33a0xx_gpio.o(i.GPIO_ANASEL_PC13ANS_Set) for GPIO_ANASEL_PC13ANS_Set
    user_init.o(i.IO_AnalogFunSet) refers to fm33a0xx_gpio.o(i.GPIO_ANASEL_PC12ANS_Set) for GPIO_ANASEL_PC12ANS_Set
    user_init.o(i.IO_DFFunSet) refers to fm33a0xx_gpio.o(i.GPIO_IODF_SetableEx) for GPIO_IODF_SetableEx
    user_init.o(i.IO_WKENFunSet) refers to fm33a0xx_gpio.o(i.GPIO_PINWKEN_SetableEx) for GPIO_PINWKEN_SetableEx
    user_init.o(i.IWDT_Init) refers to fm33a0xx_rcc.o(i.RCC_PERCLK_SetableEx) for RCC_PERCLK_SetableEx
    user_init.o(i.IWDT_Init) refers to fm33a0xx_iwdt.o(i.IWDT_Clr) for IWDT_Clr
    user_init.o(i.IWDT_Init) refers to fm33a0xx_iwdt.o(i.IWDT_IWDTCFG_IWDTOVP_Set) for IWDT_IWDTCFG_IWDTOVP_Set
    user_init.o(i.IWDT_Init) refers to fm33a0xx_iwdt.o(i.IWDT_IWDTCFG_IWDTSLP4096S_Setable) for IWDT_IWDTCFG_IWDTSLP4096S_Setable
    user_init.o(i.Init_IO) refers to fm33a0xx_gpio.o(i.GPIO_SetBits) for GPIO_SetBits
    user_init.o(i.Init_IO) refers to user_init.o(i.OutputIO) for OutputIO
    user_init.o(i.Init_PLL) refers to fm33a0xx_rcc.o(i.RCC_PLL_Init) for RCC_PLL_Init
    user_init.o(i.Init_PLL) refers to fm33a0xx_rcc.o(i.RCC_PLLCON_PLLEN_Setable) for RCC_PLLCON_PLLEN_Setable
    user_init.o(i.Init_Pad_Io) refers to fm33a0xx_gpio.o(i.GPIOx_DO_Write) for GPIOx_DO_Write
    user_init.o(i.Init_RCC_PERIPH_clk) refers to fm33a0xx_rcc.o(i.RCC_PERCLK_SetableEx) for RCC_PERCLK_SetableEx
    user_init.o(i.Init_SysClk) refers to fm33a0xx_rcc.o(i.RCC_RCHF_Init) for RCC_RCHF_Init
    user_init.o(i.Init_SysClk) refers to fm33a0xx_rcc.o(i.RCC_SysClk_Init) for RCC_SysClk_Init
    user_init.o(i.Init_SysClk_Gen) refers to fm33a0xx_flash.o(i.FLASH_FLSRDCON_WAIT_Set) for FLASH_FLSRDCON_WAIT_Set
    user_init.o(i.Init_SysClk_Gen) refers to user_init.o(i.Init_PLL) for Init_PLL
    user_init.o(i.Init_SysClk_Gen) refers to user_init.o(i.Init_SysClk) for Init_SysClk
    user_init.o(i.Init_SysClk_Gen) refers to user_init.o(i.Init_RCC_PERIPH_clk) for Init_RCC_PERIPH_clk
    user_init.o(i.Init_SysClk_Gen) refers to fm33a0xx_rcc.o(i.RCC_MPRIL_MPRIL_Set) for RCC_MPRIL_MPRIL_Set
    user_init.o(i.Init_SysClk_Gen) refers to fm33a0xx_anac.o(i.ANAC_PDRCON_PDREN_Setable) for ANAC_PDRCON_PDREN_Setable
[...]
    Removing fm33a0xx_scu.o(i.SCU_HDFFLAG_DABORT_RESP_FLAG_Clr), (8 bytes).
    Removing fm33a0xx_scu.o(i.SCU_HDFFLAG_HDF_REQUEST_FLAG_Chk), (22 bytes).
    Removing fm33a0xx_scu.o(i.SCU_HDFFLAG_HDF_REQUEST_FLAG_Clr), (8 bytes).
    Removing fm33a0xx_scu.o(i.SCU_HDFFLAG_SPECIAL_OP_FLAG_Chk), (22 bytes).
    Removing fm33a0xx_scu.o(i.SCU_HDFFLAG_SPECIAL_OP_FLAG_Clr), (8 bytes).
    Removing fm33a0xx_scu.o(i.SCU_HDFFLAG_SVCUNDEF_FLAG_Chk), (22 bytes).
    Removing fm33a0xx_scu.o(i.SCU_HDFFLAG_SVCUNDEF_FLAG_Clr), (8 bytes).
    Removing fm33a0xx_scu.o(i.SCU_HDFFLAG_TBIT_FLAG_Chk), (22 bytes).
    Removing fm33a0xx_scu.o(i.SCU_HDFFLAG_TBIT_FLAG_Clr), (8 bytes).
    Removing fm33a0xx_scu.o(i.SCU_MCUDBGCR_DBG_BT1_STOP_Getable), (24 bytes).
    Removing fm33a0xx_scu.o(i.SCU_MCUDBGCR_DBG_BT2_STOP_Getable), (24 bytes).
    Removing fm33a0xx_scu.o(i.SCU_MCUDBGCR_DBG_ET1_STOP_Getable), (24 bytes).
    Removing fm33a0xx_scu.o(i.SCU_MCUDBGCR_DBG_ET2_STOP_Getable), (24 bytes).
    Removing fm33a0xx_scu.o(i.SCU_MCUDBGCR_DBG_ET3_STOP_Getable), (24 bytes).
    Removing fm33a0xx_scu.o(i.SCU_MCUDBGCR_DBG_ET4_STOP_Getable), (24 bytes).
    Removing fm33a0xx_scu.o(i.SCU_MCUDBGCR_DBG_IWDT_STOP_Getable), (22 bytes).
    Removing fm33a0xx_scu.o(i.SCU_MCUDBGCR_DBG_WWDT_STOP_Getable), (22 bytes).
    Removing fm33a0xx_spi.o(.rev16_text), (4 bytes).
    Removing fm33a0xx_spi.o(.revsh_text), (4 bytes).
    Removing fm33a0xx_spi.o(i.SPI_Master_Init), (160 bytes).
    Removing fm33a0xx_spi.o(i.SPI_RW_Byte), (94 bytes).
    Removing fm33a0xx_spi.o(i.SPI_Recv_Byte), (14 bytes).
    Removing fm33a0xx_spi.o(i.SPI_SSN_Set_High), (14 bytes).
    Removing fm33a0xx_spi.o(i.SPI_SSN_Set_Low), (14 bytes).
    Removing fm33a0xx_spi.o(i.SPI_Send_Byte), (16 bytes).
    Removing fm33a0xx_spi.o(i.SPI_Slave_Init), (128 bytes).
    Removing fm33a0xx_spi.o(i.SPIx_Deinit), (18 bytes).
    Removing fm33a0xx_spi.o(i.SPIx_SPICR1_BAUD_Get), (10 bytes).
    Removing fm33a0xx_spi.o(i.SPIx_SPICR1_BAUD_Set), (24 bytes).
    Removing fm33a0xx_spi.o(i.SPIx_SPICR1_CPHA_Get), (10 bytes).
    Removing fm33a0xx_spi.o(i.SPIx_SPICR1_CPHA_Set), (18 bytes).
    Removing fm33a0xx_spi.o(i.SPIx_SPICR1_CPHOL_Get), (10 bytes).
    Removing fm33a0xx_spi.o(i.SPIx_SPICR1_CPHOL_Set), (24 bytes).
    Removing fm33a0xx_spi.o(i.SPIx_SPICR1_LSBF_Get), (10 bytes).
    Removing fm33a0xx_spi.o(i.SPIx_SPICR1_LSBF_Set), (24 bytes).
    Removing fm33a0xx_spi.o(i.SPIx_SPICR1_MM_Get), (12 bytes).
    Removing fm33a0xx_spi.o(i.SPIx_SPICR1_MM_Set), (26 bytes).
    Removing fm33a0xx_spi.o(i.SPIx_SPICR1_MSPA_Get), (12 bytes).
    Removing fm33a0xx_spi.o(i.SPIx_SPICR1_MSPA_Set), (26 bytes).
    Removing fm33a0xx_spi.o(i.SPIx_SPICR1_SSPA_Get), (12 bytes).
    Removing fm33a0xx_spi.o(i.SPIx_SPICR1_SSPA_Set), (26 bytes).
    Removing fm33a0xx_spi.o(i.SPIx_SPICR1_WAIT_Get), (10 bytes).
    Removing fm33a0xx_spi.o(i.SPIx_SPICR1_WAIT_Set), (24 bytes).
    Removing fm33a0xx_spi.o(i.SPIx_SPICR2_FLTEN_Getable), (20 bytes).
    Removing fm33a0xx_spi.o(i.SPIx_SPICR2_FLTEN_Setable), (24 bytes).
    Removing fm33a0xx_spi.o(i.SPIx_SPICR2_SPIEN_Getable), (20 bytes).
    Removing fm33a0xx_spi.o(i.SPIx_SPICR2_SPIEN_Setable), (24 bytes).
    Removing fm33a0xx_spi.o(i.SPIx_SPICR2_SSNM_Get), (10 bytes).
    Removing fm33a0xx_spi.o(i.SPIx_SPICR2_SSNM_Set), (24 bytes).
    Removing fm33a0xx_spi.o(i.SPIx_SPICR2_SSNSEN_Get), (10 bytes).
    Removing fm33a0xx_spi.o(i.SPIx_SPICR2_SSNSEN_Set), (24 bytes).
    Removing fm33a0xx_spi.o(i.SPIx_SPICR2_SSN_Get), (10 bytes).
    Removing fm33a0xx_spi.o(i.SPIx_SPICR2_SSN_Set), (24 bytes).
    Removing fm33a0xx_spi.o(i.SPIx_SPICR2_TXO_AC_Get), (10 bytes).
    Removing fm33a0xx_spi.o(i.SPIx_SPICR2_TXO_AC_Set), (24 bytes).
    Removing fm33a0xx_spi.o(i.SPIx_SPICR2_TXO_Getable), (20 bytes).
    Removing fm33a0xx_spi.o(i.SPIx_SPICR2_TXO_Setable), (24 bytes).
    Removing fm33a0xx_spi.o(i.SPIx_SPICR3_MERRC_Clr), (6 bytes).
    Removing fm33a0xx_spi.o(i.SPIx_SPICR3_RXBFC_Clr), (6 bytes).
    Removing fm33a0xx_spi.o(i.SPIx_SPICR3_SERRC_Clr), (6 bytes).
    Removing fm33a0xx_spi.o(i.SPIx_SPICR3_TXBFC_Clr), (6 bytes).
    Removing fm33a0xx_spi.o(i.SPIx_SPIIE_ERRIE_Getable), (20 bytes).
    Removing fm33a0xx_spi.o(i.SPIx_SPIIE_ERRIE_Setable), (24 bytes).
    Removing fm33a0xx_spi.o(i.SPIx_SPIIE_RXIE_Getable), (20 bytes).
    Removing fm33a0xx_spi.o(i.SPIx_SPIIE_RXIE_Setable), (24 bytes).
    Removing fm33a0xx_spi.o(i.SPIx_SPIIE_TXIE_Getable), (20 bytes).
    Removing fm33a0xx_spi.o(i.SPIx_SPIIE_TXIE_Setable), (24 bytes).
    Removing fm33a0xx_spi.o(i.SPIx_SPIIF_BUSY_Chk), (20 bytes).
    Removing fm33a0xx_spi.o(i.SPIx_SPIIF_MERR_Chk), (20 bytes).
    Removing fm33a0xx_spi.o(i.SPIx_SPIIF_RXBF_Chk), (20 bytes).
    Removing fm33a0xx_spi.o(i.SPIx_SPIIF_RXCOL_Chk), (20 bytes).
    Removing fm33a0xx_spi.o(i.SPIx_SPIIF_RXCOL_Clr), (6 bytes).
    Removing fm33a0xx_spi.o(i.SPIx_SPIIF_SERR_Chk), (20 bytes).
    Removing fm33a0xx_spi.o(i.SPIx_SPIIF_TXBE_Chk), (20 bytes).
    Removing fm33a0xx_spi.o(i.SPIx_SPIIF_TXCOL_Chk), (20 bytes).
    Removing fm33a0xx_spi.o(i.SPIx_SPIIF_TXCOL_Clr), (6 bytes).
    Removing fm33a0xx_spi.o(i.SPIx_SPIRXBUF_Read), (8 bytes).
    Removing fm33a0xx_spi.o(i.SPIx_SPIRXBUF_Write), (6 bytes).
    Removing fm33a0xx_spi.o(i.SPIx_SPITXBUF_Read), (8 bytes).
    Removing fm33a0xx_spi.o(i.SPIx_SPITXBUF_Write), (6 bytes).
    Removing fm33a0xx_uart.o(.rev16_text), (4 bytes).
    Removing fm33a0xx_uart.o(.revsh_text), (4 bytes).
    Removing fm33a0xx_uart.o(i.UART_All_Deinit), (60 bytes).
    Removing fm33a0xx_uart.o(i.UART_BaudREGCalc), (100 bytes).
    Removing fm33a0xx_uart.o(i.UART_Deinit), (16 bytes).
    Removing fm33a0xx_uart.o(i.UART_IRCON_IRFLAG_Getable), (28 bytes).
    Removing fm33a0xx_uart.o(i.UART_IRCON_IRFLAG_Setable), (40 bytes).
    Removing fm33a0xx_uart.o(i.UART_IRCON_TH_Get), (16 bytes).
    Removing fm33a0xx_uart.o(i.UART_IRCON_TH_Set), (32 bytes).
    Removing fm33a0xx_uart.o(i.UART_IRCON_TZBRG_Get), (16 bytes).
    Removing fm33a0xx_uart.o(i.UART_IRCON_TZBRG_Set), (28 bytes).
    Removing fm33a0xx_uart.o(i.UART_IRModulation_Init), (284 bytes).
    Removing fm33a0xx_uart.o(i.UART_Init), (130 bytes).
    Removing fm33a0xx_uart.o(i.UART_SInit), (142 bytes).
    Removing fm33a0xx_uart.o(i.UART_UARTIE_RxTxIE_GetableEx), (44 bytes).
    Removing fm33a0xx_uart.o(i.UART_UARTIE_RxTxIE_SetableEx), (64 bytes).
    Removing fm33a0xx_uart.o(i.UART_UARTIF_RxTxIF_ChkEx), (44 bytes).
    Removing fm33a0xx_uart.o(i.UART_UARTIF_RxTxIF_ClrEx), (24 bytes).
    Removing fm33a0xx_uart.o(i.UARTx_Deinit), (32 bytes).
    Removing fm33a0xx_uart.o(i.UARTx_RTXCON_RTX7EN_Getable), (20 bytes).
    Removing fm33a0xx_uart.o(i.UARTx_RTXCON_RTX7EN_Setable), (24 bytes).
    Removing fm33a0xx_uart.o(i.UARTx_RTXCON_RXDFLAG_Getable), (20 bytes).
    Removing fm33a0xx_uart.o(i.UARTx_RTXCON_RXDFLAG_Setable), (24 bytes).
    Removing fm33a0xx_uart.o(i.UARTx_RTXCON_TXDFLAG_Getable), (20 bytes).
    Removing fm33a0xx_uart.o(i.UARTx_RTXCON_TXDFLAG_Setable), (24 bytes).
    Removing fm33a0xx_uart.o(i.UARTx_RXBUFSTA_RXFF_Chk), (20 bytes).
    Removing fm33a0xx_uart.o(i.UARTx_RXREG_Read), (8 bytes).
    Removing fm33a0xx_uart.o(i.UARTx_RXSTA_ERRIE_Getable), (20 bytes).
    Removing fm33a0xx_uart.o(i.UARTx_RXSTA_ERRIE_Setable), (24 bytes).
    Removing fm33a0xx_uart.o(i.UARTx_RXSTA_FERR_Chk), (20 bytes).
    Removing fm33a0xx_uart.o(i.UARTx_RXSTA_FERR_Clr), (10 bytes).
    Removing fm33a0xx_uart.o(i.UARTx_RXSTA_OERR_Chk), (20 bytes).
    Removing fm33a0xx_uart.o(i.UARTx_RXSTA_OERR_Clr), (10 bytes).
    Removing fm33a0xx_uart.o(i.UARTx_RXSTA_PDSEL_Get), (10 bytes).
    Removing fm33a0xx_uart.o(i.UARTx_RXSTA_PDSEL_Set), (24 bytes).
    Removing fm33a0xx_uart.o(i.UARTx_RXSTA_PERR_Chk), (20 bytes).
    Removing fm33a0xx_uart.o(i.UARTx_RXSTA_PERR_Clr), (10 bytes).
    Removing fm33a0xx_uart.o(i.UARTx_RXSTA_RX9D_Chk), (20 bytes).
    Removing fm33a0xx_uart.o(i.UARTx_RXSTA_RXEN_Getable), (20 bytes).
    Removing fm33a0xx_uart.o(i.UARTx_RXSTA_RXEN_Setable), (24 bytes).
    Removing fm33a0xx_uart.o(i.UARTx_SPBRG_Read), (8 bytes).
    Removing fm33a0xx_uart.o(i.UARTx_SPBRG_Write), (6 bytes).
    Removing fm33a0xx_uart.o(i.UARTx_TXBUFSTA_TXFF_Chk), (20 bytes).
    Removing fm33a0xx_uart.o(i.UARTx_TXBUFSTA_TX_INTSEL_Get), (10 bytes).
    Removing fm33a0xx_uart.o(i.UARTx_TXBUFSTA_TX_INTSEL_Set), (24 bytes).
    Removing fm33a0xx_uart.o(i.UARTx_TXREG_Write), (6 bytes).
    Removing fm33a0xx_uart.o(i.UARTx_TXSTA_IREN_Getable), (20 bytes).
    Removing fm33a0xx_uart.o(i.UARTx_TXSTA_IREN_Setable), (24 bytes).
    Removing fm33a0xx_uart.o(i.UARTx_TXSTA_STOPSEL_Get), (10 bytes).
    Removing fm33a0xx_uart.o(i.UARTx_TXSTA_STOPSEL_Set), (24 bytes).
    Removing fm33a0xx_uart.o(i.UARTx_TXSTA_TX9D_Set), (18 bytes).
    Removing fm33a0xx_uart.o(i.UARTx_TXSTA_TXEN_Getable), (20 bytes).
    Removing fm33a0xx_uart.o(i.UARTx_TXSTA_TXEN_Setable), (24 bytes).
    Removing fm33a0xx_uart.o(i.UARTx_TXSTA_TXIS_Get), (10 bytes).
    Removing fm33a0xx_uart.o(i.UARTx_TXSTA_TXIS_Set), (24 bytes).
    Removing fm33a0xx_wwdt.o(.rev16_text), (4 bytes).
    Removing fm33a0xx_wwdt.o(.revsh_text), (4 bytes).
    Removing fm33a0xx_wwdt.o(i.WWDT_Clr), (12 bytes).
    Removing fm33a0xx_wwdt.o(i.WWDT_Deinit), (2 bytes).
    Removing fm33a0xx_wwdt.o(i.WWDT_Start), (12 bytes).
    Removing fm33a0xx_wwdt.o(i.WWDT_WWDTCFG_WWDTCFG_Get), (16 bytes).
    Removing fm33a0xx_wwdt.o(i.WWDT_WWDTCFG_WWDTCFG_Set), (28 bytes).
    Removing fm33a0xx_wwdt.o(i.WWDT_WWDTCNT_Read), (16 bytes).
    Removing fm33a0xx_wwdt.o(i.WWDT_WWDTCON_Write), (12 bytes).
    Removing fm33a0xx_wwdt.o(i.WWDT_WWDTDIV_Read), (16 bytes).
    Removing fm33a0xx_wwdt.o(i.WWDT_WWDTIE_WWDTIE_Getable), (24 bytes).
    Removing fm33a0xx_wwdt.o(i.WWDT_WWDTIE_WWDTIE_Setable), (36 bytes).
    Removing fm33a0xx_wwdt.o(i.WWDT_WWDTIF_WWDTIF_Chk), (24 bytes).
    Removing fm33a0xx_wwdt.o(i.WWDT_WWDTIF_WWDTIF_Clr), (12 bytes).
    Removing fm33a0xx_aes.o(.rev16_text), (4 bytes).
    Removing fm33a0xx_aes.o(.revsh_text), (4 bytes).
    Removing fm33a0xx_aes.o(i.AES_AESCR_AESEN_Getable), (24 bytes).
    Removing fm33a0xx_aes.o(i.AES_AESCR_AESEN_Setable), (36 bytes).
    Removing fm33a0xx_aes.o(i.AES_AESCR_CCFC_Clr), (20 bytes).
    Removing fm33a0xx_aes.o(i.AES_AESCR_CCFIE_Getable), (28 bytes).
    Removing fm33a0xx_aes.o(i.AES_AESCR_CCFIE_Setable), (40 bytes).
    Removing fm33a0xx_aes.o(i.AES_AESCR_CHMOD_Get), (16 bytes).
    Removing fm33a0xx_aes.o(i.AES_AESCR_CHMOD_Set), (32 bytes).
    Removing fm33a0xx_aes.o(i.AES_AESCR_DATATYP_Get), (16 bytes).
    Removing fm33a0xx_aes.o(i.AES_AESCR_DATATYP_Set), (32 bytes).
    Removing fm33a0xx_aes.o(i.AES_AESCR_DMAIEN_Getable), (28 bytes).
    Removing fm33a0xx_aes.o(i.AES_AESCR_DMAIEN_Setable), (40 bytes).
    Removing fm33a0xx_aes.o(i.AES_AESCR_DMAOEN_Getable), (28 bytes).
    Removing fm33a0xx_aes.o(i.AES_AESCR_DMAOEN_Setable), (40 bytes).
    Removing fm33a0xx_aes.o(i.AES_AESCR_ERRC_Clr), (20 bytes).
    Removing fm33a0xx_aes.o(i.AES_AESCR_ERRIE_Getable), (28 bytes).
    Removing fm33a0xx_aes.o(i.AES_AESCR_ERRIE_Setable), (40 bytes).
    Removing fm33a0xx_aes.o(i.AES_AESCR_KEYLEN_Get), (16 bytes).
    Removing fm33a0xx_aes.o(i.AES_AESCR_KEYLEN_Set), (32 bytes).
    Removing fm33a0xx_aes.o(i.AES_AESCR_MODE_Get), (16 bytes).
    Removing fm33a0xx_aes.o(i.AES_AESCR_MODE_Set), (32 bytes).
    Removing fm33a0xx_aes.o(i.AES_AESDIN_GroupWrite_128BIT), (56 bytes).
    Removing fm33a0xx_aes.o(i.AES_AESDIN_Read), (12 bytes).
    Removing fm33a0xx_aes.o(i.AES_AESDIN_Write), (12 bytes).
    Removing fm33a0xx_aes.o(i.AES_AESDOUT_GroupRead_128BIT), (152 bytes).
    Removing fm33a0xx_aes.o(i.AES_AESDOUT_Read), (12 bytes).
    Removing fm33a0xx_aes.o(i.AES_AESDOUT_Write), (12 bytes).
    Removing fm33a0xx_aes.o(i.AES_AESIF_CCF_Chk), (24 bytes).
    Removing fm33a0xx_aes.o(i.AES_AESIF_RDERR_Chk), (24 bytes).
    Removing fm33a0xx_aes.o(i.AES_AESIF_WRERR_Chk), (24 bytes).
    Removing fm33a0xx_aes.o(i.AES_AESIVR_ReadEx), (80 bytes).
    Removing fm33a0xx_aes.o(i.AES_AESIVR_WriteEx), (72 bytes).
    Removing fm33a0xx_aes.o(i.AES_AESKEY_ReadEx), (92 bytes).
    Removing fm33a0xx_aes.o(i.AES_AESKEY_WriteEx), (88 bytes).
    Removing fm33a0xx_aes.o(i.AES_Deinit), (40 bytes).
    Removing fm33a0xx_aes.o(i.AES_GroupWriteAndRead_128BIT), (66 bytes).
    Removing fm33a0xx_aes.o(i.AES_Init), (60 bytes).
    Removing fm33a0xx_crc.o(.rev16_text), (4 bytes).
    Removing fm33a0xx_crc.o(.revsh_text), (4 bytes).
    Removing fm33a0xx_crc.o(i.CRC_CRCCR_BUSY_Chk), (24 bytes).
    Removing fm33a0xx_crc.o(i.CRC_CRCCR_CRCSEL_Get), (16 bytes).
    Removing fm33a0xx_crc.o(i.CRC_CRCCR_CRCSEL_Set), (28 bytes).
    Removing fm33a0xx_crc.o(i.CRC_CRCCR_RES_Chk), (24 bytes).
    Removing fm33a0xx_crc.o(i.CRC_CRCCR_RFLTIN_Getable), (24 bytes).
    Removing fm33a0xx_crc.o(i.CRC_CRCCR_RFLTIN_Setable), (36 bytes).
    Removing fm33a0xx_crc.o(i.CRC_CRCCR_RFLTO_Getable), (24 bytes).
    Removing fm33a0xx_crc.o(i.CRC_CRCCR_RFLTO_Setable), (36 bytes).
    Removing fm33a0xx_crc.o(i.CRC_CRCCR_XOR_Getable), (24 bytes).
    Removing fm33a0xx_crc.o(i.CRC_CRCCR_XOR_Setable), (36 bytes).
    Removing fm33a0xx_crc.o(i.CRC_CRCDR_Read), (12 bytes).
    Removing fm33a0xx_crc.o(i.CRC_CRCDR_Write), (12 bytes).
    Removing fm33a0xx_crc.o(i.CRC_CRCFLSAD_Read), (16 bytes).
    Removing fm33a0xx_crc.o(i.CRC_CRCFLSAD_Write), (16 bytes).
    Removing fm33a0xx_crc.o(i.CRC_CRCFLSEN_FLSCRCEN_Getable), (24 bytes).
    Removing fm33a0xx_crc.o(i.CRC_CRCFLSEN_FLSCRCEN_Setable), (36 bytes).
    Removing fm33a0xx_crc.o(i.CRC_CRCFLSSIZE_Read), (16 bytes).
    Removing fm33a0xx_crc.o(i.CRC_CRCFLSSIZE_Write), (16 bytes).
    Removing fm33a0xx_crc.o(i.CRC_CRCLFSR_Read), (12 bytes).
    Removing fm33a0xx_crc.o(i.CRC_CRCLFSR_Write), (12 bytes).
    Removing fm33a0xx_crc.o(i.CRC_CRCXOR_Read), (12 bytes).
    Removing fm33a0xx_crc.o(i.CRC_CRCXOR_Write), (12 bytes).
    Removing fm33a0xx_crc.o(i.CRC_Deinit), (32 bytes).
    Removing fm33a0xx_crc.o(i.CRC_Init), (36 bytes).
    Removing fm33a0xx_dma.o(.rev16_text), (4 bytes).
    Removing fm33a0xx_dma.o(.revsh_text), (4 bytes).
    Removing fm33a0xx_dma.o(i.DMA_CH7FLSAD_Write), (12 bytes).
    Removing fm33a0xx_dma.o(i.DMA_CH7RAMAD_Write), (12 bytes).
    Removing fm33a0xx_dma.o(i.DMA_CHSTATUS_DMACHxFT_Chk), (32 bytes).
    Removing fm33a0xx_dma.o(i.DMA_CHSTATUS_DMACHxFT_Clr), (16 bytes).
    Removing fm33a0xx_dma.o(i.DMA_CHSTATUS_DMACHxHT_Chk), (28 bytes).
    Removing fm33a0xx_dma.o(i.DMA_CHSTATUS_DMACHxHT_Clr), (16 bytes).
    Removing fm33a0xx_dma.o(i.DMA_CHxCTRL_EN_Setable), (40 bytes).
    Removing fm33a0xx_dma.o(i.DMA_CHxCTRL_FTIE_Getable), (32 bytes).
    Removing fm33a0xx_dma.o(i.DMA_CHxCTRL_FTIE_Setable), (40 bytes).
    Removing fm33a0xx_dma.o(i.DMA_CHxCTRL_HTIE_Getable), (32 bytes).
    Removing fm33a0xx_dma.o(i.DMA_CHxCTRL_HTIE_Setable), (40 bytes).
    Removing fm33a0xx_dma.o(i.DMA_CHxCTRL_INC_Get), (20 bytes).
    Removing fm33a0xx_dma.o(i.DMA_CHxCTRL_INC_Set), (36 bytes).
    Removing fm33a0xx_dma.o(i.DMA_CHxCTRL_PRI_Get), (24 bytes).
    Removing fm33a0xx_dma.o(i.DMA_CHxCTRL_PRI_Set), (36 bytes).
    Removing fm33a0xx_dma.o(i.DMA_CHxCTRL_SSEL_Get), (24 bytes).
    Removing fm33a0xx_dma.o(i.DMA_CHxCTRL_SSEL_Set), (36 bytes).
    Removing fm33a0xx_dma.o(i.DMA_CHxCTRL_TSIZE_Get), (32 bytes).
    Removing fm33a0xx_dma.o(i.DMA_CHxCTRL_TSIZE_Set), (36 bytes).
    Removing fm33a0xx_dma.o(i.DMA_CHxRAMAD_Write), (16 bytes).
    Removing fm33a0xx_dma.o(i.DMA_Deinit), (52 bytes).
    Removing fm33a0xx_dma.o(i.DMA_GLOBALCTRL_DMAEN_Getable), (24 bytes).
    Removing fm33a0xx_dma.o(i.DMA_GLOBALCTRL_DMAEN_Setable), (36 bytes).
    Removing fm33a0xx_dma.o(i.DMA_Init), (90 bytes).
    Removing fm33a0xx_etim.o(.rev16_text), (4 bytes).
    Removing fm33a0xx_etim.o(.revsh_text), (4 bytes).
    Removing fm33a0xx_etim.o(i.ETIMx_Deinit), (18 bytes).
    Removing fm33a0xx_etim.o(i.ETIMx_ETxCMP_Read), (8 bytes).
    Removing fm33a0xx_etim.o(i.ETIMx_ETxCMP_Write), (6 bytes).
    Removing fm33a0xx_etim.o(i.ETIMx_ETxCR_CAPCLR_Getable), (20 bytes).
    Removing fm33a0xx_etim.o(i.ETIMx_ETxCR_CAPCLR_Setable), (24 bytes).
    Removing fm33a0xx_etim.o(i.ETIMx_ETxCR_CAPEDGE_Get), (10 bytes).
    Removing fm33a0xx_etim.o(i.ETIMx_ETxCR_CAPEDGE_Set), (18 bytes).
    Removing fm33a0xx_etim.o(i.ETIMx_ETxCR_CAPMOD_Get), (10 bytes).
    Removing fm33a0xx_etim.o(i.ETIMx_ETxCR_CAPMOD_Set), (24 bytes).
    Removing fm33a0xx_etim.o(i.ETIMx_ETxCR_CAPONCE_Getable), (20 bytes).
    Removing fm33a0xx_etim.o(i.ETIMx_ETxCR_CAPONCE_Setable), (24 bytes).
    Removing fm33a0xx_etim.o(i.ETIMx_ETxCR_CASEN_Getable), (20 bytes).
    Removing fm33a0xx_etim.o(i.ETIMx_ETxCR_CASEN_Setable), (24 bytes).
    Removing fm33a0xx_etim.o(i.ETIMx_ETxCR_CEN_Getable), (20 bytes).
    Removing fm33a0xx_etim.o(i.ETIMx_ETxCR_CEN_Setable), (24 bytes).
    Removing fm33a0xx_etim.o(i.ETIMx_ETxCR_EDGESEL_Get), (10 bytes).
    Removing fm33a0xx_etim.o(i.ETIMx_ETxCR_EDGESEL_Set), (24 bytes).
    Removing fm33a0xx_etim.o(i.ETIMx_ETxCR_EXFLT_Getable), (22 bytes).
    Removing fm33a0xx_etim.o(i.ETIMx_ETxCR_EXFLT_Setable), (26 bytes).
    Removing fm33a0xx_etim.o(i.ETIMx_ETxCR_MOD_Get), (10 bytes).
    Removing fm33a0xx_etim.o(i.ETIMx_ETxCR_MOD_Set), (24 bytes).
    Removing fm33a0xx_etim.o(i.ETIMx_ETxCR_PWM_Getable), (22 bytes).
    Removing fm33a0xx_etim.o(i.ETIMx_ETxCR_PWM_Setable), (26 bytes).
    Removing fm33a0xx_etim.o(i.ETIMx_ETxIE_CAPIE_Getable), (20 bytes).
    Removing fm33a0xx_etim.o(i.ETIMx_ETxIE_CAPIE_Setable), (24 bytes).
    Removing fm33a0xx_etim.o(i.ETIMx_ETxIE_CMPIE_Getable), (20 bytes).
    Removing fm33a0xx_etim.o(i.ETIMx_ETxIE_CMPIE_Setable), (24 bytes).
    Removing fm33a0xx_etim.o(i.ETIMx_ETxIE_OVIE_Getable), (20 bytes).
    Removing fm33a0xx_etim.o(i.ETIMx_ETxIE_OVIE_Setable), (24 bytes).
    Removing fm33a0xx_etim.o(i.ETIMx_ETxIF_CAPIF_Chk), (20 bytes).
    Removing fm33a0xx_etim.o(i.ETIMx_ETxIF_CAPIF_Clr), (6 bytes).
    Removing fm33a0xx_etim.o(i.ETIMx_ETxIF_CMPIF_Chk), (20 bytes).
    Removing fm33a0xx_etim.o(i.ETIMx_ETxIF_CMPIF_Clr), (6 bytes).
    Removing fm33a0xx_etim.o(i.ETIMx_ETxIF_EDGESTA_Chk), (20 bytes).
    Removing fm33a0xx_etim.o(i.ETIMx_ETxIF_OVIF_Chk), (20 bytes).
    Removing fm33a0xx_etim.o(i.ETIMx_ETxIF_OVIF_Clr), (6 bytes).
    Removing fm33a0xx_etim.o(i.ETIMx_ETxINSEL_GRP1SEL_Get), (10 bytes).
    Removing fm33a0xx_etim.o(i.ETIMx_ETxINSEL_GRP1SEL_Set), (18 bytes).
    Removing fm33a0xx_etim.o(i.ETIMx_ETxINSEL_GRP2SEL_Get), (10 bytes).
    Removing fm33a0xx_etim.o(i.ETIMx_ETxINSEL_GRP2SEL_Set), (24 bytes).
    Removing fm33a0xx_etim.o(i.ETIMx_ETxINSEL_SIG1SEL_Get), (10 bytes).
    Removing fm33a0xx_etim.o(i.ETIMx_ETxINSEL_SIG1SEL_Set), (24 bytes).
    Removing fm33a0xx_etim.o(i.ETIMx_ETxINSEL_SIG2SEL_Get), (10 bytes).
    Removing fm33a0xx_etim.o(i.ETIMx_ETxINSEL_SIG2SEL_Set), (24 bytes).
    Removing fm33a0xx_etim.o(i.ETIMx_ETxIVR_Read), (8 bytes).
    Removing fm33a0xx_etim.o(i.ETIMx_ETxIVR_Write), (6 bytes).
    Removing fm33a0xx_etim.o(i.ETIMx_ETxPESCALE1_Read), (8 bytes).
    Removing fm33a0xx_etim.o(i.ETIMx_ETxPESCALE1_Write), (6 bytes).
    Removing fm33a0xx_etim.o(i.ETIMx_ETxPESCALE2_Read), (8 bytes).
    Removing fm33a0xx_etim.o(i.ETIMx_ETxPESCALE2_Write), (6 bytes).
    Removing fm33a0xx_etim.o(i.ETIMx_Init), (192 bytes).
    Removing fm33a0xx_trng.o(.rev16_text), (4 bytes).
    Removing fm33a0xx_trng.o(.revsh_text), (4 bytes).
    Removing fm33a0xx_trng.o(i.TRNG_CRCCON_CRCEN_Getable), (24 bytes).
    Removing fm33a0xx_trng.o(i.TRNG_CRCCON_CRCEN_Setable), (36 bytes).
    Removing fm33a0xx_trng.o(i.TRNG_CRCFLAG_CRCD_Chk), (24 bytes).
    Removing fm33a0xx_trng.o(i.TRNG_CRCFLAG_CRCD_Clr), (20 bytes).
    Removing fm33a0xx_trng.o(i.TRNG_CRCIN_Read), (12 bytes).
    Removing fm33a0xx_trng.o(i.TRNG_CRCIN_Write), (12 bytes).
    Removing fm33a0xx_trng.o(i.TRNG_Deinit), (28 bytes).
    Removing fm33a0xx_trng.o(i.TRNG_RNGIE_RNGIE_Getable), (24 bytes).
    Removing fm33a0xx_trng.o(i.TRNG_RNGIE_RNGIE_Setable), (36 bytes).
    Removing fm33a0xx_trng.o(i.TRNG_RNGIF_LFSREN_Chk), (24 bytes).
    Removing fm33a0xx_trng.o(i.TRNG_RNGIF_RNF_Chk), (24 bytes).
    Removing fm33a0xx_trng.o(i.TRNG_RNGIF_RNF_Clr), (12 bytes).
    Removing fm33a0xx_trng.o(i.TRNG_RNGOUT_Read), (12 bytes).
    Removing fm33a0xx_u7816.o(.rev16_text), (4 bytes).
    Removing fm33a0xx_u7816.o(.revsh_text), (4 bytes).
    Removing fm33a0xx_u7816.o(i.U7816_Init), (174 bytes).
    Removing fm33a0xx_u7816.o(i.U7816x_Deinit), (28 bytes).
    Removing fm33a0xx_u7816.o(i.U7816x_U7816CLKDIV_Read), (10 bytes).
    Removing fm33a0xx_u7816.o(i.U7816x_U7816CLKDIV_Write), (8 bytes).
    Removing fm33a0xx_u7816.o(i.U7816x_U7816CTRL_CKOEN_Getable), (20 bytes).
    Removing fm33a0xx_u7816.o(i.U7816x_U7816CTRL_CKOEN_Setable), (24 bytes).
    Removing fm33a0xx_u7816.o(i.U7816x_U7816CTRL_HPUAT_Getable), (20 bytes).
    Removing fm33a0xx_u7816.o(i.U7816x_U7816CTRL_HPUAT_Setable), (24 bytes).
    Removing fm33a0xx_u7816.o(i.U7816x_U7816CTRL_HPUEN_Getable), (20 bytes).
    Removing fm33a0xx_u7816.o(i.U7816x_U7816CTRL_HPUEN_Setable), (24 bytes).
    Removing fm33a0xx_u7816.o(i.U7816x_U7816CTRL_RXEN_Getable), (20 bytes).
    Removing fm33a0xx_u7816.o(i.U7816x_U7816CTRL_RXEN_Setable), (24 bytes).
    Removing fm33a0xx_u7816.o(i.U7816x_U7816CTRL_TXEN_Getable), (20 bytes).
    Removing fm33a0xx_u7816.o(i.U7816x_U7816CTRL_TXEN_Setable), (24 bytes).
    Removing fm33a0xx_u7816.o(i.U7816x_U7816EGT_Read), (8 bytes).
    Removing fm33a0xx_u7816.o(i.U7816x_U7816EGT_Write), (6 bytes).
    Removing fm33a0xx_u7816.o(i.U7816x_U7816ERR_FRERR_Chk), (20 bytes).
    Removing fm33a0xx_u7816.o(i.U7816x_U7816ERR_FRERR_Clr), (6 bytes).
    Removing fm33a0xx_u7816.o(i.U7816x_U7816ERR_OVERR_Chk), (20 bytes).
    Removing fm33a0xx_u7816.o(i.U7816x_U7816ERR_OVERR_Clr), (6 bytes).
    Removing fm33a0xx_u7816.o(i.U7816x_U7816ERR_RPARERR_Chk), (20 bytes).
    Removing fm33a0xx_u7816.o(i.U7816x_U7816ERR_RPARERR_Clr), (6 bytes).
    Removing fm33a0xx_u7816.o(i.U7816x_U7816ERR_TPARERR_Chk), (20 bytes).
    Removing fm33a0xx_u7816.o(i.U7816x_U7816ERR_TPARERR_Clr), (6 bytes).
    Removing fm33a0xx_u7816.o(i.U7816x_U7816FRC_BGTEN_Getable), (20 bytes).
    Removing fm33a0xx_u7816.o(i.U7816x_U7816FRC_BGTEN_Setable), (24 bytes).
    Removing fm33a0xx_u7816.o(i.U7816x_U7816FRC_DICONV_Getable), (20 bytes).
    Removing fm33a0xx_u7816.o(i.U7816x_U7816FRC_DICONV_Setable), (24 bytes).
    Removing fm33a0xx_u7816.o(i.U7816x_U7816FRC_ERSGD_Get), (12 bytes).
    Removing fm33a0xx_u7816.o(i.U7816x_U7816FRC_ERSGD_Set), (26 bytes).
    Removing fm33a0xx_u7816.o(i.U7816x_U7816FRC_ERSW_Get), (12 bytes).
    Removing fm33a0xx_u7816.o(i.U7816x_U7816FRC_ERSW_Set), (26 bytes).
    Removing fm33a0xx_u7816.o(i.U7816x_U7816FRC_FREN_Getable), (20 bytes).
    Removing fm33a0xx_u7816.o(i.U7816x_U7816FRC_FREN_Setable), (24 bytes).
    Removing fm33a0xx_u7816.o(i.U7816x_U7816FRC_PAR_Get), (10 bytes).
    Removing fm33a0xx_u7816.o(i.U7816x_U7816FRC_PAR_Set), (24 bytes).
    Removing fm33a0xx_u7816.o(i.U7816x_U7816FRC_REP_T_Get), (10 bytes).
    Removing fm33a0xx_u7816.o(i.U7816x_U7816FRC_REP_T_Set), (24 bytes).
    Removing fm33a0xx_u7816.o(i.U7816x_U7816FRC_RREPEN_Getable), (20 bytes).
    Removing fm33a0xx_u7816.o(i.U7816x_U7816FRC_RREPEN_Setable), (24 bytes).
    Removing fm33a0xx_u7816.o(i.U7816x_U7816FRC_TREPEN_Getable), (20 bytes).
    Removing fm33a0xx_u7816.o(i.U7816x_U7816FRC_TREPEN_Setable), (24 bytes).
    Removing fm33a0xx_u7816.o(i.U7816x_U7816IE_LSIE_Getable), (20 bytes).
    Removing fm33a0xx_u7816.o(i.U7816x_U7816IE_LSIE_Setable), (24 bytes).
    Removing fm33a0xx_u7816.o(i.U7816x_U7816IE_RXIE_Getable), (20 bytes).
    Removing fm33a0xx_u7816.o(i.U7816x_U7816IE_RXIE_Setable), (24 bytes).
    Removing fm33a0xx_u7816.o(i.U7816x_U7816IE_TXIE_Getable), (20 bytes).
    Removing fm33a0xx_u7816.o(i.U7816x_U7816IE_TXIE_Setable), (24 bytes).
    Removing fm33a0xx_u7816.o(i.U7816x_U7816IF_ERRIF_Chk), (20 bytes).
    Removing fm33a0xx_u7816.o(i.U7816x_U7816IF_RXIF_Chk), (20 bytes).
    Removing fm33a0xx_u7816.o(i.U7816x_U7816IF_TXIF_Chk), (20 bytes).
    Removing fm33a0xx_u7816.o(i.U7816x_U7816PDIV_Read), (10 bytes).
    Removing fm33a0xx_u7816.o(i.U7816x_U7816PDIV_Write), (8 bytes).
    Removing fm33a0xx_u7816.o(i.U7816x_U7816RXBUF_Read), (8 bytes).
    Removing fm33a0xx_u7816.o(i.U7816x_U7816STA_RXBUSY_Chk), (20 bytes).
    Removing fm33a0xx_u7816.o(i.U7816x_U7816STA_TXBUSY_Chk), (20 bytes).
    Removing fm33a0xx_u7816.o(i.U7816x_U7816STA_WAIT_RPT_Chk), (20 bytes).
    Removing fm33a0xx_u7816.o(i.U7816x_U7816TXBUF_Write), (6 bytes).
    Removing system_fm33a0xx.o(.rev16_text), (4 bytes).
    Removing system_fm33a0xx.o(.revsh_text), (4 bytes).
    Removing system_fm33a0xx.o(i.SystemCoreClockUpdate), (16 bytes).
    Removing fm33a0xx_anac.o(i.__ARM_common_switch8), (28 bytes).

988 unused section(s) (total 25920 bytes) removed from the image.

==============================================================================

Image Symbol Table

    Local Symbols

    Symbol Name                              Value     Ov Type        Size  Object(Section)

    ../clib/angel/boardlib.s                 0x00000000   Number         0  boardinit1.o ABSOLUTE
    ../clib/angel/boardlib.s                 0x00000000   Number         0  boardinit2.o ABSOLUTE
    ../clib/angel/boardlib.s                 0x00000000   Number         0  boardinit3.o ABSOLUTE
    ../clib/angel/boardlib.s                 0x00000000   Number         0  boardshut.o ABSOLUTE
    ../clib/angel/handlers.s                 0x00000000   Number         0  __scatter_copy.o ABSOLUTE
    ../clib/angel/handlers.s                 0x00000000   Number         0  __scatter_zi.o ABSOLUTE
    ../clib/angel/kernel.s                   0x00000000   Number         0  rtexit.o ABSOLUTE
    ../clib/angel/kernel.s                   0x00000000   Number         0  __rtentry.o ABSOLUTE
    ../clib/angel/kernel.s                   0x00000000   Number         0  rtexit2.o ABSOLUTE
    ../clib/angel/kernel.s                   0x00000000   Number         0  __rtentry4.o ABSOLUTE
    ../clib/angel/kernel.s                   0x00000000   Number         0  __rtentry2.o ABSOLUTE
    ../clib/angel/rt.s                       0x00000000   Number         0  aeabi_idiv0.o ABSOLUTE
    ../clib/angel/rt.s                       0x00000000   Number         0  aeabi_idiv0_sigfpe.o ABSOLUTE
    ../clib/angel/rt.s                       0x00000000   Number         0  rt_raise.o ABSOLUTE
    ../clib/angel/rt.s                       0x00000000   Number         0  rt_div0.o ABSOLUTE
    ../clib/angel/scatterp.s                 0x00000000   Number         0  __scatter.o ABSOLUTE
    ../clib/angel/startup.s                  0x00000000   Number         0  __main.o ABSOLUTE
    ../clib/angel/sys.s                      0x00000000   Number         0  indicate_semi.o ABSOLUTE
    ../clib/angel/sys.s                      0x00000000   Number         0  tempstk.o ABSOLUTE
    ../clib/angel/sys.s                      0x00000000   Number         0  use_no_semi.o ABSOLUTE
    ../clib/angel/sys.s                      0x00000000   Number         0  libspace.o ABSOLUTE
    ../clib/angel/sys.s                      0x00000000   Number         0  sys_stackheap_outer.o ABSOLUTE
    ../clib/angel/sysapp.c                   0x00000000   Number         0  sys_command.o ABSOLUTE
    ../clib/angel/sysapp.c                   0x00000000   Number         0  sys_exit.o ABSOLUTE
    ../clib/angel/sysapp.c                   0x00000000   Number         0  sys_wrch.o ABSOLUTE
    ../clib/armsys.c                         0x00000000   Number         0  argv_veneer.o ABSOLUTE
    ../clib/armsys.c                         0x00000000   Number         0  _get_argv_nomalloc.o ABSOLUTE
    ../clib/armsys.c                         0x00000000   Number         0  no_argv.o ABSOLUTE
    ../clib/division.s                       0x00000000   Number         0  aeabi_sdiv_div0.o ABSOLUTE
    ../clib/division.s                       0x00000000   Number         0  aeabi_sdiv.o ABSOLUTE
    ../clib/heapalloc.c                      0x00000000   Number         0  hrguard.o ABSOLUTE
    ../clib/heapaux.c                        0x00000000   Number         0  heapauxi.o ABSOLUTE
    ../clib/libinit.s                        0x00000000   Number         0  libinit.o ABSOLUTE
    ../clib/libinit.s                        0x00000000   Number         0  libshutdown.o ABSOLUTE
    ../clib/libinit.s                        0x00000000   Number         0  libinit2.o ABSOLUTE
    ../clib/libinit.s                        0x00000000   Number         0  libshutdown2.o ABSOLUTE
    ../clib/signal.c                         0x00000000   Number         0  defsig_stak_inner.o ABSOLUTE
    ../clib/signal.c                         0x00000000   Number         0  defsig_rtmem_formal.o ABSOLUTE
    ../clib/signal.c                         0x00000000   Number         0  defsig_rtmem_outer.o ABSOLUTE
    ../clib/signal.c                         0x00000000   Number         0  defsig_rtred_inner.o ABSOLUTE
    ../clib/signal.c                         0x00000000   Number         0  defsig_abrt_inner.o ABSOLUTE
    ../clib/signal.c                         0x00000000   Number         0  defsig_fpe_outer.o ABSOLUTE
    ../clib/signal.c                         0x00000000   Number         0  defsig_pvfn_inner.o ABSOLUTE
    ../clib/signal.c                         0x00000000   Number         0  __raise.o ABSOLUTE
    ../clib/signal.c                         0x00000000   Number         0  defsig_fpe_formal.o ABSOLUTE
    ../clib/signal.c                         0x00000000   Number         0  defsig_rtmem_inner.o ABSOLUTE
    ../clib/signal.c                         0x00000000   Number         0  defsig_cppl_inner.o ABSOLUTE
    ../clib/signal.c                         0x00000000   Number         0  defsig_segv_inner.o ABSOLUTE
    ../clib/signal.c                         0x00000000   Number         0  defsig_other.o ABSOLUTE
    ../clib/signal.c                         0x00000000   Number         0  defsig_fpe_inner.o ABSOLUTE
    ../clib/signal.c                         0x00000000   Number         0  defsig_general.o ABSOLUTE
    ../clib/signal.c                         0x00000000   Number         0  defsig_exit.o ABSOLUTE
    ../clib/signal.s                         0x00000000   Number         0  defsig.o ABSOLUTE
    ../clib/stdlib.c                         0x00000000   Number         0  exit.o ABSOLUTE
    ../fplib/cfplib/cmpret.c                 0x00000000   Number         0  cmpret.o ABSOLUTE
    ../fplib/cfplib/d2f.c                    0x00000000   Number         0  d2f.o ABSOLUTE
    ../fplib/cfplib/daddsub.c                0x00000000   Number         0  daddsub.o ABSOLUTE
    ../fplib/cfplib/ddiv.c                   0x00000000   Number         0  ddiv.o ABSOLUTE
    ../fplib/cfplib/dmul.c                   0x00000000   Number         0  dmul.o ABSOLUTE
    ../fplib/cfplib/f2d.c                    0x00000000   Number         0  f2d.o ABSOLUTE
    ../fplib/cfplib/fcmpin.c                 0x00000000   Number         0  fcmpin.o ABSOLUTE
    ../fplib/cfplib/fdiv.c                   0x00000000   Number         0  fdiv.o ABSOLUTE
    ../fplib/cfplib/ffix.c                   0x00000000   Number         0  dfixui.o ABSOLUTE
    ../fplib/cfplib/fflt.c                   0x00000000   Number         0  fflti.o ABSOLUTE
    ../fplib/cfplib/fflt.c                   0x00000000   Number         0  dflti.o ABSOLUTE
    ../fplib/cfplib/fpinit.c                 0x00000000   Number         0  fpinit.o ABSOLUTE
    ../fplib/cfplib/nan2.c                   0x00000000   Number         0  fnan2.o ABSOLUTE
    ../fplib/cfplib/retnan.c                 0x00000000   Number         0  retnan.o ABSOLUTE
    ../fplib/faddsub6m.s                     0x00000000   Number         0  faddsub.o ABSOLUTE
    ../fplib/fleqf6m.s                       0x00000000   Number         0  flef.o ABSOLUTE
    ../fplib/fmul6m.s                        0x00000000   Number         0  fmul.o ABSOLUTE
    ../fplib/frleqf6m.s                      0x00000000   Number         0  frlef.o ABSOLUTE
    ../fplib/usenofp.s                       0x00000000   Number         0  usenofp.o ABSOLUTE
    ..\Drivers\fm33a0xx_aes.c                0x00000000   Number         0  fm33a0xx_aes.o ABSOLUTE
    ..\Drivers\fm33a0xx_anac.c               0x00000000   Number         0  fm33a0xx_anac.o ABSOLUTE
    ..\Drivers\fm33a0xx_btim.c               0x00000000   Number         0  fm33a0xx_btim.o ABSOLUTE
    ..\Drivers\fm33a0xx_crc.c                0x00000000   Number         0  fm33a0xx_crc.o ABSOLUTE
    ..\Drivers\fm33a0xx_dma.c                0x00000000   Number         0  fm33a0xx_dma.o ABSOLUTE
    ..\Drivers\fm33a0xx_etim.c               0x00000000   Number         0  fm33a0xx_etim.o ABSOLUTE
    ..\Drivers\fm33a0xx_flash.c              0x00000000   Number         0  fm33a0xx_flash.o ABSOLUTE
    ..\Drivers\fm33a0xx_gpio.c               0x00000000   Number         0  fm33a0xx_gpio.o ABSOLUTE
    ..\Drivers\fm33a0xx_hspi.c               0x00000000   Number         0  fm33a0xx_hspi.o ABSOLUTE
    ..\Drivers\fm33a0xx_i2c.c                0x00000000   Number         0  fm33a0xx_i2c.o ABSOLUTE
    ..\Drivers\fm33a0xx_iwdt.c               0x00000000   Number         0  fm33a0xx_iwdt.o ABSOLUTE
    ..\Drivers\fm33a0xx_lcd.c                0x00000000   Number         0  fm33a0xx_lcd.o ABSOLUTE
    ..\Drivers\fm33a0xx_lptim.c              0x00000000   Number         0  fm33a0xx_lptim.o ABSOLUTE
    ..\Drivers\fm33a0xx_pmu.c                0x00000000   Number         0  fm33a0xx_pmu.o ABSOLUTE
    ..\Drivers\fm33a0xx_rcc.c                0x00000000   Number         0  fm33a0xx_rcc.o ABSOLUTE
    ..\Drivers\fm33a0xx_rtc.c                0x00000000   Number         0  fm33a0xx_rtc.o ABSOLUTE
    ..\Drivers\fm33a0xx_scu.c                0x00000000   Number         0  fm33a0xx_scu.o ABSOLUTE
    ..\Drivers\fm33a0xx_spi.c                0x00000000   Number         0  fm33a0xx_spi.o ABSOLUTE
    ..\Drivers\fm33a0xx_trng.c               0x00000000   Number         0  fm33a0xx_trng.o ABSOLUTE
    ..\Drivers\fm33a0xx_u7816.c              0x00000000   Number         0  fm33a0xx_u7816.o ABSOLUTE
    ..\Drivers\fm33a0xx_uart.c               0x00000000   Number         0  fm33a0xx_uart.o ABSOLUTE
    ..\Drivers\fm33a0xx_wwdt.c               0x00000000   Number         0  fm33a0xx_wwdt.o ABSOLUTE
    ..\UserCode\main.c                       0x00000000   Number         0  main.o ABSOLUTE
    ..\UserCode\user_init.c                  0x00000000   Number         0  user_init.o ABSOLUTE
    ..\\Drivers\\fm33a0xx_aes.c              0x00000000   Number         0  fm33a0xx_aes.o ABSOLUTE
    ..\\Drivers\\fm33a0xx_anac.c             0x00000000   Number         0  fm33a0xx_anac.o ABSOLUTE
    ..\\Drivers\\fm33a0xx_btim.c             0x00000000   Number         0  fm33a0xx_btim.o ABSOLUTE
    ..\\Drivers\\fm33a0xx_crc.c              0x00000000   Number         0  fm33a0xx_crc.o ABSOLUTE
    ..\\Drivers\\fm33a0xx_dma.c              0x00000000   Number         0  fm33a0xx_dma.o ABSOLUTE
    ..\\Drivers\\fm33a0xx_etim.c             0x00000000   Number         0  fm33a0xx_etim.o ABSOLUTE
    ..\\Drivers\\fm33a0xx_flash.c            0x00000000   Number         0  fm33a0xx_flash.o ABSOLUTE
    ..\\Drivers\\fm33a0xx_gpio.c             0x00000000   Number         0  fm33a0xx_gpio.o ABSOLUTE
    ..\\Drivers\\fm33a0xx_hspi.c             0x00000000   Number         0  fm33a0xx_hspi.o ABSOLUTE
    ..\\Drivers\\fm33a0xx_i2c.c              0x00000000   Number         0  fm33a0xx_i2c.o ABSOLUTE
    ..\\Drivers\\fm33a0xx_iwdt.c             0x00000000   Number         0  fm33a0xx_iwdt.o ABSOLUTE
    ..\\Drivers\\fm33a0xx_lcd.c              0x00000000   Number         0  fm33a0xx_lcd.o ABSOLUTE
    ..\\Drivers\\fm33a0xx_lptim.c            0x00000000   Number         0  fm33a0xx_lptim.o ABSOLUTE
    ..\\Drivers\\fm33a0xx_pmu.c              0x00000000   Number         0  fm33a0xx_pmu.o ABSOLUTE
    ..\\Drivers\\fm33a0xx_rcc.c              0x00000000   Number         0  fm33a0xx_rcc.o ABSOLUTE
    ..\\Drivers\\fm33a0xx_rtc.c              0x00000000   Number         0  fm33a0xx_rtc.o ABSOLUTE
    ..\\Drivers\\fm33a0xx_scu.c              0x00000000   Number         0  fm33a0xx_scu.o ABSOLUTE
    ..\\Drivers\\fm33a0xx_spi.c              0x00000000   Number         0  fm33a0xx_spi.o ABSOLUTE
    ..\\Drivers\\fm33a0xx_trng.c             0x00000000   Number         0  fm33a0xx_trng.o ABSOLUTE
    ..\\Drivers\\fm33a0xx_u7816.c            0x00000000   Number         0  fm33a0xx_u7816.o ABSOLUTE
    ..\\Drivers\\fm33a0xx_uart.c             0x00000000   Number         0  fm33a0xx_uart.o ABSOLUTE
    ..\\Drivers\\fm33a0xx_wwdt.c             0x00000000   Number         0  fm33a0xx_wwdt.o ABSOLUTE
    ..\\UserCode\\main.c                     0x00000000   Number         0  main.o ABSOLUTE
    ..\\UserCode\\user_init.c                0x00000000   Number         0  user_init.o ABSOLUTE
    RTE\Device\FM33A04XX\startup_FM33A0XX.s  0x00000000   Number         0  startup_fm33a0xx.o ABSOLUTE
    RTE\Device\FM33A04XX\system_FM33A0XX.c   0x00000000   Number         0  system_fm33a0xx.o ABSOLUTE
    RTE\\Device\\FM33A04XX\\system_FM33A0XX.c 0x00000000   Number         0  system_fm33a0xx.o ABSOLUTE
    dc.s                                     0x00000000   Number         0  dc.o ABSOLUTE
    RESET                                    0x00004000   Section      192  startup_fm33a0xx.o(RESET)
    !!!main                                  0x000040c0   Section        8  __main.o(!!!main)
    !!!scatter                               0x000040c8   Section       60  __scatter.o(!!!scatter)
    !!handler_copy                           0x00004104   Section       26  __scatter_copy.o(!!handler_copy)
    !!handler_zi                             0x00004120   Section       28  __scatter_zi.o(!!handler_zi)
    .ARM.Collect$$libinit$$00000000          0x0000413c   Section        2  libinit.o(.ARM.Collect$$libinit$$00000000)
    .ARM.Collect$$libinit$$00000002          0x0000413e   Section        0  libinit2.o(.ARM.Collect$$libinit$$00000002)
    .ARM.Collect$$libinit$$00000004          0x0000413e   Section        0  libinit2.o(.ARM.Collect$$libinit$$00000004)
    .ARM.Collect$$libinit$$0000000A          0x0000413e   Section        0  libinit2.o(.ARM.Collect$$libinit$$0000000A)
    .ARM.Collect$$libinit$$0000000C          0x0000413e   Section        0  libinit2.o(.ARM.Collect$$libinit$$0000000C)
    .ARM.Collect$$libinit$$0000000E          0x0000413e   Section        0  libinit2.o(.ARM.Collect$$libinit$$0000000E)
    .ARM.Collect$$libinit$$00000011          0x0000413e   Section        0  libinit2.o(.ARM.Collect$$libinit$$00000011)
    .ARM.Collect$$libinit$$00000013          0x0000413e   Section        0  libinit2.o(.ARM.Collect$$libinit$$00000013)
    .ARM.Collect$$libinit$$00000015          0x0000413e   Section        0  libinit2.o(.ARM.Collect$$libinit$$00000015)
    .ARM.Collect$$libinit$$00000017          0x0000413e   Section        0  libinit2.o(.ARM.Collect$$libinit$$00000017)
    .ARM.Collect$$libinit$$00000019          0x0000413e   Section        0  libinit2.o(.ARM.Collect$$libinit$$00000019)
    .ARM.Collect$$libinit$$0000001B          0x0000413e   Section        0  libinit2.o(.ARM.Collect$$libinit$$0000001B)
    .ARM.Collect$$libinit$$0000001D          0x0000413e   Section        0  libinit2.o(.ARM.Collect$$libinit$$0000001D)
    .ARM.Collect$$libinit$$0000001F          0x0000413e   Section        0  libinit2.o(.ARM.Collect$$libinit$$0000001F)
    .ARM.Collect$$libinit$$00000021          0x0000413e   Section        0  libinit2.o(.ARM.Collect$$libinit$$00000021)
    .ARM.Collect$$libinit$$00000023          0x0000413e   Section        0  libinit2.o(.ARM.Collect$$libinit$$00000023)
    .ARM.Collect$$libinit$$00000025          0x0000413e   Section        0  libinit2.o(.ARM.Collect$$libinit$$00000025)
    .ARM.Collect$$libinit$$0000002C          0x0000413e   Section        0  libinit2.o(.ARM.Collect$$libinit$$0000002C)
    .ARM.Collect$$libinit$$0000002E          0x0000413e   Section        0  libinit2.o(.ARM.Collect$$libinit$$0000002E)
    .ARM.Collect$$libinit$$00000030          0x0000413e   Section        0  libinit2.o(.ARM.Collect$$libinit$$00000030)
    .ARM.Collect$$libinit$$00000032          0x0000413e   Section        0  libinit2.o(.ARM.Collect$$libinit$$00000032)
    .ARM.Collect$$libinit$$00000033          0x0000413e   Section        2  libinit2.o(.ARM.Collect$$libinit$$00000033)
    .ARM.Collect$$libshutdown$$00000000      0x00004140   Section        2  libshutdown.o(.ARM.Collect$$libshutdown$$00000000)
    .ARM.Collect$$libshutdown$$00000002      0x00004142   Section        0  libshutdown2.o(.ARM.Collect$$libshutdown$$00000002)
    .ARM.Collect$$libshutdown$$00000004      0x00004142   Section        0  libshutdown2.o(.ARM.Collect$$libshutdown$$00000004)
    .ARM.Collect$$libshutdown$$00000007      0x00004142   Section        0  libshutdown2.o(.ARM.Collect$$libshutdown$$00000007)
    .ARM.Collect$$libshutdown$$0000000A      0x00004142   Section        0  libshutdown2.o(.ARM.Collect$$libshutdown$$0000000A)
    .ARM.Collect$$libshutdown$$0000000C      0x00004142   Section        0  libshutdown2.o(.ARM.Collect$$libshutdown$$0000000C)
    .ARM.Collect$$libshutdown$$0000000F      0x00004142   Section        0  libshutdown2.o(.ARM.Collect$$libshutdown$$0000000F)
    .ARM.Collect$$libshutdown$$00000010      0x00004142   Section        2  libshutdown2.o(.ARM.Collect$$libshutdown$$00000010)
    .ARM.Collect$$rtentry$$00000000          0x00004144   Section        0  __rtentry.o(.ARM.Collect$$rtentry$$00000000)
    .ARM.Collect$$rtentry$$00000002          0x00004144   Section        0  __rtentry2.o(.ARM.Collect$$rtentry$$00000002)
    .ARM.Collect$$rtentry$$00000004          0x00004144   Section        6  __rtentry4.o(.ARM.Collect$$rtentry$$00000004)
    .ARM.Collect$$rtentry$$00000009          0x0000414a   Section        0  __rtentry2.o(.ARM.Collect$$rtentry$$00000009)
    .ARM.Collect$$rtentry$$0000000A          0x0000414a   Section        4  __rtentry2.o(.ARM.Collect$$rtentry$$0000000A)
    .ARM.Collect$$rtentry$$0000000C          0x0000414e   Section        0  __rtentry2.o(.ARM.Collect$$rtentry$$0000000C)
    .ARM.Collect$$rtentry$$0000000D          0x0000414e   Section        8  __rtentry2.o(.ARM.Collect$$rtentry$$0000000D)
    .ARM.Collect$$rtexit$$00000000           0x00004156   Section        2  rtexit.o(.ARM.Collect$$rtexit$$00000000)
    .ARM.Collect$$rtexit$$00000002           0x00004158   Section        0  rtexit2.o(.ARM.Collect$$rtexit$$00000002)
    .ARM.Collect$$rtexit$$00000003           0x00004158   Section        4  rtexit2.o(.ARM.Collect$$rtexit$$00000003)
    .ARM.Collect$$rtexit$$00000004           0x0000415c   Section        6  rtexit2.o(.ARM.Collect$$rtexit$$00000004)
    .text                                    0x00004164   Section       56  startup_fm33a0xx.o(.text)
    .text                                    0x0000419c   Section        0  heapauxi.o(.text)
    .text                                    0x000041a2   Section       62  sys_stackheap_outer.o(.text)
    .text                                    0x000041e0   Section        0  exit.o(.text)
    .text                                    0x000041f0   Section        8  libspace.o(.text)
    .text                                    0x000041f8   Section        0  sys_exit.o(.text)
    .text                                    0x00004204   Section        2  use_no_semi.o(.text)
    .text                                    0x00004206   Section        0  indicate_semi.o(.text)
    i.ANAC_BORCON_OFF_BOR_Setable            0x00004208   Section        0  fm33a0xx_anac.o(i.ANAC_BORCON_OFF_BOR_Setable)
    i.ANAC_PDRCON_PDREN_Setable              0x0000422c   Section        0  fm33a0xx_anac.o(i.ANAC_PDRCON_PDREN_Setable)
    i.AltFunIO                               0x00004250   Section        0  user_init.o(i.AltFunIO)
    i.CheckSysReg                            0x000042f6   Section        0  user_init.o(i.CheckSysReg)
    i.Close_AllIOEXTI                        0x00004308   Section        0  user_init.o(i.Close_AllIOEXTI)
    i.Close_AllIO_GPIO_80pin                 0x00004330   Section        0  user_init.o(i.Close_AllIO_GPIO_80pin)
    i.Close_None_GPIO_80pin                  0x0000464c   Section        0  user_init.o(i.Close_None_GPIO_80pin)
    i.CloseeIO                               0x00004814   Section        0  user_init.o(i.CloseeIO)
    i.FLASH_FLSRDCON_WAIT_Set                0x00004854   Section        0  fm33a0xx_flash.o(i.FLASH_FLSRDCON_WAIT_Set)
    i.GPIO_ANASEL_PC12ANS_Set                0x00004870   Section        0  fm33a0xx_gpio.o(i.GPIO_ANASEL_PC12ANS_Set)
    i.GPIO_ANASEL_PC13ANS_Set                0x0000488c   Section        0  fm33a0xx_gpio.o(i.GPIO_ANASEL_PC13ANS_Set)
    i.GPIO_ANASEL_PC14ANS_Set                0x000048ac   Section        0  fm33a0xx_gpio.o(i.GPIO_ANASEL_PC14ANS_Set)
    i.GPIO_ANASEL_PC15ANS_Set                0x000048cc   Section        0  fm33a0xx_gpio.o(i.GPIO_ANASEL_PC15ANS_Set)
    i.GPIO_ANASEL_PE3ANS_Set                 0x000048ec   Section        0  fm33a0xx_gpio.o(i.GPIO_ANASEL_PE3ANS_Set)
    i.GPIO_ANASEL_PE4ANS_Set                 0x0000490c   Section        0  fm33a0xx_gpio.o(i.GPIO_ANASEL_PE4ANS_Set)
    i.GPIO_FOUTSEL_FOUTSEL_Set               0x0000492c   Section        0  fm33a0xx_gpio.o(i.GPIO_FOUTSEL_FOUTSEL_Set)
    i.GPIO_Get_InitPara                      0x00004948   Section        0  fm33a0xx_gpio.o(i.GPIO_Get_InitPara)
    i.GPIO_HDSEL_PE2HDEN_Setable             0x000049dc   Section        0  fm33a0xx_gpio.o(i.GPIO_HDSEL_PE2HDEN_Setable)
    i.GPIO_HDSEL_PG6HDEN_Setable             0x00004a00   Section        0  fm33a0xx_gpio.o(i.GPIO_HDSEL_PG6HDEN_Setable)
    i.GPIO_IODF_SetableEx                    0x00004a24   Section        0  fm33a0xx_gpio.o(i.GPIO_IODF_SetableEx)
    i.GPIO_Init                              0x00004a4c   Section        0  fm33a0xx_gpio.o(i.GPIO_Init)
    i.GPIO_PINWKEN_SetableEx                 0x00004ac0   Section        0  fm33a0xx_gpio.o(i.GPIO_PINWKEN_SetableEx)
    i.GPIO_ResetBits                         0x00004ae0   Section        0  fm33a0xx_gpio.o(i.GPIO_ResetBits)
    i.GPIO_SetBits                           0x00004ae4   Section        0  fm33a0xx_gpio.o(i.GPIO_SetBits)
    i.GPIO_ToggleBits                        0x00004ae8   Section        0  fm33a0xx_gpio.o(i.GPIO_ToggleBits)
    i.GPIOx_DO_Write                         0x00004af8   Section        0  fm33a0xx_gpio.o(i.GPIOx_DO_Write)
    i.IO_AnalogFunSet                        0x00004afe   Section        0  user_init.o(i.IO_AnalogFunSet)
    i.IO_DFFunSet                            0x00004b26   Section        0  user_init.o(i.IO_DFFunSet)
    i.IO_WKENFunSet                          0x00004bea   Section        0  user_init.o(i.IO_WKENFunSet)
    i.IWDT_Clr                               0x00004c30   Section        0  fm33a0xx_iwdt.o(i.IWDT_Clr)
    i.IWDT_IWDTCFG_IWDTOVP_Set               0x00004c40   Section        0  fm33a0xx_iwdt.o(i.IWDT_IWDTCFG_IWDTOVP_Set)
    i.IWDT_IWDTCFG_IWDTSLP4096S_Setable      0x00004c5c   Section        0  fm33a0xx_iwdt.o(i.IWDT_IWDTCFG_IWDTSLP4096S_Setable)
    i.IWDT_Init                              0x00004c80   Section        0  user_init.o(i.IWDT_Init)
    i.Init_IO                                0x00004ca0   Section        0  user_init.o(i.Init_IO)
    i.Init_PLL                               0x00004cbc   Section        0  user_init.o(i.Init_PLL)
    i.Init_Pad_Io                            0x00004cdc   Section        0  user_init.o(i.Init_Pad_Io)
    i.Init_RCC_PERIPH_clk                    0x00004d28   Section        0  user_init.o(i.Init_RCC_PERIPH_clk)
    i.Init_SysClk                            0x00004ec0   Section        0  user_init.o(i.Init_SysClk)
    i.Init_SysClk_Gen                        0x00004ef0   Section        0  user_init.o(i.Init_SysClk_Gen)
    i.Init_SysTick                           0x00004f20   Section        0  user_init.o(i.Init_SysTick)
    i.Init_System                            0x00004f58   Section        0  user_init.o(i.Init_System)
    i.LED0_Flash                             0x00004f9c   Section        0  user_init.o(i.LED0_Flash)
    i.NVIC_SetPriority                       0x00004fd4   Section        0  user_init.o(i.NVIC_SetPriority)
    NVIC_SetPriority                         0x00004fd5   Thumb Code   110  user_init.o(i.NVIC_SetPriority)
    i.OutputIO                               0x0000504c   Section        0  user_init.o(i.OutputIO)
    i.RCC_Init_RCHF_Trim                     0x000050c0   Section        0  fm33a0xx_rcc.o(i.RCC_Init_RCHF_Trim)
    i.RCC_MPRIL_MPRIL_Set                    0x00005118   Section        0  fm33a0xx_rcc.o(i.RCC_MPRIL_MPRIL_Set)
    i.RCC_PERCLK_SetableEx                   0x00005134   Section        0  fm33a0xx_rcc.o(i.RCC_PERCLK_SetableEx)
    i.RCC_PLLCON_PLLDB_Set                   0x0000519c   Section        0  fm33a0xx_rcc.o(i.RCC_PLLCON_PLLDB_Set)
    i.RCC_PLLCON_PLLEN_Setable               0x000051bc   Section        0  fm33a0xx_rcc.o(i.RCC_PLLCON_PLLEN_Setable)
    i.RCC_PLLCON_PLLINSEL_Set                0x000051e0   Section        0  fm33a0xx_rcc.o(i.RCC_PLLCON_PLLINSEL_Set)
    i.RCC_PLLCON_PLLOSEL_Set                 0x00005200   Section        0  fm33a0xx_rcc.o(i.RCC_PLLCON_PLLOSEL_Set)
    i.RCC_PLLDB_WriteEx                      0x00005220   Section        0  fm33a0xx_rcc.o(i.RCC_PLLDB_WriteEx)
    i.RCC_PLL_Init                           0x0000522c   Section        0  fm33a0xx_rcc.o(i.RCC_PLL_Init)
    i.RCC_RCHFCON_FSEL_Set                   0x0000524c   Section        0  fm33a0xx_rcc.o(i.RCC_RCHFCON_FSEL_Set)
    i.RCC_RCHFCON_RCHFEN_Setable             0x0000526c   Section        0  fm33a0xx_rcc.o(i.RCC_RCHFCON_RCHFEN_Setable)
    i.RCC_RCHFTRIM_Write                     0x00005290   Section        0  fm33a0xx_rcc.o(i.RCC_RCHFTRIM_Write)
    i.RCC_RCHF_Init                          0x000052a0   Section        0  fm33a0xx_rcc.o(i.RCC_RCHF_Init)
    i.RCC_SYSCLKSEL_AHBPRES_Set              0x000052b4   Section        0  fm33a0xx_rcc.o(i.RCC_SYSCLKSEL_AHBPRES_Set)
    i.RCC_SYSCLKSEL_APBPRES_Set              0x000052d4   Section        0  fm33a0xx_rcc.o(i.RCC_SYSCLKSEL_APBPRES_Set)
    i.RCC_SYSCLKSEL_EXTICKSEL_Set            0x000052f4   Section        0  fm33a0xx_rcc.o(i.RCC_SYSCLKSEL_EXTICKSEL_Set)
    i.RCC_SYSCLKSEL_LPM_RCLP_OFF_Setable     0x00005314   Section        0  fm33a0xx_rcc.o(i.RCC_SYSCLKSEL_LPM_RCLP_OFF_Setable)
    i.RCC_SYSCLKSEL_SLP_ENEXTI_Setable       0x00005338   Section        0  fm33a0xx_rcc.o(i.RCC_SYSCLKSEL_SLP_ENEXTI_Setable)
    i.RCC_SYSCLKSEL_SYSCLKSEL_Set            0x00005360   Section        0  fm33a0xx_rcc.o(i.RCC_SYSCLKSEL_SYSCLKSEL_Set)
    i.RCC_SysClk_Init                        0x0000537c   Section        0  fm33a0xx_rcc.o(i.RCC_SysClk_Init)
    i.SCU_Init                               0x000053a6   Section        0  user_init.o(i.SCU_Init)
    i.SCU_MCUDBGCR_DBG_BT1_STOP_Setable      0x000053ec   Section        0  fm33a0xx_scu.o(i.SCU_MCUDBGCR_DBG_BT1_STOP_Setable)
    i.SCU_MCUDBGCR_DBG_BT2_STOP_Setable      0x00005410   Section        0  fm33a0xx_scu.o(i.SCU_MCUDBGCR_DBG_BT2_STOP_Setable)
    i.SCU_MCUDBGCR_DBG_ET1_STOP_Setable      0x00005434   Section        0  fm33a0xx_scu.o(i.SCU_MCUDBGCR_DBG_ET1_STOP_Setable)
    i.SCU_MCUDBGCR_DBG_ET2_STOP_Setable      0x00005458   Section        0  fm33a0xx_scu.o(i.SCU_MCUDBGCR_DBG_ET2_STOP_Setable)
    i.SCU_MCUDBGCR_DBG_ET3_STOP_Setable      0x0000547c   Section        0  fm33a0xx_scu.o(i.SCU_MCUDBGCR_DBG_ET3_STOP_Setable)
    i.SCU_MCUDBGCR_DBG_ET4_STOP_Setable      0x000054a0   Section        0  fm33a0xx_scu.o(i.SCU_MCUDBGCR_DBG_ET4_STOP_Setable)
    i.SCU_MCUDBGCR_DBG_IWDT_STOP_Setable     0x000054c4   Section        0  fm33a0xx_scu.o(i.SCU_MCUDBGCR_DBG_IWDT_STOP_Setable)
    i.SCU_MCUDBGCR_DBG_WWDT_STOP_Setable     0x000054e8   Section        0  fm33a0xx_scu.o(i.SCU_MCUDBGCR_DBG_WWDT_STOP_Setable)
    i.SystemInit                             0x0000550c   Section        0  system_fm33a0xx.o(i.SystemInit)
    i.TicksDelay                             0x00005528   Section        0  user_init.o(i.TicksDelay)
    i.TicksDelayMs                           0x00005550   Section        0  user_init.o(i.TicksDelayMs)
    i.main                                   0x00005578   Section        0  main.o(i.main)
    .data                                    0x20000000   Section        4  system_fm33a0xx.o(.data)
    .bss                                     0x20000004   Section       96  libspace.o(.bss)
    HEAP                                     0x20000068   Section      512  startup_fm33a0xx.o(HEAP)
    Heap_Mem                                 0x20000068   Data         512  startup_fm33a0xx.o(HEAP)
    STACK                                    0x20000268   Section     4096  startup_fm33a0xx.o(STACK)
    Stack_Mem                                0x20000268   Data        4096  startup_fm33a0xx.o(STACK)
    __initial_sp                             0x20001268   Data           0  startup_fm33a0xx.o(STACK)

    Global Symbols

    Symbol Name                              Value     Ov Type        Size  Object(Section)

    BuildAttributes$$THM_ISAv3M$S$PE$A:L22$X:L11$S22$IEEE1$IW$USESV6$~STKCKD$USESV7$~SHL$OSPACE$ROPI$EBA8$UX$STANDARDLIB$REQ8$PRES8$EABIv2 0x00000000   Number         0  anon$$obj.o ABSOLUTE
    __ARM_use_no_argv                        0x00000000   Number         0  main.o ABSOLUTE
    __ARM_exceptions_init                     - Undefined Weak Reference
    __alloca_initialize                       - Undefined Weak Reference
    __arm_preinit_                            - Undefined Weak Reference
    __cpp_initialize__aeabi_                  - Undefined Weak Reference
    __cxa_finalize                            - Undefined Weak Reference
    __rt_locale                               - Undefined Weak Reference
    __sigvec_lookup                           - Undefined Weak Reference
    _atexit_init                              - Undefined Weak Reference
    _call_atexit_fns                          - Undefined Weak Reference
    _clock_init                               - Undefined Weak Reference
    _fp_trap_init                             - Undefined Weak Reference
    _fp_trap_shutdown                         - Undefined Weak Reference
    _get_lc_collate                           - Undefined Weak Reference
    _get_lc_ctype                             - Undefined Weak Reference
    _get_lc_monetary                          - Undefined Weak Reference
    _get_lc_numeric                           - Undefined Weak Reference
    _get_lc_time                              - Undefined Weak Reference
    _getenv_init                              - Undefined Weak Reference
    _handle_redirection                       - Undefined Weak Reference
    _init_alloc                               - Undefined Weak Reference
    _init_user_alloc                          - Undefined Weak Reference
    _initio                                   - Undefined Weak Reference
    _rand_init                                - Undefined Weak Reference
    _signal_finish                            - Undefined Weak Reference
    _signal_init                              - Undefined Weak Reference
    _terminate_alloc                          - Undefined Weak Reference
    _terminate_user_alloc                     - Undefined Weak Reference
    _terminateio                              - Undefined Weak Reference
    __Vectors_Size                           0x000000c0   Number         0  startup_fm33a0xx.o ABSOLUTE
    __Vectors                                0x00004000   Data           4  startup_fm33a0xx.o(RESET)
    __Vectors_End                            0x000040c0   Data           0  startup_fm33a0xx.o(RESET)
    __main                                   0x000040c1   Thumb Code     8  __main.o(!!!main)
    __scatterload                            0x000040c9   Thumb Code     0  __scatter.o(!!!scatter)
    __scatterload_rt2                        0x000040c9   Thumb Code    52  __scatter.o(!!!scatter)
    __scatterload_rt2_thumb_only             0x000040c9   Thumb Code     0  __scatter.o(!!!scatter)
    __scatterload_null                       0x000040d9   Thumb Code     0  __scatter.o(!!!scatter)
    __scatterload_copy                       0x00004105   Thumb Code    26  __scatter_copy.o(!!handler_copy)
    __scatterload_zeroinit                   0x00004121   Thumb Code    28  __scatter_zi.o(!!handler_zi)
    __rt_lib_init                            0x0000413d   Thumb Code     0  libinit.o(.ARM.Collect$$libinit$$00000000)
    __rt_lib_init_alloca_1                   0x0000413f   Thumb Code     0  libinit2.o(.ARM.Collect$$libinit$$0000002E)
    __rt_lib_init_argv_1                     0x0000413f   Thumb Code     0  libinit2.o(.ARM.Collect$$libinit$$0000002C)
    __rt_lib_init_atexit_1                   0x0000413f   Thumb Code     0  libinit2.o(.ARM.Collect$$libinit$$0000001B)
    __rt_lib_init_clock_1                    0x0000413f   Thumb Code     0  libinit2.o(.ARM.Collect$$libinit$$00000021)
    __rt_lib_init_cpp_1                      0x0000413f   Thumb Code     0  libinit2.o(.ARM.Collect$$libinit$$00000032)
    __rt_lib_init_exceptions_1               0x0000413f   Thumb Code     0  libinit2.o(.ARM.Collect$$libinit$$00000030)
    __rt_lib_init_fp_1                       0x0000413f   Thumb Code     0  libinit2.o(.ARM.Collect$$libinit$$00000002)
    __rt_lib_init_fp_trap_1                  0x0000413f   Thumb Code     0  libinit2.o(.ARM.Collect$$libinit$$0000001F)
    __rt_lib_init_getenv_1                   0x0000413f   Thumb Code     0  libinit2.o(.ARM.Collect$$libinit$$00000023)
    __rt_lib_init_heap_1                     0x0000413f   Thumb Code     0  libinit2.o(.ARM.Collect$$libinit$$0000000A)
    __rt_lib_init_lc_collate_1               0x0000413f   Thumb Code     0  libinit2.o(.ARM.Collect$$libinit$$00000011)
    __rt_lib_init_lc_ctype_1                 0x0000413f   Thumb Code     0  libinit2.o(.ARM.Collect$$libinit$$00000013)
    __rt_lib_init_lc_monetary_1              0x0000413f   Thumb Code     0  libinit2.o(.ARM.Collect$$libinit$$00000015)
    __rt_lib_init_lc_numeric_1               0x0000413f   Thumb Code     0  libinit2.o(.ARM.Collect$$libinit$$00000017)
    __rt_lib_init_lc_time_1                  0x0000413f   Thumb Code     0  libinit2.o(.ARM.Collect$$libinit$$00000019)
    __rt_lib_init_preinit_1                  0x0000413f   Thumb Code     0  libinit2.o(.ARM.Collect$$libinit$$00000004)
    __rt_lib_init_rand_1                     0x0000413f   Thumb Code     0  libinit2.o(.ARM.Collect$$libinit$$0000000E)
    __rt_lib_init_return                     0x0000413f   Thumb Code     0  libinit2.o(.ARM.Collect$$libinit$$00000033)
    __rt_lib_init_signal_1                   0x0000413f   Thumb Code     0  libinit2.o(.ARM.Collect$$libinit$$0000001D)
    __rt_lib_init_stdio_1                    0x0000413f   Thumb Code     0  libinit2.o(.ARM.Collect$$libinit$$00000025)
    __rt_lib_init_user_alloc_1               0x0000413f   Thumb Code     0  libinit2.o(.ARM.Collect$$libinit$$0000000C)
    __rt_lib_shutdown                        0x00004141   Thumb Code     0  libshutdown.o(.ARM.Collect$$libshutdown$$00000000)
    __rt_lib_shutdown_cpp_1                  0x00004143   Thumb Code     0  libshutdown2.o(.ARM.Collect$$libshutdown$$00000002)
    __rt_lib_shutdown_fp_trap_1              0x00004143   Thumb Code     0  libshutdown2.o(.ARM.Collect$$libshutdown$$00000007)
    __rt_lib_shutdown_heap_1                 0x00004143   Thumb Code     0  libshutdown2.o(.ARM.Collect$$libshutdown$$0000000F)
    __rt_lib_shutdown_return                 0x00004143   Thumb Code     0  libshutdown2.o(.ARM.Collect$$libshutdown$$00000010)
    __rt_lib_shutdown_signal_1               0x00004143   Thumb Code     0  libshutdown2.o(.ARM.Collect$$libshutdown$$0000000A)
    __rt_lib_shutdown_stdio_1                0x00004143   Thumb Code     0  libshutdown2.o(.ARM.Collect$$libshutdown$$00000004)
    __rt_lib_shutdown_user_alloc_1           0x00004143   Thumb Code     0  libshutdown2.o(.ARM.Collect$$libshutdown$$0000000C)
    __rt_entry                               0x00004145   Thumb Code     0  __rtentry.o(.ARM.Collect$$rtentry$$00000000)
    __rt_entry_presh_1                       0x00004145   Thumb Code     0  __rtentry2.o(.ARM.Collect$$rtentry$$00000002)
    __rt_entry_sh                            0x00004145   Thumb Code     0  __rtentry4.o(.ARM.Collect$$rtentry$$00000004)
    __rt_entry_li                            0x0000414b   Thumb Code     0  __rtentry2.o(.ARM.Collect$$rtentry$$0000000A)
    __rt_entry_postsh_1                      0x0000414b   Thumb Code     0  __rtentry2.o(.ARM.Collect$$rtentry$$00000009)
    __rt_entry_main                          0x0000414f   Thumb Code     0  __rtentry2.o(.ARM.Collect$$rtentry$$0000000D)
    __rt_entry_postli_1                      0x0000414f   Thumb Code     0  __rtentry2.o(.ARM.Collect$$rtentry$$0000000C)
    __rt_exit                                0x00004157   Thumb Code     0  rtexit.o(.ARM.Collect$$rtexit$$00000000)
    __rt_exit_ls                             0x00004159   Thumb Code     0  rtexit2.o(.ARM.Collect$$rtexit$$00000003)
    __rt_exit_prels_1                        0x00004159   Thumb Code     0  rtexit2.o(.ARM.Collect$$rtexit$$00000002)
    __rt_exit_exit                           0x0000415d   Thumb Code     0  rtexit2.o(.ARM.Collect$$rtexit$$00000004)
    Reset_Handler                            0x00004165   Thumb Code     8  startup_fm33a0xx.o(.text)
    NMI_Handler                              0x0000416d   Thumb Code     2  startup_fm33a0xx.o(.text)
    HardFault_Handler                        0x0000416f   Thumb Code     2  startup_fm33a0xx.o(.text)
    SVC_Handler                              0x00004171   Thumb Code     2  startup_fm33a0xx.o(.text)
    PendSV_Handler                           0x00004173   Thumb Code     2  startup_fm33a0xx.o(.text)
    SysTick_Handler                          0x00004175   Thumb Code     2  startup_fm33a0xx.o(.text)
    ADC_IRQHandler                           0x00004177   Thumb Code     0  startup_fm33a0xx.o(.text)
    AES_IRQHandler                           0x00004177   Thumb Code     0  startup_fm33a0xx.o(.text)
    BTIM1_IRQHandler                         0x00004177   Thumb Code     0  startup_fm33a0xx.o(.text)
    BTIM2_IRQHandler                         0x00004177   Thumb Code     0  startup_fm33a0xx.o(.text)
    COMP_IRQHandler                          0x00004177   Thumb Code     0  startup_fm33a0xx.o(.text)
    DMA_IRQHandler                           0x00004177   Thumb Code     0  startup_fm33a0xx.o(.text)
    ETIM1_IRQHandler                         0x00004177   Thumb Code     0  startup_fm33a0xx.o(.text)
    ETIM2_IRQHandler                         0x00004177   Thumb Code     0  startup_fm33a0xx.o(.text)
    ETIM3_IRQHandler                         0x00004177   Thumb Code     0  startup_fm33a0xx.o(.text)
    ETIM4_IRQHandler                         0x00004177   Thumb Code     0  startup_fm33a0xx.o(.text)
    FDET_IRQHandler                          0x00004177   Thumb Code     0  startup_fm33a0xx.o(.text)
    GPIO_IRQHandler                          0x00004177   Thumb Code     0  startup_fm33a0xx.o(.text)
    HSPI_IRQHandler                          0x00004177   Thumb Code     0  startup_fm33a0xx.o(.text)
    I2C_IRQHandler                           0x00004177   Thumb Code     0  startup_fm33a0xx.o(.text)
    LCD_IRQHandler                           0x00004177   Thumb Code     0  startup_fm33a0xx.o(.text)
    LPTIM_IRQHandler                         0x00004177   Thumb Code     0  startup_fm33a0xx.o(.text)
    NVMIF_IRQHandler                         0x00004177   Thumb Code     0  startup_fm33a0xx.o(.text)
    RTC_IRQHandler                           0x00004177   Thumb Code     0  startup_fm33a0xx.o(.text)
    SPI1_IRQHandler                          0x00004177   Thumb Code     0  startup_fm33a0xx.o(.text)
    SPI2_IRQHandler                          0x00004177   Thumb Code     0  startup_fm33a0xx.o(.text)
    SVD_IRQHandler                           0x00004177   Thumb Code     0  startup_fm33a0xx.o(.text)
    TRNG_IRQHandler                          0x00004177   Thumb Code     0  startup_fm33a0xx.o(.text)
    U78160_IRQHandler                        0x00004177   Thumb Code     0  startup_fm33a0xx.o(.text)
    U78161_IRQHandler                        0x00004177   Thumb Code     0  startup_fm33a0xx.o(.text)
    UART0_IRQHandler                         0x00004177   Thumb Code     0  startup_fm33a0xx.o(.text)
    UART1_IRQHandler                         0x00004177   Thumb Code     0  startup_fm33a0xx.o(.text)
    UART2_IRQHandler                         0x00004177   Thumb Code     0  startup_fm33a0xx.o(.text)
    UART3_IRQHandler                         0x00004177   Thumb Code     0  startup_fm33a0xx.o(.text)
    UART4_IRQHandler                         0x00004177   Thumb Code     0  startup_fm33a0xx.o(.text)
    UART5_IRQHandler                         0x00004177   Thumb Code     0  startup_fm33a0xx.o(.text)
    WWDT_IRQHandler                          0x00004177   Thumb Code     0  startup_fm33a0xx.o(.text)
    __user_initial_stackheap                 0x00004179   Thumb Code     0  startup_fm33a0xx.o(.text)
    __use_two_region_memory                  0x0000419d   Thumb Code     2  heapauxi.o(.text)
    __rt_heap_escrow$2region                 0x0000419f   Thumb Code     2  heapauxi.o(.text)
    __rt_heap_expand$2region                 0x000041a1   Thumb Code     2  heapauxi.o(.text)
    __user_setup_stackheap                   0x000041a3   Thumb Code    62  sys_stackheap_outer.o(.text)
    exit                                     0x000041e1   Thumb Code    16  exit.o(.text)
    __user_libspace                          0x000041f1   Thumb Code     8  libspace.o(.text)
    __user_perproc_libspace                  0x000041f1   Thumb Code     0  libspace.o(.text)
    __user_perthread_libspace                0x000041f1   Thumb Code     0  libspace.o(.text)
    _sys_exit                                0x000041f9   Thumb Code     8  sys_exit.o(.text)
    __I$use$semihosting                      0x00004205   Thumb Code     0  use_no_semi.o(.text)
    __use_no_semihosting_swi                 0x00004205   Thumb Code     2  use_no_semi.o(.text)
    __semihosting_library_function           0x00004207   Thumb Code     0  indicate_semi.o(.text)
    ANAC_BORCON_OFF_BOR_Setable              0x00004209   Thumb Code    32  fm33a0xx_anac.o(i.ANAC_BORCON_OFF_BOR_Setable)
    ANAC_PDRCON_PDREN_Setable                0x0000422d   Thumb Code    32  fm33a0xx_anac.o(i.ANAC_PDRCON_PDREN_Setable)
    AltFunIO                                 0x00004251   Thumb Code   166  user_init.o(i.AltFunIO)
    CheckSysReg                              0x000042f7   Thumb Code    18  user_init.o(i.CheckSysReg)
    Close_AllIOEXTI                          0x00004309   Thumb Code    32  user_init.o(i.Close_AllIOEXTI)
    Close_AllIO_GPIO_80pin                   0x00004331   Thumb Code   792  user_init.o(i.Close_AllIO_GPIO_80pin)
    Close_None_GPIO_80pin                    0x0000464d   Thumb Code   450  user_init.o(i.Close_None_GPIO_80pin)
    CloseeIO                                 0x00004815   Thumb Code    64  user_init.o(i.CloseeIO)
    FLASH_FLSRDCON_WAIT_Set                  0x00004855   Thumb Code    22  fm33a0xx_flash.o(i.FLASH_FLSRDCON_WAIT_Set)
    GPIO_ANASEL_PC12ANS_Set                  0x00004871   Thumb Code    22  fm33a0xx_gpio.o(i.GPIO_ANASEL_PC12ANS_Set)
    GPIO_ANASEL_PC13ANS_Set                  0x0000488d   Thumb Code    26  fm33a0xx_gpio.o(i.GPIO_ANASEL_PC13ANS_Set)
    GPIO_ANASEL_PC14ANS_Set                  0x000048ad   Thumb Code    26  fm33a0xx_gpio.o(i.GPIO_ANASEL_PC14ANS_Set)
    GPIO_ANASEL_PC15ANS_Set                  0x000048cd   Thumb Code    26  fm33a0xx_gpio.o(i.GPIO_ANASEL_PC15ANS_Set)
    GPIO_ANASEL_PE3ANS_Set                   0x000048ed   Thumb Code    26  fm33a0xx_gpio.o(i.GPIO_ANASEL_PE3ANS_Set)
    GPIO_ANASEL_PE4ANS_Set                   0x0000490d   Thumb Code    26  fm33a0xx_gpio.o(i.GPIO_ANASEL_PE4ANS_Set)
    GPIO_FOUTSEL_FOUTSEL_Set                 0x0000492d   Thumb Code    22  fm33a0xx_gpio.o(i.GPIO_FOUTSEL_FOUTSEL_Set)
    GPIO_Get_InitPara                        0x00004949   Thumb Code   148  fm33a0xx_gpio.o(i.GPIO_Get_InitPara)
    GPIO_HDSEL_PE2HDEN_Setable               0x000049dd   Thumb Code    32  fm33a0xx_gpio.o(i.GPIO_HDSEL_PE2HDEN_Setable)
    GPIO_HDSEL_PG6HDEN_Setable               0x00004a01   Thumb Code    32  fm33a0xx_gpio.o(i.GPIO_HDSEL_PG6HDEN_Setable)
    GPIO_IODF_SetableEx                      0x00004a25   Thumb Code    36  fm33a0xx_gpio.o(i.GPIO_IODF_SetableEx)
    GPIO_Init                                0x00004a4d   Thumb Code   114  fm33a0xx_gpio.o(i.GPIO_Init)
    GPIO_PINWKEN_SetableEx                   0x00004ac1   Thumb Code    28  fm33a0xx_gpio.o(i.GPIO_PINWKEN_SetableEx)
    GPIO_ResetBits                           0x00004ae1   Thumb Code     4  fm33a0xx_gpio.o(i.GPIO_ResetBits)
    GPIO_SetBits                             0x00004ae5   Thumb Code     4  fm33a0xx_gpio.o(i.GPIO_SetBits)
    GPIO_ToggleBits                          0x00004ae9   Thumb Code    16  fm33a0xx_gpio.o(i.GPIO_ToggleBits)
    GPIOx_DO_Write                           0x00004af9   Thumb Code     6  fm33a0xx_gpio.o(i.GPIOx_DO_Write)
    IO_AnalogFunSet                          0x00004aff   Thumb Code    40  user_init.o(i.IO_AnalogFunSet)
    IO_DFFunSet                              0x00004b27   Thumb Code   196  user_init.o(i.IO_DFFunSet)
    IO_WKENFunSet                            0x00004beb   Thumb Code    68  user_init.o(i.IO_WKENFunSet)
    IWDT_Clr                                 0x00004c31   Thumb Code     8  fm33a0xx_iwdt.o(i.IWDT_Clr)
    IWDT_IWDTCFG_IWDTOVP_Set                 0x00004c41   Thumb Code    22  fm33a0xx_iwdt.o(i.IWDT_IWDTCFG_IWDTOVP_Set)
    IWDT_IWDTCFG_IWDTSLP4096S_Setable        0x00004c5d   Thumb Code    32  fm33a0xx_iwdt.o(i.IWDT_IWDTCFG_IWDTSLP4096S_Setable)
    IWDT_Init                                0x00004c81   Thumb Code    28  user_init.o(i.IWDT_Init)
    Init_IO                                  0x00004ca1   Thumb Code    22  user_init.o(i.Init_IO)
    Init_PLL                                 0x00004cbd   Thumb Code    32  user_init.o(i.Init_PLL)
    Init_Pad_Io                              0x00004cdd   Thumb Code    72  user_init.o(i.Init_Pad_Io)
    Init_RCC_PERIPH_clk                      0x00004d29   Thumb Code   390  user_init.o(i.Init_RCC_PERIPH_clk)
    Init_SysClk                              0x00004ec1   Thumb Code    48  user_init.o(i.Init_SysClk)
    Init_SysClk_Gen                          0x00004ef1   Thumb Code    46  user_init.o(i.Init_SysClk_Gen)
    Init_SysTick                             0x00004f21   Thumb Code    50  user_init.o(i.Init_SysTick)
    Init_System                              0x00004f59   Thumb Code    68  user_init.o(i.Init_System)
    LED0_Flash                               0x00004f9d   Thumb Code    50  user_init.o(i.LED0_Flash)
    OutputIO                                 0x0000504d   Thumb Code   114  user_init.o(i.OutputIO)
    RCC_Init_RCHF_Trim                       0x000050c1   Thumb Code    82  fm33a0xx_rcc.o(i.RCC_Init_RCHF_Trim)
    RCC_MPRIL_MPRIL_Set                      0x00005119   Thumb Code    22  fm33a0xx_rcc.o(i.RCC_MPRIL_MPRIL_Set)
    RCC_PERCLK_SetableEx                     0x00005135   Thumb Code   100  fm33a0xx_rcc.o(i.RCC_PERCLK_SetableEx)
    RCC_PLLCON_PLLDB_Set                     0x0000519d   Thumb Code    22  fm33a0xx_rcc.o(i.RCC_PLLCON_PLLDB_Set)
    RCC_PLLCON_PLLEN_Setable                 0x000051bd   Thumb Code    32  fm33a0xx_rcc.o(i.RCC_PLLCON_PLLEN_Setable)
    RCC_PLLCON_PLLINSEL_Set                  0x000051e1   Thumb Code    26  fm33a0xx_rcc.o(i.RCC_PLLCON_PLLINSEL_Set)
    RCC_PLLCON_PLLOSEL_Set                   0x00005201   Thumb Code    26  fm33a0xx_rcc.o(i.RCC_PLLCON_PLLOSEL_Set)
    RCC_PLLDB_WriteEx                        0x00005221   Thumb Code    12  fm33a0xx_rcc.o(i.RCC_PLLDB_WriteEx)
    RCC_PLL_Init                             0x0000522d   Thumb Code    30  fm33a0xx_rcc.o(i.RCC_PLL_Init)
    RCC_RCHFCON_FSEL_Set                     0x0000524d   Thumb Code    28  fm33a0xx_rcc.o(i.RCC_RCHFCON_FSEL_Set)
    RCC_RCHFCON_RCHFEN_Setable               0x0000526d   Thumb Code    32  fm33a0xx_rcc.o(i.RCC_RCHFCON_RCHFEN_Setable)
    RCC_RCHFTRIM_Write                       0x00005291   Thumb Code    10  fm33a0xx_rcc.o(i.RCC_RCHFTRIM_Write)
    RCC_RCHF_Init                            0x000052a1   Thumb Code    18  fm33a0xx_rcc.o(i.RCC_RCHF_Init)
    RCC_SYSCLKSEL_AHBPRES_Set                0x000052b5   Thumb Code    28  fm33a0xx_rcc.o(i.RCC_SYSCLKSEL_AHBPRES_Set)
    RCC_SYSCLKSEL_APBPRES_Set                0x000052d5   Thumb Code    28  fm33a0xx_rcc.o(i.RCC_SYSCLKSEL_APBPRES_Set)
    RCC_SYSCLKSEL_EXTICKSEL_Set              0x000052f5   Thumb Code    26  fm33a0xx_rcc.o(i.RCC_SYSCLKSEL_EXTICKSEL_Set)
    RCC_SYSCLKSEL_LPM_RCLP_OFF_Setable       0x00005315   Thumb Code    32  fm33a0xx_rcc.o(i.RCC_SYSCLKSEL_LPM_RCLP_OFF_Setable)
    RCC_SYSCLKSEL_SLP_ENEXTI_Setable         0x00005339   Thumb Code    34  fm33a0xx_rcc.o(i.RCC_SYSCLKSEL_SLP_ENEXTI_Setable)
    RCC_SYSCLKSEL_SYSCLKSEL_Set              0x00005361   Thumb Code    22  fm33a0xx_rcc.o(i.RCC_SYSCLKSEL_SYSCLKSEL_Set)
    RCC_SysClk_Init                          0x0000537d   Thumb Code    42  fm33a0xx_rcc.o(i.RCC_SysClk_Init)
    SCU_Init                                 0x000053a7   Thumb Code    70  user_init.o(i.SCU_Init)
    SCU_MCUDBGCR_DBG_BT1_STOP_Setable        0x000053ed   Thumb Code    36  fm33a0xx_scu.o(i.SCU_MCUDBGCR_DBG_BT1_STOP_Setable)
    SCU_MCUDBGCR_DBG_BT2_STOP_Setable        0x00005411   Thumb Code    36  fm33a0xx_scu.o(i.SCU_MCUDBGCR_DBG_BT2_STOP_Setable)
    SCU_MCUDBGCR_DBG_ET1_STOP_Setable        0x00005435   Thumb Code    36  fm33a0xx_scu.o(i.SCU_MCUDBGCR_DBG_ET1_STOP_Setable)
    SCU_MCUDBGCR_DBG_ET2_STOP_Setable        0x00005459   Thumb Code    36  fm33a0xx_scu.o(i.SCU_MCUDBGCR_DBG_ET2_STOP_Setable)
    SCU_MCUDBGCR_DBG_ET3_STOP_Setable        0x0000547d   Thumb Code    36  fm33a0xx_scu.o(i.SCU_MCUDBGCR_DBG_ET3_STOP_Setable)
    SCU_MCUDBGCR_DBG_ET4_STOP_Setable        0x000054a1   Thumb Code    36  fm33a0xx_scu.o(i.SCU_MCUDBGCR_DBG_ET4_STOP_Setable)
    SCU_MCUDBGCR_DBG_IWDT_STOP_Setable       0x000054c5   Thumb Code    36  fm33a0xx_scu.o(i.SCU_MCUDBGCR_DBG_IWDT_STOP_Setable)
    SCU_MCUDBGCR_DBG_WWDT_STOP_Setable       0x000054e9   Thumb Code    34  fm33a0xx_scu.o(i.SCU_MCUDBGCR_DBG_WWDT_STOP_Setable)
    SystemInit                               0x0000550d   Thumb Code    16  system_fm33a0xx.o(i.SystemInit)
    TicksDelay                               0x00005529   Thumb Code    34  user_init.o(i.TicksDelay)
    TicksDelayMs                             0x00005551   Thumb Code    40  user_init.o(i.TicksDelayMs)
    main                                     0x00005579   Thumb Code    28  main.o(i.main)
    Region$$Table$$Base                      0x00005598   Number         0  anon$$obj.o(Region$$Table)
    Region$$Table$$Limit                     0x000055b8   Number         0  anon$$obj.o(Region$$Table)
    SystemCoreClock                          0x20000000   Data           4  system_fm33a0xx.o(.data)
    __libspace_start                         0x20000004   Data          96  libspace.o(.bss)
    __temporary_stack_top$libspace           0x20000064   Data           0  libspace.o(.bss)



==============================================================================

Memory Map of the image

  Image Entry point : 0x000040c1

  Load Region LR_IROM1 (Base: 0x00004000, Size: 0x000015bc, Max: 0x0003c000, ABSOLUTE)

    Execution Region ER_IROM1 (Base: 0x00004000, Size: 0x000015b8, Max: 0x0003c000, ABSOLUTE)

    Base Addr    Size         Type   Attr      Idx    E Section Name        Object

    0x00004000   0x000000c0   Data   RO         6537    RESET               startup_fm33a0xx.o
    0x000040c0   0x00000008   Code   RO         6582  * !!!main             c_p.l(__main.o)
    0x000040c8   0x0000003c   Code   RO         6792    !!!scatter          c_p.l(__scatter.o)
    0x00004104   0x0000001a   Code   RO         6794    !!handler_copy      c_p.l(__scatter_copy.o)
    0x0000411e   0x00000002   PAD
    0x00004120   0x0000001c   Code   RO         6796    !!handler_zi        c_p.l(__scatter_zi.o)
    0x0000413c   0x00000002   Code   RO         6659    .ARM.Collect$$libinit$$00000000  c_p.l(libinit.o)
    0x0000413e   0x00000000   Code   RO         6675    .ARM.Collect$$libinit$$00000002  c_p.l(libinit2.o)
    0x0000413e   0x00000000   Code   RO         6677    .ARM.Collect$$libinit$$00000004  c_p.l(libinit2.o)
    0x0000413e   0x00000000   Code   RO         6680    .ARM.Collect$$libinit$$0000000A  c_p.l(libinit2.o)
    0x0000413e   0x00000000   Code   RO         6682    .ARM.Collect$$libinit$$0000000C  c_p.l(libinit2.o)
    0x0000413e   0x00000000   Code   RO         6684    .ARM.Collect$$libinit$$0000000E  c_p.l(libinit2.o)
    0x0000413e   0x00000000   Code   RO         6687    .ARM.Collect$$libinit$$00000011  c_p.l(libinit2.o)
    0x0000413e   0x00000000   Code   RO         6689    .ARM.Collect$$libinit$$00000013  c_p.l(libinit2.o)
    0x0000413e   0x00000000   Code   RO         6691    .ARM.Collect$$libinit$$00000015  c_p.l(libinit2.o)
    0x0000413e   0x00000000   Code   RO         6693    .ARM.Collect$$libinit$$00000017  c_p.l(libinit2.o)
    0x0000413e   0x00000000   Code   RO         6695    .ARM.Collect$$libinit$$00000019  c_p.l(libinit2.o)
    0x0000413e   0x00000000   Code   RO         6697    .ARM.Collect$$libinit$$0000001B  c_p.l(libinit2.o)
    0x0000413e   0x00000000   Code   RO         6699    .ARM.Collect$$libinit$$0000001D  c_p.l(libinit2.o)
    0x0000413e   0x00000000   Code   RO         6701    .ARM.Collect$$libinit$$0000001F  c_p.l(libinit2.o)
    0x0000413e   0x00000000   Code   RO         6703    .ARM.Collect$$libinit$$00000021  c_p.l(libinit2.o)
    0x0000413e   0x00000000   Code   RO         6705    .ARM.Collect$$libinit$$00000023  c_p.l(libinit2.o)
    0x0000413e   0x00000000   Code   RO         6707    .ARM.Collect$$libinit$$00000025  c_p.l(libinit2.o)
    0x0000413e   0x00000000   Code   RO         6711    .ARM.Collect$$libinit$$0000002C  c_p.l(libinit2.o)
    0x0000413e   0x00000000   Code   RO         6713    .ARM.Collect$$libinit$$0000002E  c_p.l(libinit2.o)
    0x0000413e   0x00000000   Code   RO         6715    .ARM.Collect$$libinit$$00000030  c_p.l(libinit2.o)
    0x0000413e   0x00000000   Code   RO         6717    .ARM.Collect$$libinit$$00000032  c_p.l(libinit2.o)
    0x0000413e   0x00000002   Code   RO         6718    .ARM.Collect$$libinit$$00000033  c_p.l(libinit2.o)
    0x00004140   0x00000002   Code   RO         6749    .ARM.Collect$$libshutdown$$00000000  c_p.l(libshutdown.o)
    0x00004142   0x00000000   Code   RO         6775    .ARM.Collect$$libshutdown$$00000002  c_p.l(libshutdown2.o)
    0x00004142   0x00000000   Code   RO         6777    .ARM.Collect$$libshutdown$$00000004  c_p.l(libshutdown2.o)
    0x00004142   0x00000000   Code   RO         6780    .ARM.Collect$$libshutdown$$00000007  c_p.l(libshutdown2.o)
    0x00004142   0x00000000   Code   RO         6783    .ARM.Collect$$libshutdown$$0000000A  c_p.l(libshutdown2.o)
    0x00004142   0x00000000   Code   RO         6785    .ARM.Collect$$libshutdown$$0000000C  c_p.l(libshutdown2.o)
    0x00004142   0x00000000   Code   RO         6788    .ARM.Collect$$libshutdown$$0000000F  c_p.l(libshutdown2.o)
    0x00004142   0x00000002   Code   RO         6789    .ARM.Collect$$libshutdown$$00000010  c_p.l(libshutdown2.o)
    0x00004144   0x00000000   Code   RO         6616    .ARM.Collect$$rtentry$$00000000  c_p.l(__rtentry.o)
    0x00004144   0x00000000   Code   RO         6625    .ARM.Collect$$rtentry$$00000002  c_p.l(__rtentry2.o)
    0x00004144   0x00000006   Code   RO         6637    .ARM.Collect$$rtentry$$00000004  c_p.l(__rtentry4.o)
    0x0000414a   0x00000000   Code   RO         6627    .ARM.Collect$$rtentry$$00000009  c_p.l(__rtentry2.o)
    0x0000414a   0x00000004   Code   RO         6628    .ARM.Collect$$rtentry$$0000000A  c_p.l(__rtentry2.o)
    0x0000414e   0x00000000   Code   RO         6630    .ARM.Collect$$rtentry$$0000000C  c_p.l(__rtentry2.o)
    0x0000414e   0x00000008   Code   RO         6631    .ARM.Collect$$rtentry$$0000000D  c_p.l(__rtentry2.o)
    0x00004156   0x00000002   Code   RO         6666    .ARM.Collect$$rtexit$$00000000  c_p.l(rtexit.o)
    0x00004158   0x00000000   Code   RO         6722    .ARM.Collect$$rtexit$$00000002  c_p.l(rtexit2.o)
    0x00004158   0x00000004   Code   RO         6723    .ARM.Collect$$rtexit$$00000003  c_p.l(rtexit2.o)
    0x0000415c   0x00000006   Code   RO         6724    .ARM.Collect$$rtexit$$00000004  c_p.l(rtexit2.o)
    0x00004162   0x00000002   PAD
    0x00004164   0x00000038   Code   RO         6538    .text               startup_fm33a0xx.o
    0x0000419c   0x00000006   Code   RO         6580    .text               c_p.l(heapauxi.o)
    0x000041a2   0x0000003e   Code   RO         6645    .text               c_p.l(sys_stackheap_outer.o)
    0x000041e0   0x00000010   Code   RO         6648    .text               c_p.l(exit.o)
    0x000041f0   0x00000008   Code   RO         6662    .text               c_p.l(libspace.o)
    0x000041f8   0x0000000c   Code   RO         6719    .text               c_p.l(sys_exit.o)
    0x00004204   0x00000002   Code   RO         6738    .text               c_p.l(use_no_semi.o)
    0x00004206   0x00000000   Code   RO         6740    .text               c_p.l(indicate_semi.o)
    0x00004206   0x00000002   PAD
    0x00004208   0x00000024   Code   RO          341    i.ANAC_BORCON_OFF_BOR_Setable  fm33a0xx_anac.o
    0x0000422c   0x00000024   Code   RO          386    i.ANAC_PDRCON_PDREN_Setable  fm33a0xx_anac.o
    0x00004250   0x000000a6   Code   RO          133    i.AltFunIO          user_init.o
    0x000042f6   0x00000012   Code   RO          136    i.CheckSysReg       user_init.o
    0x00004308   0x00000028   Code   RO          137    i.Close_AllIOEXTI   user_init.o
    0x00004330   0x0000031c   Code   RO          138    i.Close_AllIO_GPIO_80pin  user_init.o
    0x0000464c   0x000001c8   Code   RO          139    i.Close_None_GPIO_80pin  user_init.o
    0x00004814   0x00000040   Code   RO          140    i.CloseeIO          user_init.o
    0x00004854   0x0000001c   Code   RO         1539    i.FLASH_FLSRDCON_WAIT_Set  fm33a0xx_flash.o
    0x00004870   0x0000001c   Code   RO         1767    i.GPIO_ANASEL_PC12ANS_Set  fm33a0xx_gpio.o
    0x0000488c   0x00000020   Code   RO         1769    i.GPIO_ANASEL_PC13ANS_Set  fm33a0xx_gpio.o
    0x000048ac   0x00000020   Code   RO         1771    i.GPIO_ANASEL_PC14ANS_Set  fm33a0xx_gpio.o
    0x000048cc   0x00000020   Code   RO         1773    i.GPIO_ANASEL_PC15ANS_Set  fm33a0xx_gpio.o
    0x000048ec   0x00000020   Code   RO         1775    i.GPIO_ANASEL_PE3ANS_Set  fm33a0xx_gpio.o
    0x0000490c   0x00000020   Code   RO         1777    i.GPIO_ANASEL_PE4ANS_Set  fm33a0xx_gpio.o
    0x0000492c   0x0000001c   Code   RO         1786    i.GPIO_FOUTSEL_FOUTSEL_Set  fm33a0xx_gpio.o
    0x00004948   0x00000094   Code   RO         1787    i.GPIO_Get_InitPara  fm33a0xx_gpio.o
    0x000049dc   0x00000024   Code   RO         1789    i.GPIO_HDSEL_PE2HDEN_Setable  fm33a0xx_gpio.o
    0x00004a00   0x00000024   Code   RO         1791    i.GPIO_HDSEL_PG6HDEN_Setable  fm33a0xx_gpio.o
    0x00004a24   0x00000028   Code   RO         1792    i.GPIO_IODF_SetableEx  fm33a0xx_gpio.o
    0x00004a4c   0x00000072   Code   RO         1793    i.GPIO_Init         fm33a0xx_gpio.o
    0x00004abe   0x00000002   PAD
    0x00004ac0   0x00000020   Code   RO         1794    i.GPIO_PINWKEN_SetableEx  fm33a0xx_gpio.o
    0x00004ae0   0x00000004   Code   RO         1799    i.GPIO_ResetBits    fm33a0xx_gpio.o
    0x00004ae4   0x00000004   Code   RO         1800    i.GPIO_SetBits      fm33a0xx_gpio.o
    0x00004ae8   0x00000010   Code   RO         1801    i.GPIO_ToggleBits   fm33a0xx_gpio.o
    0x00004af8   0x00000006   Code   RO         1804    i.GPIOx_DO_Write    fm33a0xx_gpio.o
    0x00004afe   0x00000028   Code   RO          141    i.IO_AnalogFunSet   user_init.o
    0x00004b26   0x000000c4   Code   RO          142    i.IO_DFFunSet       user_init.o
    0x00004bea   0x00000044   Code   RO          143    i.IO_WKENFunSet     user_init.o
    0x00004c2e   0x00000002   PAD
    0x00004c30   0x00000010   Code   RO         2677    i.IWDT_Clr          fm33a0xx_iwdt.o
    0x00004c40   0x0000001c   Code   RO         2680    i.IWDT_IWDTCFG_IWDTOVP_Set  fm33a0xx_iwdt.o
    0x00004c5c   0x00000024   Code   RO         2682    i.IWDT_IWDTCFG_IWDTSLP4096S_Setable  fm33a0xx_iwdt.o
    0x00004c80   0x00000020   Code   RO          144    i.IWDT_Init         user_init.o
    0x00004ca0   0x0000001c   Code   RO          145    i.Init_IO           user_init.o
    0x00004cbc   0x00000020   Code   RO          146    i.Init_PLL          user_init.o
    0x00004cdc   0x0000004c   Code   RO          147    i.Init_Pad_Io       user_init.o
    0x00004d28   0x00000198   Code   RO          148    i.Init_RCC_PERIPH_clk  user_init.o
    0x00004ec0   0x00000030   Code   RO          149    i.Init_SysClk       user_init.o
    0x00004ef0   0x0000002e   Code   RO          150    i.Init_SysClk_Gen   user_init.o
    0x00004f1e   0x00000002   PAD
    0x00004f20   0x00000038   Code   RO          151    i.Init_SysTick      user_init.o
    0x00004f58   0x00000044   Code   RO          152    i.Init_System       user_init.o
    0x00004f9c   0x00000038   Code   RO          154    i.LED0_Flash        user_init.o
    0x00004fd4   0x00000078   Code   RO          155    i.NVIC_SetPriority  user_init.o
    0x0000504c   0x00000072   Code   RO          156    i.OutputIO          user_init.o
    0x000050be   0x00000002   PAD
    0x000050c0   0x00000058   Code   RO         3596    i.RCC_Init_RCHF_Trim  fm33a0xx_rcc.o
    0x00005118   0x0000001c   Code   RO         3598    i.RCC_MPRIL_MPRIL_Set  fm33a0xx_rcc.o
    0x00005134   0x00000068   Code   RO         3601    i.RCC_PERCLK_SetableEx  fm33a0xx_rcc.o
    0x0000519c   0x00000020   Code   RO         3603    i.RCC_PLLCON_PLLDB_Set  fm33a0xx_rcc.o
    0x000051bc   0x00000024   Code   RO         3605    i.RCC_PLLCON_PLLEN_Setable  fm33a0xx_rcc.o
    0x000051e0   0x00000020   Code   RO         3607    i.RCC_PLLCON_PLLINSEL_Set  fm33a0xx_rcc.o
    0x00005200   0x00000020   Code   RO         3609    i.RCC_PLLCON_PLLOSEL_Set  fm33a0xx_rcc.o
    0x00005220   0x0000000c   Code   RO         3611    i.RCC_PLLDB_WriteEx  fm33a0xx_rcc.o
    0x0000522c   0x0000001e   Code   RO         3612    i.RCC_PLL_Init      fm33a0xx_rcc.o
    0x0000524a   0x00000002   PAD
    0x0000524c   0x00000020   Code   RO         3614    i.RCC_RCHFCON_FSEL_Set  fm33a0xx_rcc.o
    0x0000526c   0x00000024   Code   RO         3616    i.RCC_RCHFCON_RCHFEN_Setable  fm33a0xx_rcc.o
    0x00005290   0x00000010   Code   RO         3618    i.RCC_RCHFTRIM_Write  fm33a0xx_rcc.o
    0x000052a0   0x00000012   Code   RO         3619    i.RCC_RCHF_Init     fm33a0xx_rcc.o
    0x000052b2   0x00000002   PAD
    0x000052b4   0x00000020   Code   RO         3624    i.RCC_SYSCLKSEL_AHBPRES_Set  fm33a0xx_rcc.o
    0x000052d4   0x00000020   Code   RO         3626    i.RCC_SYSCLKSEL_APBPRES_Set  fm33a0xx_rcc.o
    0x000052f4   0x00000020   Code   RO         3628    i.RCC_SYSCLKSEL_EXTICKSEL_Set  fm33a0xx_rcc.o
    0x00005314   0x00000024   Code   RO         3630    i.RCC_SYSCLKSEL_LPM_RCLP_OFF_Setable  fm33a0xx_rcc.o
    0x00005338   0x00000028   Code   RO         3632    i.RCC_SYSCLKSEL_SLP_ENEXTI_Setable  fm33a0xx_rcc.o
    0x00005360   0x0000001c   Code   RO         3634    i.RCC_SYSCLKSEL_SYSCLKSEL_Set  fm33a0xx_rcc.o
    0x0000537c   0x0000002a   Code   RO         3635    i.RCC_SysClk_Init   fm33a0xx_rcc.o
    0x000053a6   0x00000046   Code   RO          157    i.SCU_Init          user_init.o
    0x000053ec   0x00000024   Code   RO         4226    i.SCU_MCUDBGCR_DBG_BT1_STOP_Setable  fm33a0xx_scu.o
    0x00005410   0x00000024   Code   RO         4228    i.SCU_MCUDBGCR_DBG_BT2_STOP_Setable  fm33a0xx_scu.o
    0x00005434   0x00000024   Code   RO         4230    i.SCU_MCUDBGCR_DBG_ET1_STOP_Setable  fm33a0xx_scu.o
    0x00005458   0x00000024   Code   RO         4232    i.SCU_MCUDBGCR_DBG_ET2_STOP_Setable  fm33a0xx_scu.o
    0x0000547c   0x00000024   Code   RO         4234    i.SCU_MCUDBGCR_DBG_ET3_STOP_Setable  fm33a0xx_scu.o
    0x000054a0   0x00000024   Code   RO         4236    i.SCU_MCUDBGCR_DBG_ET4_STOP_Setable  fm33a0xx_scu.o
    0x000054c4   0x00000024   Code   RO         4238    i.SCU_MCUDBGCR_DBG_IWDT_STOP_Setable  fm33a0xx_scu.o
    0x000054e8   0x00000022   Code   RO         4240    i.SCU_MCUDBGCR_DBG_WWDT_STOP_Setable  fm33a0xx_scu.o
    0x0000550a   0x00000002   PAD
    0x0000550c   0x0000001c   Code   RO         6545    i.SystemInit        system_fm33a0xx.o
    0x00005528   0x00000028   Code   RO          158    i.TicksDelay        user_init.o
    0x00005550   0x00000028   Code   RO          159    i.TicksDelayMs      user_init.o
    0x00005578   0x00000020   Code   RO            3    i.main              main.o
    0x00005598   0x00000020   Data   RO         6790    Region$$Table       anon$$obj.o


    Execution Region RW_IRAM1 (Base: 0x20000000, Size: 0x00001268, Max: 0x00008000, ABSOLUTE)

    Base Addr    Size         Type   Attr      Idx    E Section Name        Object

    0x20000000   0x00000004   Data   RW         6546    .data               system_fm33a0xx.o
    0x20000004   0x00000060   Zero   RW         6663    .bss                c_p.l(libspace.o)
    0x20000064   0x00000004   PAD
    0x20000068   0x00000200   Zero   RW         6536    HEAP                startup_fm33a0xx.o
    0x20000268   0x00001000   Zero   RW         6535    STACK               startup_fm33a0xx.o


==============================================================================

Image component sizes


      Code (inc. data)   RO Data    RW Data    ZI Data      Debug   Object Name

        72          8          0          0          0       1078   fm33a0xx_anac.o
        28          6          0          0          0        566   fm33a0xx_flash.o
       652         58          0          0          0      10337   fm33a0xx_gpio.o
        80         18          0          0          0       1578   fm33a0xx_iwdt.o
       738         86          0          0          0      11729   fm33a0xx_rcc.o
       286          0          0          0          0       4426   fm33a0xx_scu.o
        32          4          0          0          0      33395   main.o
        56         26        192          0       4608        664   startup_fm33a0xx.o
        28         12          0          4          0        779   system_fm33a0xx.o
      3078         78          0          0          0      22864   user_init.o

    ----------------------------------------------------------------------
      5064        296        224          4       4608      87416   Object Totals
         0          0         32          0          0          0   (incl. Generated)
        14          0          0          0          0          0   (incl. Padding)

    ----------------------------------------------------------------------

      Code (inc. data)   RO Data    RW Data    ZI Data      Debug   Library Member Name

         8          0          0          0          0         68   __main.o
         0          0          0          0          0          0   __rtentry.o
        12          0          0          0          0          0   __rtentry2.o
         6          0          0          0          0          0   __rtentry4.o
        60          8          0          0          0          0   __scatter.o
        26          0          0          0          0          0   __scatter_copy.o
        28          0          0          0          0          0   __scatter_zi.o
        16          0          0          0          0         68   exit.o
         6          0          0          0          0        136   heapauxi.o
         0          0          0          0          0          0   indicate_semi.o
         2          0          0          0          0          0   libinit.o
         2          0          0          0          0          0   libinit2.o
         2          0          0          0          0          0   libshutdown.o
         2          0          0          0          0          0   libshutdown2.o
         8          4          0          0         96         68   libspace.o
         2          0          0          0          0          0   rtexit.o
        10          0          0          0          0          0   rtexit2.o
        12          4          0          0          0         60   sys_exit.o
        62          0          0          0          0         80   sys_stackheap_outer.o
         2          0          0          0          0         68   use_no_semi.o

    ----------------------------------------------------------------------
       272         16          0          0        100        548   Library Totals
         6          0          0          0          4          0   (incl. Padding)

    ----------------------------------------------------------------------

      Code (inc. data)   RO Data    RW Data    ZI Data      Debug   Library Name

       266         16          0          0         96        548   c_p.l

    ----------------------------------------------------------------------
       272         16          0          0        100        548   Library Totals

    ----------------------------------------------------------------------

==============================================================================


      Code (inc. data)   RO Data    RW Data    ZI Data      Debug   

      5336        312        224          4       4708      84572   Grand Totals
      5336        312        224          4       4708      84572   ELF Image Totals
      5336        312        224          4          0          0   ROM Totals

==============================================================================

    Total RO  Size (Code + RO Data)                 5560 (   5.43kB)
    Total RW  Size (RW Data + ZI Data)              4712 (   4.60kB)
    Total ROM Size (Code + RO Data + RW Data)       5564 (   5.43kB)

==============================================================================

